Link map of __startup
  1] __startup (func,global) found in MPC5604B_Startup_c.obj 
   2] __start (func,global) found in librt_E200z0_VLE_Soft.a D:\w\EPPC\workspace_codegen\ewl\EWL_Runtime\Runtime_PA_CmdLineData\librt_E200z0_VLE_Soft\obj\__start.o
    3] __init_registers (func,weak) found in librt_E200z0_VLE_Soft.a D:\w\EPPC\workspace_codegen\ewl\EWL_Runtime\Runtime_PA_CmdLineData\librt_E200z0_VLE_Soft\obj\__start.o
     4] _stack_addr found as linker generated symbol
     4] _SDA2_BASE_ found as linker generated symbol
     4] _SDA_BASE_ found as linker generated symbol
    3] __init_hardware (func,global) found in __ppc_eabi_init_c.obj 
     4] usr_init (func,global) found in MPC5604B_init_ram_c.obj 
      5] EXCEP_InitExceptionHandlers (func,global) found in Exceptions_c.obj 
       6] EXCEPTION_HANDLERS found as linker generated symbol
      5] INTC_InitINTCInterrupts (func,global) found in IntcInterrupts_c.obj 
       6] INTCInterruptsHandlerTable (object,global) found in IntcInterrupts_c.obj 
    3] __init_data (func,weak) found in librt_E200z0_VLE_Soft.a D:\w\EPPC\workspace_codegen\ewl\EWL_Runtime\Runtime_PA_CmdLineData\librt_E200z0_VLE_Soft\obj\__start.o
     4] _rom_copy_info (object,global) found in Linker Generated Symbol File 
     4] __copy_rom_section (func,global) found in librt_E200z0_VLE_Soft.a D:\w\EPPC\workspace_codegen\ewl\EWL_Runtime\Runtime_PA_CmdLineData\librt_E200z0_VLE_Soft\obj\__start.o
      5] memcpy (func,global) found in librt_E200z0_VLE_Soft.a D:\w\EPPC\workspace_codegen\ewl\EWL_Runtime\Runtime_PA_CmdLineData\librt_E200z0_VLE_Soft\obj\__mem.o
      5] __flush_cache (func,global) found in __ppc_eabi_init_c.obj 
     4] _bss_init_info (object,global) found in Linker Generated Symbol File 
     4] __init_bss_section (func,global) found in librt_E200z0_VLE_Soft.a D:\w\EPPC\workspace_codegen\ewl\EWL_Runtime\Runtime_PA_CmdLineData\librt_E200z0_VLE_Soft\obj\__start.o
      5] memset (func,global) found in librt_E200z0_VLE_Soft.a D:\w\EPPC\workspace_codegen\ewl\EWL_Runtime\Runtime_PA_CmdLineData\librt_E200z0_VLE_Soft\obj\__mem.o
       6] __fill_mem (func,global) found in librt_E200z0_VLE_Soft.a D:\w\EPPC\workspace_codegen\ewl\EWL_Runtime\Runtime_PA_CmdLineData\librt_E200z0_VLE_Soft\obj\__mem.o
    3] __init_user (func,global) found in __ppc_eabi_init_c.obj 
     4] FlashConfig (func,global) found in __ppc_eabi_init_c.obj 
      5] @22 (object,local) found in __ppc_eabi_init_c.obj 
    3] main (func,global) found in main_c.obj 
     4] SYSTEM_Init (func,global) found in MODULE_Init_c.obj 
     4] SIU_Init (func,global) found in MODULE_Init_c.obj 
     4] EMIOS_Cnf (func,global) found in MODULE_Init_c.obj 
     4] ADC_Enable (func,global) found in MODULE_Init_c.obj 
     4] init_SD_FatFs (func,global) found in WRITE_SD_c.obj 
      5] SD_Init (func,global) found in SD_hardware_c.obj 
       6] SPI_Init (func,global) found in SD_hardware_c.obj 
       6] delay (func,global) found in SD_hardware_c.obj 
       6] SD_Reset (func,global) found in SD_hardware_c.obj 
        7] SPI_Byte (func,global) found in SD_hardware_c.obj 
        7] SD_send_command (func,global) found in SD_hardware_c.obj 
       6] SPI_4M (func,global) found in SD_hardware_c.obj 
      5] FatFs_Init (func,global) found in SD_hardware_c.obj 
       6] @239 (object,local) found in SD_hardware_c.obj 
       6] fatfs1 (object,global) found in SD_hardware_c.obj 
       6] f_mount (func,global) found in ff_c.obj 
        7] get_ldnumber (func,local) found in ff_c.obj 
         8] @LOCAL@get_ldnumber__FPPCc@str (object,local) found in ff_c.obj 
          9] @1003 (object,local) found in ff_c.obj 
          9] @1004 (object,local) found in ff_c.obj 
          9] @1005 (object,local) found in ff_c.obj 
          9] @1006 (object,local) found in ff_c.obj 
          9] @1007 (object,local) found in ff_c.obj 
          9] @1008 (object,local) found in ff_c.obj 
          9] @1009 (object,local) found in ff_c.obj 
          9] @1010 (object,local) found in ff_c.obj 
        7] FatFs (object,local) found in ff_c.obj 
        7] find_volume (func,local) found in ff_c.obj 
         8] disk_status (func,global) found in diskio_c.obj 
         8] disk_initialize (func,global) found in diskio_c.obj 
         8] check_fs (func,local) found in ff_c.obj 
          9] move_window (func,local) found in ff_c.obj 
           10] sync_window (func,local) found in ff_c.obj 
            11] disk_write (func,global) found in diskio_c.obj 
             12] write_block (func,global) found in SD_hardware_c.obj 
             12] SD_write_multiple_block (func,global) found in SD_hardware_c.obj 
           10] disk_read (func,global) found in diskio_c.obj 
            11] read_block (func,global) found in SD_hardware_c.obj 
         8] Fsid (object,local) found in ff_c.obj 
       6] test_file_system (func,global) found in SD_hardware_c.obj 
        7] @281 (object,local) found in SD_hardware_c.obj 
        7] @250 (object,local) found in SD_hardware_c.obj 
        7] f_open (func,global) found in ff_c.obj 
         8] LfnBuf (object,local) found in ff_c.obj 
         8] follow_path (func,local) found in ff_c.obj 
          9] dir_sdi (func,local) found in ff_c.obj 
           10] get_fat (func,global) found in ff_c.obj 
           10] clust2sect (func,global) found in ff_c.obj 
          9] create_name (func,local) found in ff_c.obj 
           10] ff_convert (func,global) found in ccsbcs_c.obj 
            11] Tbl (object,local) found in ccsbcs_c.obj 
           10] @939 (object,local) found in ff_c.obj 
           10] chk_chr (func,local) found in ff_c.obj 
           10] mem_set (func,local) found in ff_c.obj 
           10] ExCvt (object,local) found in ff_c.obj 
           10] @940 (object,local) found in ff_c.obj 
          9] dir_find (func,local) found in ff_c.obj 
           10] cmp_lfn (func,local) found in ff_c.obj 
            11] LfnOfs (object,local) found in ff_c.obj 
            11] ff_wtoupper (func,global) found in ccsbcs_c.obj 
             12] @LOCAL@ff_wtoupper__FUs@tbl_lower (object,local) found in ccsbcs_c.obj 
             12] @LOCAL@ff_wtoupper__FUs@tbl_upper@0 (object,local) found in ccsbcs_c.obj 
           10] sum_sfn (func,local) found in ff_c.obj 
           10] mem_cmp (func,local) found in ff_c.obj 
           10] dir_next (func,local) found in ff_c.obj 
            11] create_chain (func,local) found in ff_c.obj 
             12] put_fat (func,global) found in ff_c.obj 
          9] ld_clust (func,local) found in ff_c.obj 
         8] dir_register (func,local) found in ff_c.obj 
          9] mem_cpy (func,local) found in ff_c.obj 
          9] gen_numname (func,local) found in ff_c.obj 
          9] dir_alloc (func,local) found in ff_c.obj 
          9] fit_lfn (func,local) found in ff_c.obj 
         8] get_fattime (func,global) found in diskio_c.obj 
         8] st_clust (func,local) found in ff_c.obj 
         8] remove_chain (func,local) found in ff_c.obj 
        7] f_close (func,global) found in ff_c.obj 
         8] f_sync (func,global) found in ff_c.obj 
          9] validate (func,local) found in ff_c.obj 
          9] sync_fs (func,local) found in ff_c.obj 
           10] disk_ioctl (func,global) found in diskio_c.obj 
        7] f_write (func,global) found in ff_c.obj 
        7] f_read (func,global) found in ff_c.obj 
     4] Single_Collection (func,global) found in main_c.obj 
      5] Read_Stm (func,global) found in MODULE_Init_c.obj 
      5] file_create (func,global) found in WRITE_SD_c.obj 
       6] tchar (object,global) found in WRITE_SD_c.obj 
       6] @107 (object,local) found in WRITE_SD_c.obj 
       6] sprintf (func,global) found in libc_E200z0_VLE_Soft.a D:\w\EPPC\workspace_codegen\ewl\EWL_C\EWL_C.PA_CmdLineData\libc_E200z0_VLE_Soft\obj\printf.o
        7] vsnprintf (func,global) found in libc_E200z0_VLE_Soft.a D:\w\EPPC\workspace_codegen\ewl\EWL_C\EWL_C.PA_CmdLineData\libc_E200z0_VLE_Soft\obj\printf.o
         8] _savegpr_29 (notype,global) found in librt_E200z0_VLE_Soft.a D:\w\EPPC\workspace_codegen\ewl\EWL_Runtime\Runtime_PA_CmdLineData\librt_E200z0_VLE_Soft\obj\runtime.o
          9] __save_gpr (func,local) found in librt_E200z0_VLE_Soft.a D:\w\EPPC\workspace_codegen\ewl\EWL_Runtime\Runtime_PA_CmdLineData\librt_E200z0_VLE_Soft\obj\runtime.o
         8] __StringWrite (func,global) found in libc_E200z0_VLE_Soft.a D:\w\EPPC\workspace_codegen\ewl\EWL_C\EWL_C.PA_CmdLineData\libc_E200z0_VLE_Soft\obj\printf.o
          9] _savegpr_30 (notype,global) found in librt_E200z0_VLE_Soft.a D:\w\EPPC\workspace_codegen\ewl\EWL_Runtime\Runtime_PA_CmdLineData\librt_E200z0_VLE_Soft\obj\runtime.o
          9] __restore_gpr_30_exit (func,global) found in librt_E200z0_VLE_Soft.a D:\w\EPPC\workspace_codegen\ewl\EWL_Runtime\Runtime_PA_CmdLineData\librt_E200z0_VLE_Soft\obj\runtime.o
           10] __finish_restore_frame_and_exit (notype,global) found in librt_E200z0_VLE_Soft.a D:\w\EPPC\workspace_codegen\ewl\EWL_Runtime\Runtime_PA_CmdLineData\librt_E200z0_VLE_Soft\obj\runtime.o
            11] __restore_gpr_31_exit (func,global) found in librt_E200z0_VLE_Soft.a D:\w\EPPC\workspace_codegen\ewl\EWL_Runtime\Runtime_PA_CmdLineData\librt_E200z0_VLE_Soft\obj\runtime.o
             12] __finish_restore_frame_and_exit2 (notype,global) found in librt_E200z0_VLE_Soft.a D:\w\EPPC\workspace_codegen\ewl\EWL_Runtime\Runtime_PA_CmdLineData\librt_E200z0_VLE_Soft\obj\runtime.o
              13] __restore_frame_and_exit (func,global) found in librt_E200z0_VLE_Soft.a D:\w\EPPC\workspace_codegen\ewl\EWL_Runtime\Runtime_PA_CmdLineData\librt_E200z0_VLE_Soft\obj\runtime.o
         8] __pformatter (func,global) found in libc_E200z0_VLE_Soft.a D:\w\EPPC\workspace_codegen\ewl\EWL_C\EWL_C.PA_CmdLineData\libc_E200z0_VLE_Soft\obj\printformat_.o
          9] __create_frame_and_save_gpr_21 (func,global) found in librt_E200z0_VLE_Soft.a D:\w\EPPC\workspace_codegen\ewl\EWL_Runtime\Runtime_PA_CmdLineData\librt_E200z0_VLE_Soft\obj\runtime.o
           10] __save_lr (notype,global) found in librt_E200z0_VLE_Soft.a D:\w\EPPC\workspace_codegen\ewl\EWL_Runtime\Runtime_PA_CmdLineData\librt_E200z0_VLE_Soft\obj\runtime.o
            11] __create_frame (func,global) found in librt_E200z0_VLE_Soft.a D:\w\EPPC\workspace_codegen\ewl\EWL_Runtime\Runtime_PA_CmdLineData\librt_E200z0_VLE_Soft\obj\runtime.o
          9] strchr (func,global) found in libc_E200z0_VLE_Soft.a D:\w\EPPC\workspace_codegen\ewl\EWL_C\EWL_C.PA_CmdLineData\libc_E200z0_VLE_Soft\obj\string.o
          9] strlen (func,weak) found in librt_E200z0_VLE_Soft.a D:\w\EPPC\workspace_codegen\ewl\EWL_Runtime\Runtime_PA_CmdLineData\librt_E200z0_VLE_Soft\obj\__mem.o
          9] parse_format (func,local) found in libc_E200z0_VLE_Soft.a D:\w\EPPC\workspace_codegen\ewl\EWL_C\EWL_C.PA_CmdLineData\libc_E200z0_VLE_Soft\obj\printformat_.o
           10] _savegpr_28 (notype,global) found in librt_E200z0_VLE_Soft.a D:\w\EPPC\workspace_codegen\ewl\EWL_Runtime\Runtime_PA_CmdLineData\librt_E200z0_VLE_Soft\obj\runtime.o
           10] __va_arg (func,global) found in librt_E200z0_VLE_Soft.a D:\w\EPPC\workspace_codegen\ewl\EWL_Runtime\Runtime_PA_CmdLineData\librt_E200z0_VLE_Soft\obj\__va_arg.o
           10] isdigit (func,weak) found in libc_E200z0_VLE_Soft.a D:\w\EPPC\workspace_codegen\ewl\EWL_C\EWL_C.PA_CmdLineData\libc_E200z0_VLE_Soft\obj\ctype.o
           10] >>> UNREFERENCED DUPLICATE isdigit
           10] >>> (func,weak) found in libc_E200z0_VLE_Soft.a D:\w\EPPC\workspace_codegen\ewl\EWL_C\EWL_C.PA_CmdLineData\libc_E200z0_VLE_Soft\obj\strtold.o
           10] >>> (func,weak) found in libc_E200z0_VLE_Soft.a D:\w\EPPC\workspace_codegen\ewl\EWL_C\EWL_C.PA_CmdLineData\libc_E200z0_VLE_Soft\obj\strtoul.o
           10] >>> (func,weak) found in libc_E200z0_VLE_Soft.a D:\w\EPPC\workspace_codegen\ewl\EWL_C\EWL_C.PA_CmdLineData\libc_E200z0_VLE_Soft\obj\printformat_.o
           10] >>> (func,weak) found in libc_E200z0_VLE_Soft.a D:\w\EPPC\workspace_codegen\ewl\EWL_C\EWL_C.PA_CmdLineData\libc_E200z0_VLE_Soft\obj\printformat_ll.o
           10] >>> (func,weak) found in libc_E200z0_VLE_Soft.a D:\w\EPPC\workspace_codegen\ewl\EWL_C\EWL_C.PA_CmdLineData\libc_E200z0_VLE_Soft\obj\printformat_fp.o
           10] >>> (func,weak) found in libc_E200z0_VLE_Soft.a D:\w\EPPC\workspace_codegen\ewl\EWL_C\EWL_C.PA_CmdLineData\libc_E200z0_VLE_Soft\obj\printformat_fp_ll.o
           10] >>> (func,weak) found in libc_E200z0_VLE_Soft.a D:\w\EPPC\workspace_codegen\ewl\EWL_C\EWL_C.PA_CmdLineData\libc_E200z0_VLE_Soft\obj\printformat_s.o
           10] >>> (func,weak) found in libc_E200z0_VLE_Soft.a D:\w\EPPC\workspace_codegen\ewl\EWL_C\EWL_C.PA_CmdLineData\libc_E200z0_VLE_Soft\obj\printformat_s_ll.o
           10] >>> (func,weak) found in libc_E200z0_VLE_Soft.a D:\w\EPPC\workspace_codegen\ewl\EWL_C\EWL_C.PA_CmdLineData\libc_E200z0_VLE_Soft\obj\printformat_s_fp.o
           10] >>> (func,weak) found in libc_E200z0_VLE_Soft.a D:\w\EPPC\workspace_codegen\ewl\EWL_C\EWL_C.PA_CmdLineData\libc_E200z0_VLE_Soft\obj\printformat_s_fp_ll.o
           10] >>> (func,weak) found in libc_E200z0_VLE_Soft.a D:\w\EPPC\workspace_codegen\ewl\EWL_C\EWL_C.PA_CmdLineData\libc_E200z0_VLE_Soft\obj\scanformat_.o
           10] >>> (func,weak) found in libc_E200z0_VLE_Soft.a D:\w\EPPC\workspace_codegen\ewl\EWL_C\EWL_C.PA_CmdLineData\libc_E200z0_VLE_Soft\obj\scanformat_ll.o
           10] >>> (func,weak) found in libc_E200z0_VLE_Soft.a D:\w\EPPC\workspace_codegen\ewl\EWL_C\EWL_C.PA_CmdLineData\libc_E200z0_VLE_Soft\obj\scanformat_fp.o
           10] >>> (func,weak) found in libc_E200z0_VLE_Soft.a D:\w\EPPC\workspace_codegen\ewl\EWL_C\EWL_C.PA_CmdLineData\libc_E200z0_VLE_Soft\obj\scanformat_fp_ll.o
           10] >>> (func,weak) found in libc_E200z0_VLE_Soft.a D:\w\EPPC\workspace_codegen\ewl\EWL_C\EWL_C.PA_CmdLineData\libc_E200z0_VLE_Soft\obj\scanformat_s.o
           10] >>> (func,weak) found in libc_E200z0_VLE_Soft.a D:\w\EPPC\workspace_codegen\ewl\EWL_C\EWL_C.PA_CmdLineData\libc_E200z0_VLE_Soft\obj\scanformat_s_ll.o
           10] >>> (func,weak) found in libc_E200z0_VLE_Soft.a D:\w\EPPC\workspace_codegen\ewl\EWL_C\EWL_C.PA_CmdLineData\libc_E200z0_VLE_Soft\obj\scanformat_s_fp.o
           10] >>> (func,weak) found in libc_E200z0_VLE_Soft.a D:\w\EPPC\workspace_codegen\ewl\EWL_C\EWL_C.PA_CmdLineData\libc_E200z0_VLE_Soft\obj\scanformat_s_fp_ll.o
            11] __ctype_mapC (object,global) found in libc_E200z0_VLE_Soft.a D:\w\EPPC\workspace_codegen\ewl\EWL_C\EWL_C.PA_CmdLineData\libc_E200z0_VLE_Soft\obj\ctype.o
           10] @248 (object,local) found in libc_E200z0_VLE_Soft.a D:\w\EPPC\workspace_codegen\ewl\EWL_C\EWL_C.PA_CmdLineData\libc_E200z0_VLE_Soft\obj\printformat_.o
           10] __restore_gpr_28_exit (func,global) found in librt_E200z0_VLE_Soft.a D:\w\EPPC\workspace_codegen\ewl\EWL_Runtime\Runtime_PA_CmdLineData\librt_E200z0_VLE_Soft\obj\runtime.o
          9] long2str (func,local) found in libc_E200z0_VLE_Soft.a D:\w\EPPC\workspace_codegen\ewl\EWL_C\EWL_C.PA_CmdLineData\libc_E200z0_VLE_Soft\obj\printformat_.o
           10] _savegpr_26 (notype,global) found in librt_E200z0_VLE_Soft.a D:\w\EPPC\workspace_codegen\ewl\EWL_Runtime\Runtime_PA_CmdLineData\librt_E200z0_VLE_Soft\obj\runtime.o
           10] set_base (func,local) found in libc_E200z0_VLE_Soft.a D:\w\EPPC\workspace_codegen\ewl\EWL_C\EWL_C.PA_CmdLineData\libc_E200z0_VLE_Soft\obj\printformat_.o
           10] justify_conversion (func,local) found in libc_E200z0_VLE_Soft.a D:\w\EPPC\workspace_codegen\ewl\EWL_C\EWL_C.PA_CmdLineData\libc_E200z0_VLE_Soft\obj\printformat_.o
           10] __restore_gpr_26_exit (func,global) found in librt_E200z0_VLE_Soft.a D:\w\EPPC\workspace_codegen\ewl\EWL_Runtime\Runtime_PA_CmdLineData\librt_E200z0_VLE_Soft\obj\runtime.o
          9] @650 (object,local) found in libc_E200z0_VLE_Soft.a D:\w\EPPC\workspace_codegen\ewl\EWL_C\EWL_C.PA_CmdLineData\libc_E200z0_VLE_Soft\obj\printformat_.o
          9] memchr (func,global) found in libc_E200z0_VLE_Soft.a D:\w\EPPC\workspace_codegen\ewl\EWL_C\EWL_C.PA_CmdLineData\libc_E200z0_VLE_Soft\obj\mem.o
          9] __restore_gpr_21_exit (func,global) found in librt_E200z0_VLE_Soft.a D:\w\EPPC\workspace_codegen\ewl\EWL_Runtime\Runtime_PA_CmdLineData\librt_E200z0_VLE_Soft\obj\runtime.o
         8] __restore_gpr_29_exit (func,global) found in librt_E200z0_VLE_Soft.a D:\w\EPPC\workspace_codegen\ewl\EWL_Runtime\Runtime_PA_CmdLineData\librt_E200z0_VLE_Soft\obj\runtime.o
       6] fil (object,global) found in WRITE_SD_c.obj 
      5] result (object,global) found in main_c.obj 
      5] WRITE_SD (func,global) found in WRITE_SD_c.obj 
       6] @127 (object,local) found in WRITE_SD_c.obj 
       6] f_lseek (func,global) found in ff_c.obj 
    3] exit (func,global) found in libc_E200z0_VLE_Soft.a D:\w\EPPC\workspace_codegen\ewl\EWL_C\EWL_C.PA_CmdLineData\libc_E200z0_VLE_Soft\obj\abort_exit.o
    3] >>> UNREFERENCED DUPLICATE exit
    3] >>> (func,weak) found in __ppc_eabi_init_c.obj 
     4] __destroy_global_chain (func,global) found in librt_E200z0_VLE_Soft.a D:\w\EPPC\workspace_codegen\ewl\EWL_Runtime\Runtime_PA_CmdLineData\librt_E200z0_VLE_Soft\obj\global_destructor_chain.o
      5] __global_destructor_chain (object,global) found in librt_E200z0_VLE_Soft.a D:\w\EPPC\workspace_codegen\ewl\EWL_Runtime\Runtime_PA_CmdLineData\librt_E200z0_VLE_Soft\obj\global_destructor_chain.o
     4] __stdio_exit (object,global) found in libc_E200z0_VLE_Soft.a D:\w\EPPC\workspace_codegen\ewl\EWL_C\EWL_C.PA_CmdLineData\libc_E200z0_VLE_Soft\obj\abort_exit.o
     4] __console_exit (object,global) found in libc_E200z0_VLE_Soft.a D:\w\EPPC\workspace_codegen\ewl\EWL_C\EWL_C.PA_CmdLineData\libc_E200z0_VLE_Soft\obj\abort_exit.o
     4] _ExitProcess (func,weak) found in __ppc_eabi_init_c.obj 
  1] EXCEP_DefaultExceptionHandler (func,global) found in Exceptions_c.obj 
  1] INTC_INTCInterruptHandler (func,global) found in IntcInterrupts_c.obj 
  1] ivor_branch_table_p0 (func,global) found in ivor_branch_table_c.obj 
    3] .init (section,local) found in MPC5604B_init_ram_c.obj 
    3] .init.11 (notype,local) found in MPC5604B_init_ram_c.obj 
    3] .init (section,local) found in MPC5604B_Startup_c.obj 
    3] .init.21 (notype,local) found in MPC5604B_Startup_c.obj 
    3] .text (section,local) found in main_c.obj 
    3] .text.37 (notype,local) found in main_c.obj 
    3] .ivor_branch_table (section,local) found in ivor_branch_table_c.obj 
    3] .ivor_branch_table.24 (notype,local) found in ivor_branch_table_c.obj 
    3] .text (section,local) found in ff_c.obj 
    3] .text.2474 (notype,local) found in ff_c.obj 
    3] .text (section,local) found in diskio_c.obj 
    3] .text.94 (notype,local) found in diskio_c.obj 
    3] .text (section,local) found in ccsbcs_c.obj 
    3] .text.117 (notype,local) found in ccsbcs_c.obj 
    3] .text (section,local) found in WRITE_SD_c.obj 
    3] .text.142 (notype,local) found in WRITE_SD_c.obj 
    3] .text (section,local) found in SD_hardware_c.obj 
    3] .text.337 (notype,local) found in SD_hardware_c.obj 
    3] .text (section,local) found in MODULE_Init_c.obj 
    3] .text.79 (notype,local) found in MODULE_Init_c.obj 
    3] .text (section,local) found in libc_E200z0_VLE_Soft.a D:\w\EPPC\workspace_codegen\ewl\EWL_C\EWL_C.PA_CmdLineData\libc_E200z0_VLE_Soft\obj\abort_exit.o
    3] .text.86 (notype,local) found in libc_E200z0_VLE_Soft.a D:\w\EPPC\workspace_codegen\ewl\EWL_C\EWL_C.PA_CmdLineData\libc_E200z0_VLE_Soft\obj\abort_exit.o
    3] .text (section,local) found in libc_E200z0_VLE_Soft.a D:\w\EPPC\workspace_codegen\ewl\EWL_C\EWL_C.PA_CmdLineData\libc_E200z0_VLE_Soft\obj\ctype.o
    3] .text.255 (notype,local) found in libc_E200z0_VLE_Soft.a D:\w\EPPC\workspace_codegen\ewl\EWL_C\EWL_C.PA_CmdLineData\libc_E200z0_VLE_Soft\obj\ctype.o
    3] .text (section,local) found in libc_E200z0_VLE_Soft.a D:\w\EPPC\workspace_codegen\ewl\EWL_C\EWL_C.PA_CmdLineData\libc_E200z0_VLE_Soft\obj\mem.o
    3] .text.171 (notype,local) found in libc_E200z0_VLE_Soft.a D:\w\EPPC\workspace_codegen\ewl\EWL_C\EWL_C.PA_CmdLineData\libc_E200z0_VLE_Soft\obj\mem.o
    3] .text (section,local) found in libc_E200z0_VLE_Soft.a D:\w\EPPC\workspace_codegen\ewl\EWL_C\EWL_C.PA_CmdLineData\libc_E200z0_VLE_Soft\obj\printf.o
    3] .text.500 (notype,local) found in libc_E200z0_VLE_Soft.a D:\w\EPPC\workspace_codegen\ewl\EWL_C\EWL_C.PA_CmdLineData\libc_E200z0_VLE_Soft\obj\printf.o
    3] .text (section,local) found in libc_E200z0_VLE_Soft.a D:\w\EPPC\workspace_codegen\ewl\EWL_C\EWL_C.PA_CmdLineData\libc_E200z0_VLE_Soft\obj\string.o
    3] .text.849 (notype,local) found in libc_E200z0_VLE_Soft.a D:\w\EPPC\workspace_codegen\ewl\EWL_C\EWL_C.PA_CmdLineData\libc_E200z0_VLE_Soft\obj\string.o
    3] .text (section,local) found in libc_E200z0_VLE_Soft.a D:\w\EPPC\workspace_codegen\ewl\EWL_C\EWL_C.PA_CmdLineData\libc_E200z0_VLE_Soft\obj\printformat_.o
    3] .text.687 (notype,local) found in libc_E200z0_VLE_Soft.a D:\w\EPPC\workspace_codegen\ewl\EWL_C\EWL_C.PA_CmdLineData\libc_E200z0_VLE_Soft\obj\printformat_.o
    3] .init (section,local) found in librt_E200z0_VLE_Soft.a D:\w\EPPC\workspace_codegen\ewl\EWL_Runtime\Runtime_PA_CmdLineData\librt_E200z0_VLE_Soft\obj\__start.o
    3] .init.104 (notype,local) found in librt_E200z0_VLE_Soft.a D:\w\EPPC\workspace_codegen\ewl\EWL_Runtime\Runtime_PA_CmdLineData\librt_E200z0_VLE_Soft\obj\__start.o
    3] .text (section,local) found in librt_E200z0_VLE_Soft.a D:\w\EPPC\workspace_codegen\ewl\EWL_Runtime\Runtime_PA_CmdLineData\librt_E200z0_VLE_Soft\obj\__va_arg.o
    3] .text.40 (notype,local) found in librt_E200z0_VLE_Soft.a D:\w\EPPC\workspace_codegen\ewl\EWL_Runtime\Runtime_PA_CmdLineData\librt_E200z0_VLE_Soft\obj\__va_arg.o
    3] .text (section,local) found in librt_E200z0_VLE_Soft.a D:\w\EPPC\workspace_codegen\ewl\EWL_Runtime\Runtime_PA_CmdLineData\librt_E200z0_VLE_Soft\obj\global_destructor_chain.o
    3] .text.104 (notype,local) found in librt_E200z0_VLE_Soft.a D:\w\EPPC\workspace_codegen\ewl\EWL_Runtime\Runtime_PA_CmdLineData\librt_E200z0_VLE_Soft\obj\global_destructor_chain.o
    3] .text (section,local) found in librt_E200z0_VLE_Soft.a D:\w\EPPC\workspace_codegen\ewl\EWL_Runtime\Runtime_PA_CmdLineData\librt_E200z0_VLE_Soft\obj\runtime.o
    3] .text.205 (notype,local) found in librt_E200z0_VLE_Soft.a D:\w\EPPC\workspace_codegen\ewl\EWL_Runtime\Runtime_PA_CmdLineData\librt_E200z0_VLE_Soft\obj\runtime.o
    3] .text (section,local) found in MPC5604B_HWInit_c.obj 
    3] .text.12 (notype,local) found in MPC5604B_HWInit_c.obj 


.ivor_branch_table section layout
  Starting        Virtual  File
  address  Size   address  offset
  ---------------------------------
  00000000 0000f2 40000000 000001a0  1 .ivor_branch_table 	ivor_branch_table_c.obj 
  00000000 0000f2 40000000 000001a0 16 ivor_branch_table_p0 	ivor_branch_table_c.obj 
  000000f2 000000 400000f2 00000292  1 .ivor_branch_table.24 	ivor_branch_table_c.obj 


.intc_hw_branch_table section layout
  Starting        Virtual  File
  address  Size   address  offset
  ---------------------------------


.init section layout
  Starting        Virtual  File
  address  Size   address  offset
  ---------------------------------
  00000000 00008c 40001000 00000294  1 .init 	Linker Generated Symbol File 
  00000000 00006c 40001000 00000294  4 _rom_copy_info 	Linker Generated Symbol File 
  0000006c 000020 4000106c 00000300  4 _bss_init_info 	Linker Generated Symbol File 


.init_vle section layout
  Starting        Virtual  File
  address  Size   address  offset
  ---------------------------------
  00000000 00002c 4000108c 00000320  1 .init 	__ppc_eabi_init_c.obj 
  00000000 00000a 4000108c 00000320  2 __init_hardware 	__ppc_eabi_init_c.obj 
  0000000a 000022 40001096 0000032a  2 __flush_cache 	__ppc_eabi_init_c.obj 
  0000002c 00000e 400010b8 0000034c  1 .init 	MPC5604B_init_ram_c.obj 
  0000002c 00000e 400010b8 0000034c  2 usr_init 	MPC5604B_init_ram_c.obj 
  0000003a 000000 400010c6 0000035a  1 .init.11 	MPC5604B_init_ram_c.obj 
  0000003a 000002 400010c8 0000035c  4 *fill*
  0000003c 000004 400010c8 0000035c  1 .init 	MPC5604B_Startup_c.obj 
  0000003c 000004 400010c8 0000035c  4 __startup 	MPC5604B_Startup_c.obj 
  00000040 000000 400010cc 00000360  1 .init.21 	MPC5604B_Startup_c.obj 
  00000040 0000f4 400010cc 00000360  1 .init 	librt_E200z0_VLE_Soft.a D:\w\EPPC\workspace_codegen\ewl\EWL_Runtime\Runtime_PA_CmdLineData\librt_E200z0_VLE_Soft\obj\__start.o
  00000040 000048 400010cc 00000360  2 __start 	librt_E200z0_VLE_Soft.a D:\w\EPPC\workspace_codegen\ewl\EWL_Runtime\Runtime_PA_CmdLineData\librt_E200z0_VLE_Soft\obj\__start.o
  00000088 000030 40001114 000003a8  2 __copy_rom_section 	librt_E200z0_VLE_Soft.a D:\w\EPPC\workspace_codegen\ewl\EWL_Runtime\Runtime_PA_CmdLineData\librt_E200z0_VLE_Soft\obj\__start.o
  000000b8 00000e 40001144 000003d8  2 __init_bss_section 	librt_E200z0_VLE_Soft.a D:\w\EPPC\workspace_codegen\ewl\EWL_Runtime\Runtime_PA_CmdLineData\librt_E200z0_VLE_Soft\obj\__start.o
  000000c6 00001a 40001152 000003e6  2 __init_registers 	librt_E200z0_VLE_Soft.a D:\w\EPPC\workspace_codegen\ewl\EWL_Runtime\Runtime_PA_CmdLineData\librt_E200z0_VLE_Soft\obj\__start.o
  000000e0 000054 4000116c 00000400  2 __init_data 	librt_E200z0_VLE_Soft.a D:\w\EPPC\workspace_codegen\ewl\EWL_Runtime\Runtime_PA_CmdLineData\librt_E200z0_VLE_Soft\obj\__start.o
  00000134 000000 400011c0 00000454  1 .init.104 	librt_E200z0_VLE_Soft.a D:\w\EPPC\workspace_codegen\ewl\EWL_Runtime\Runtime_PA_CmdLineData\librt_E200z0_VLE_Soft\obj\__start.o
  00000134 0000d4 400011c0 00000454  1 .init 	librt_E200z0_VLE_Soft.a D:\w\EPPC\workspace_codegen\ewl\EWL_Runtime\Runtime_PA_CmdLineData\librt_E200z0_VLE_Soft\obj\__mem.o
  00000134 000038 400011c0 00000454  2 memcpy 	librt_E200z0_VLE_Soft.a D:\w\EPPC\workspace_codegen\ewl\EWL_Runtime\Runtime_PA_CmdLineData\librt_E200z0_VLE_Soft\obj\__mem.o
  0000016c 000082 400011f8 0000048c  2 __fill_mem 	librt_E200z0_VLE_Soft.a D:\w\EPPC\workspace_codegen\ewl\EWL_Runtime\Runtime_PA_CmdLineData\librt_E200z0_VLE_Soft\obj\__mem.o
  000001ee 00001a 4000127a 0000050e  2 memset 	librt_E200z0_VLE_Soft.a D:\w\EPPC\workspace_codegen\ewl\EWL_Runtime\Runtime_PA_CmdLineData\librt_E200z0_VLE_Soft\obj\__mem.o


.__exception_handlers section layout
  Starting        Virtual  File
  address  Size   address  offset
  ---------------------------------
  00000000 000096 400012a0 00000530  1 .__exception_handlers 	IntcInterrupts_c.obj 
  00000000 000096 400012a0 00000530 16 INTC_INTCInterruptHandler 	IntcInterrupts_c.obj 
  00000096 00000a 40001340 000005d0 16 *fill*
  000000a0 000002 40001340 000005d0  1 .__exception_handlers 	Exceptions_c.obj 
  000000a0 000002 40001340 000005d0 16 EXCEP_DefaultExceptionHandler 	Exceptions_c.obj 


.text section layout
  Starting        Virtual  File
  address  Size   address  offset
  ---------------------------------


.text_vle section layout
  Starting        Virtual  File
  address  Size   address  offset
  ---------------------------------
  00000000 000052 40001350 000005e0  1 .text 	__ppc_eabi_init_c.obj 
  00000000 00003e 40001350 000005e0  2 FlashConfig 	__ppc_eabi_init_c.obj 
  0000003e 000012 4000138e 0000061e  2 __init_user 	__ppc_eabi_init_c.obj 
  00000050 000002 400013a0 00000630  2 _ExitProcess 	__ppc_eabi_init_c.obj 
  00000052 000000 400013a2 00000632  1 .text 	MPC5604B_HWInit_c.obj 
  UNUSED   000050 ........ ........    INIT_Derivative MPC5604B_HWInit_c.obj 
  UNUSED   000002 ........ ........    INIT_ExternalBusAndMemory MPC5604B_HWInit_c.obj 
  00000052 000000 400013a2 00000632  1 .text.12 	MPC5604B_HWInit_c.obj 
  00000052 000156 400013a2 00000632  1 .text 	main_c.obj 
  00000052 00003c 400013a2 00000632  2 main 	main_c.obj 
  0000008e 00011a 400013de 0000066e  2 Single_Collection 	main_c.obj 
  000001a8 000000 400014f8 00000788  1 .text.37 	main_c.obj 
  000001a8 0026ee 400014f8 00000788  1 .text 	ff_c.obj 
  000001a8 00002a 400014f8 00000788  2 mem_cpy 	ff_c.obj 
  000001d2 000022 40001522 000007b2  2 mem_set 	ff_c.obj 
  000001f4 00003c 40001544 000007d4  2 mem_cmp 	ff_c.obj 
  00000230 000014 40001580 00000810  2 chk_chr 	ff_c.obj 
  00000244 000076 40001594 00000824  2 sync_window 	ff_c.obj 
  000002ba 000052 4000160a 0000089a  2 move_window 	ff_c.obj 
  0000030c 000104 4000165c 000008ec  2 sync_fs 	ff_c.obj 
  00000410 00001c 40001760 000009f0  2 clust2sect 	ff_c.obj 
  0000042c 00016c 4000177c 00000a0c  2 get_fat 	ff_c.obj 
  00000598 0001d6 400018e8 00000b78  2 put_fat 	ff_c.obj 
  0000076e 000092 40001abe 00000d4e  2 remove_chain 	ff_c.obj 
  00000800 000100 40001b50 00000de0  2 create_chain 	ff_c.obj 
  00000900 0000e6 40001c50 00000ee0  2 dir_sdi 	ff_c.obj 
  000009e6 000192 40001d36 00000fc6  2 dir_next 	ff_c.obj 
  00000b78 00008a 40001ec8 00001158  2 dir_alloc 	ff_c.obj 
  00000c02 00003a 40001f52 000011e2  2 ld_clust 	ff_c.obj 
  00000c3c 00002e 40001f8c 0000121c  2 st_clust 	ff_c.obj 
  00000c6a 0000e0 40001fba 0000124a  2 cmp_lfn 	ff_c.obj 
  UNUSED   0000c6 ........ ........    pick_lfn ff_c.obj 
  00000d4a 0000be 4000209a 0000132a  2 fit_lfn 	ff_c.obj 
  00000e08 000142 40002158 000013e8  2 gen_numname 	ff_c.obj 
  00000f4a 00003e 4000229a 0000152a  2 sum_sfn 	ff_c.obj 
  00000f88 000170 400022d8 00001568  2 dir_find 	ff_c.obj 
  UNUSED   000152 ........ ........    dir_read ff_c.obj 
  000010f8 0001aa 40002448 000016d8  2 dir_register 	ff_c.obj 
  UNUSED   0000a4 ........ ........    dir_remove ff_c.obj 
  UNUSED   00016e ........ ........    get_fileinfo ff_c.obj 
  000012a2 000346 400025f2 00001882  2 create_name 	ff_c.obj 
  000015e8 0000cc 40002938 00001bc8  2 follow_path 	ff_c.obj 
  000016b4 0000f0 40002a04 00001c94  2 get_ldnumber 	ff_c.obj 
  000017a4 0000ba 40002af4 00001d84  2 check_fs 	ff_c.obj 
  0000185e 000554 40002bae 00001e3e  2 find_volume 	ff_c.obj 
  00001db2 000058 40003102 00002392  2 validate 	ff_c.obj 
  00001e0a 000090 4000315a 000023ea  2 f_mount 	ff_c.obj 
  00001e9a 000210 400031ea 0000247a  2 f_open 	ff_c.obj 
  000020aa 00024e 400033fa 0000268a  2 f_read 	ff_c.obj 
  000022f8 00027c 40003648 000028d8  2 f_write 	ff_c.obj 
  00002574 000108 400038c4 00002b54  2 f_sync 	ff_c.obj 
  0000267c 000040 400039cc 00002c5c  2 f_close 	ff_c.obj 
  000026bc 0001da 40003a0c 00002c9c  2 f_lseek 	ff_c.obj 
  UNUSED   0000bc ........ ........    f_opendir ff_c.obj 
  UNUSED   000030 ........ ........    f_closedir ff_c.obj 
  UNUSED   000096 ........ ........    f_readdir ff_c.obj 
  UNUSED   000086 ........ ........    f_stat ff_c.obj 
  UNUSED   000126 ........ ........    f_getfree ff_c.obj 
  UNUSED   00010e ........ ........    f_truncate ff_c.obj 
  UNUSED   00013a ........ ........    f_unlink ff_c.obj 
  UNUSED   00021c ........ ........    f_mkdir ff_c.obj 
  UNUSED   0000ae ........ ........    f_chmod ff_c.obj 
  UNUSED   0000b6 ........ ........    f_utime ff_c.obj 
  UNUSED   0001dc ........ ........    f_rename ff_c.obj 
  UNUSED   000124 ........ ........    f_getlabel ff_c.obj 
  UNUSED   000284 ........ ........    f_setlabel ff_c.obj 
  UNUSED   000a30 ........ ........    f_mkfs ff_c.obj 
  UNUSED   000076 ........ ........    f_gets ff_c.obj 
  UNUSED   000082 ........ ........    putc_bfd ff_c.obj 
  UNUSED   000066 ........ ........    f_putc ff_c.obj 
  UNUSED   00007e ........ ........    f_puts ff_c.obj 
  UNUSED   00042a ........ ........    f_printf ff_c.obj 
  00002896 000000 40003be6 00002e76  1 .text.2474 	ff_c.obj 
  00002896 0000e4 40003be6 00002e76  1 .text 	diskio_c.obj 
  00002896 000006 40003be6 00002e76  2 disk_initialize 	diskio_c.obj 
  0000289c 000006 40003bec 00002e7c  2 disk_status 	diskio_c.obj 
  000028a2 00005c 40003bf2 00002e82  2 disk_read 	diskio_c.obj 
  000028fe 00006c 40003c4e 00002ede  2 disk_write 	diskio_c.obj 
  0000296a 00000a 40003cba 00002f4a  2 disk_ioctl 	diskio_c.obj 
  00002974 000006 40003cc4 00002f54  2 get_fattime 	diskio_c.obj 
  0000297a 000000 40003cca 00002f5a  1 .text.94 	diskio_c.obj 
  0000297a 0000f6 40003cca 00002f5a  1 .text 	ccsbcs_c.obj 
  0000297a 000086 40003cca 00002f5a  2 ff_convert 	ccsbcs_c.obj 
  00002a00 000070 40003d50 00002fe0  2 ff_wtoupper 	ccsbcs_c.obj 
  00002a70 000000 40003dc0 00003050  1 .text.117 	ccsbcs_c.obj 
  00002a70 00017e 40003dc0 00003050  1 .text 	WRITE_SD_c.obj 
  00002a70 00002a 40003dc0 00003050  2 init_SD_FatFs 	WRITE_SD_c.obj 
  00002a9a 000062 40003dea 0000307a  2 file_create 	WRITE_SD_c.obj 
  00002afc 0000f2 40003e4c 000030dc  2 WRITE_SD 	WRITE_SD_c.obj 
  00002bee 000000 40003f3e 000031ce  1 .text.142 	WRITE_SD_c.obj 
  00002bee 000708 40003f3e 000031ce  1 .text 	SD_hardware_c.obj 
  00002bee 00002c 40003f3e 000031ce  2 SPI_Init 	SD_hardware_c.obj 
  00002c1a 00002c 40003f6a 000031fa  2 SPI_4M 	SD_hardware_c.obj 
  00002c46 000038 40003f96 00003226  2 SD_Init 	SD_hardware_c.obj 
  00002c7e 00001e 40003fce 0000325e  2 delay 	SD_hardware_c.obj 
  00002c9c 00005a 40003fec 0000327c  2 SPI_Byte 	SD_hardware_c.obj 
  00002cf6 0000e6 40004046 000032d6  2 SD_send_command 	SD_hardware_c.obj 
  00002ddc 0000e8 4000412c 000033bc  2 SD_Reset 	SD_hardware_c.obj 
  00002ec4 0000a6 40004214 000034a4  2 read_block 	SD_hardware_c.obj 
  00002f6a 0000f0 400042ba 0000354a  2 write_block 	SD_hardware_c.obj 
  0000305a 000042 400043aa 0000363a  2 FatFs_Init 	SD_hardware_c.obj 
  0000309c 000136 400043ec 0000367c  2 test_file_system 	SD_hardware_c.obj 
  000031d2 000124 40004522 000037b2  2 SD_write_multiple_block 	SD_hardware_c.obj 
  000032f6 000000 40004646 000038d6  1 .text.337 	SD_hardware_c.obj 
  000032f6 0004de 40004646 000038d6  1 .text 	MODULE_Init_c.obj 
  000032f6 00008a 40004646 000038d6  2 SYSTEM_Init 	MODULE_Init_c.obj 
  00003380 000192 400046d0 00003960  2 SIU_Init 	MODULE_Init_c.obj 
  00003512 00026e 40004862 00003af2  2 EMIOS_Cnf 	MODULE_Init_c.obj 
  00003780 00000a 40004ad0 00003d60  2 Read_Stm 	MODULE_Init_c.obj 
  0000378a 00004a 40004ada 00003d6a  2 ADC_Enable 	MODULE_Init_c.obj 
  UNUSED   00004c ........ ........    ADC_Volt MODULE_Init_c.obj 
  UNUSED   00004c ........ ........    ADC_Vcurrent MODULE_Init_c.obj 
  UNUSED   0000b0 ........ ........    ADC_Detection MODULE_Init_c.obj 
  UNUSED   000002 ........ ........    Measure_Conf MODULE_Init_c.obj 
  000037d4 000000 40004b24 00003db4  1 .text.79 	MODULE_Init_c.obj 
  000037d4 000022 40004b24 00003db4  1 .text 	IntcInterrupts_c.obj 
  UNUSED   00002c ........ ........    INTC_InstallINTCInterruptHandler IntcInterrupts_c.obj 
  000037d4 000022 40004b24 00003db4  2 INTC_InitINTCInterrupts 	IntcInterrupts_c.obj 
  000037f6 00000e 40004b46 00003dd6  1 .text 	Exceptions_c.obj 
  000037f6 00000e 40004b46 00003dd6  2 EXCEP_InitExceptionHandlers 	Exceptions_c.obj 
  00003804 000040 40004b54 00003de4  1 .text 	libc_E200z0_VLE_Soft.a D:\w\EPPC\workspace_codegen\ewl\EWL_C\EWL_C.PA_CmdLineData\libc_E200z0_VLE_Soft\obj\abort_exit.o
  UNUSED   00002c ........ ........    abort libc_E200z0_VLE_Soft.a D:\w\EPPC\workspace_codegen\ewl\EWL_C\EWL_C.PA_CmdLineData\libc_E200z0_VLE_Soft\obj\abort_exit.o
  UNUSED   000004 ........ ........    atexit libc_E200z0_VLE_Soft.a D:\w\EPPC\workspace_codegen\ewl\EWL_C\EWL_C.PA_CmdLineData\libc_E200z0_VLE_Soft\obj\abort_exit.o
  00003804 000040 40004b54 00003de4  2 exit 	libc_E200z0_VLE_Soft.a D:\w\EPPC\workspace_codegen\ewl\EWL_C\EWL_C.PA_CmdLineData\libc_E200z0_VLE_Soft\obj\abort_exit.o
  UNUSED   00002a ........ ........    __atexit libc_E200z0_VLE_Soft.a D:\w\EPPC\workspace_codegen\ewl\EWL_C\EWL_C.PA_CmdLineData\libc_E200z0_VLE_Soft\obj\abort_exit.o
  UNUSED   000056 ........ ........    __exit libc_E200z0_VLE_Soft.a D:\w\EPPC\workspace_codegen\ewl\EWL_C\EWL_C.PA_CmdLineData\libc_E200z0_VLE_Soft\obj\abort_exit.o
  00003844 000000 40004b94 00003e24  1 .text.86 	libc_E200z0_VLE_Soft.a D:\w\EPPC\workspace_codegen\ewl\EWL_C\EWL_C.PA_CmdLineData\libc_E200z0_VLE_Soft\obj\abort_exit.o
  00003844 000024 40004b94 00003e24  1 .text 	libc_E200z0_VLE_Soft.a D:\w\EPPC\workspace_codegen\ewl\EWL_C\EWL_C.PA_CmdLineData\libc_E200z0_VLE_Soft\obj\ctype.o
  UNUSED   000028 ........ ........    isalnum libc_E200z0_VLE_Soft.a D:\w\EPPC\workspace_codegen\ewl\EWL_C\EWL_C.PA_CmdLineData\libc_E200z0_VLE_Soft\obj\ctype.o
  UNUSED   000024 ........ ........    isalpha libc_E200z0_VLE_Soft.a D:\w\EPPC\workspace_codegen\ewl\EWL_C\EWL_C.PA_CmdLineData\libc_E200z0_VLE_Soft\obj\ctype.o
  UNUSED   000024 ........ ........    iscntrl libc_E200z0_VLE_Soft.a D:\w\EPPC\workspace_codegen\ewl\EWL_C\EWL_C.PA_CmdLineData\libc_E200z0_VLE_Soft\obj\ctype.o
  00003844 000024 40004b94 00003e24  2 isdigit 	libc_E200z0_VLE_Soft.a D:\w\EPPC\workspace_codegen\ewl\EWL_C\EWL_C.PA_CmdLineData\libc_E200z0_VLE_Soft\obj\ctype.o
  UNUSED   000024 ........ ........    isgraph libc_E200z0_VLE_Soft.a D:\w\EPPC\workspace_codegen\ewl\EWL_C\EWL_C.PA_CmdLineData\libc_E200z0_VLE_Soft\obj\ctype.o
  UNUSED   000026 ........ ........    islower libc_E200z0_VLE_Soft.a D:\w\EPPC\workspace_codegen\ewl\EWL_C\EWL_C.PA_CmdLineData\libc_E200z0_VLE_Soft\obj\ctype.o
  UNUSED   000026 ........ ........    isprint libc_E200z0_VLE_Soft.a D:\w\EPPC\workspace_codegen\ewl\EWL_C\EWL_C.PA_CmdLineData\libc_E200z0_VLE_Soft\obj\ctype.o
  UNUSED   000026 ........ ........    ispunct libc_E200z0_VLE_Soft.a D:\w\EPPC\workspace_codegen\ewl\EWL_C\EWL_C.PA_CmdLineData\libc_E200z0_VLE_Soft\obj\ctype.o
  UNUSED   000026 ........ ........    isspace libc_E200z0_VLE_Soft.a D:\w\EPPC\workspace_codegen\ewl\EWL_C\EWL_C.PA_CmdLineData\libc_E200z0_VLE_Soft\obj\ctype.o
  UNUSED   000026 ........ ........    isupper libc_E200z0_VLE_Soft.a D:\w\EPPC\workspace_codegen\ewl\EWL_C\EWL_C.PA_CmdLineData\libc_E200z0_VLE_Soft\obj\ctype.o
  UNUSED   000026 ........ ........    isxdigit libc_E200z0_VLE_Soft.a D:\w\EPPC\workspace_codegen\ewl\EWL_C\EWL_C.PA_CmdLineData\libc_E200z0_VLE_Soft\obj\ctype.o
  UNUSED   00001e ........ ........    tolower libc_E200z0_VLE_Soft.a D:\w\EPPC\workspace_codegen\ewl\EWL_C\EWL_C.PA_CmdLineData\libc_E200z0_VLE_Soft\obj\ctype.o
  UNUSED   00001e ........ ........    toupper libc_E200z0_VLE_Soft.a D:\w\EPPC\workspace_codegen\ewl\EWL_C\EWL_C.PA_CmdLineData\libc_E200z0_VLE_Soft\obj\ctype.o
  00003868 000000 40004bb8 00003e48  1 .text.255 	libc_E200z0_VLE_Soft.a D:\w\EPPC\workspace_codegen\ewl\EWL_C\EWL_C.PA_CmdLineData\libc_E200z0_VLE_Soft\obj\ctype.o
  00003868 00001a 40004bb8 00003e48  1 .text 	libc_E200z0_VLE_Soft.a D:\w\EPPC\workspace_codegen\ewl\EWL_C\EWL_C.PA_CmdLineData\libc_E200z0_VLE_Soft\obj\mem.o
  UNUSED   000084 ........ ........    memmove libc_E200z0_VLE_Soft.a D:\w\EPPC\workspace_codegen\ewl\EWL_C\EWL_C.PA_CmdLineData\libc_E200z0_VLE_Soft\obj\mem.o
  00003868 00001a 40004bb8 00003e48  2 memchr 	libc_E200z0_VLE_Soft.a D:\w\EPPC\workspace_codegen\ewl\EWL_C\EWL_C.PA_CmdLineData\libc_E200z0_VLE_Soft\obj\mem.o
  UNUSED   00001c ........ ........    __memrchr libc_E200z0_VLE_Soft.a D:\w\EPPC\workspace_codegen\ewl\EWL_C\EWL_C.PA_CmdLineData\libc_E200z0_VLE_Soft\obj\mem.o
  UNUSED   00002c ........ ........    memcmp libc_E200z0_VLE_Soft.a D:\w\EPPC\workspace_codegen\ewl\EWL_C\EWL_C.PA_CmdLineData\libc_E200z0_VLE_Soft\obj\mem.o
  UNUSED   00005e ........ ........    memcpy_s libc_E200z0_VLE_Soft.a D:\w\EPPC\workspace_codegen\ewl\EWL_C\EWL_C.PA_CmdLineData\libc_E200z0_VLE_Soft\obj\mem.o
  UNUSED   00005e ........ ........    memmove_s libc_E200z0_VLE_Soft.a D:\w\EPPC\workspace_codegen\ewl\EWL_C\EWL_C.PA_CmdLineData\libc_E200z0_VLE_Soft\obj\mem.o
  00003882 000000 40004bd2 00003e62  1 .text.171 	libc_E200z0_VLE_Soft.a D:\w\EPPC\workspace_codegen\ewl\EWL_C\EWL_C.PA_CmdLineData\libc_E200z0_VLE_Soft\obj\mem.o
  00003882 0000c8 40004bd2 00003e62  1 .text 	libc_E200z0_VLE_Soft.a D:\w\EPPC\workspace_codegen\ewl\EWL_C\EWL_C.PA_CmdLineData\libc_E200z0_VLE_Soft\obj\printf.o
  UNUSED   00002c ........ ........    __FileWrite libc_E200z0_VLE_Soft.a D:\w\EPPC\workspace_codegen\ewl\EWL_C\EWL_C.PA_CmdLineData\libc_E200z0_VLE_Soft\obj\printf.o
  UNUSED   00001e ........ ........    __ConsoleWrite libc_E200z0_VLE_Soft.a D:\w\EPPC\workspace_codegen\ewl\EWL_C\EWL_C.PA_CmdLineData\libc_E200z0_VLE_Soft\obj\printf.o
  00003882 00003a 40004bd2 00003e62  2 __StringWrite 	libc_E200z0_VLE_Soft.a D:\w\EPPC\workspace_codegen\ewl\EWL_C\EWL_C.PA_CmdLineData\libc_E200z0_VLE_Soft\obj\printf.o
  UNUSED   000060 ........ ........    printf libc_E200z0_VLE_Soft.a D:\w\EPPC\workspace_codegen\ewl\EWL_C\EWL_C.PA_CmdLineData\libc_E200z0_VLE_Soft\obj\printf.o
  UNUSED   00006e ........ ........    printf_s libc_E200z0_VLE_Soft.a D:\w\EPPC\workspace_codegen\ewl\EWL_C\EWL_C.PA_CmdLineData\libc_E200z0_VLE_Soft\obj\printf.o
  UNUSED   00004c ........ ........    printf_console libc_E200z0_VLE_Soft.a D:\w\EPPC\workspace_codegen\ewl\EWL_C\EWL_C.PA_CmdLineData\libc_E200z0_VLE_Soft\obj\printf.o
  UNUSED   000064 ........ ........    printf_s_console libc_E200z0_VLE_Soft.a D:\w\EPPC\workspace_codegen\ewl\EWL_C\EWL_C.PA_CmdLineData\libc_E200z0_VLE_Soft\obj\printf.o
  UNUSED   00001e ........ ........    vprintf libc_E200z0_VLE_Soft.a D:\w\EPPC\workspace_codegen\ewl\EWL_C\EWL_C.PA_CmdLineData\libc_E200z0_VLE_Soft\obj\printf.o
  UNUSED   00003c ........ ........    vprintf_s libc_E200z0_VLE_Soft.a D:\w\EPPC\workspace_codegen\ewl\EWL_C\EWL_C.PA_CmdLineData\libc_E200z0_VLE_Soft\obj\printf.o
  UNUSED   000018 ........ ........    vfprintf libc_E200z0_VLE_Soft.a D:\w\EPPC\workspace_codegen\ewl\EWL_C\EWL_C.PA_CmdLineData\libc_E200z0_VLE_Soft\obj\printf.o
  UNUSED   00003a ........ ........    vfprintf_s libc_E200z0_VLE_Soft.a D:\w\EPPC\workspace_codegen\ewl\EWL_C\EWL_C.PA_CmdLineData\libc_E200z0_VLE_Soft\obj\printf.o
  000038bc 00004c 40004c0c 00003e9c  2 vsnprintf 	libc_E200z0_VLE_Soft.a D:\w\EPPC\workspace_codegen\ewl\EWL_C\EWL_C.PA_CmdLineData\libc_E200z0_VLE_Soft\obj\printf.o
  UNUSED   00007a ........ ........    vsnprintf_s libc_E200z0_VLE_Soft.a D:\w\EPPC\workspace_codegen\ewl\EWL_C\EWL_C.PA_CmdLineData\libc_E200z0_VLE_Soft\obj\printf.o
  UNUSED   000008 ........ ........    vsprintf libc_E200z0_VLE_Soft.a D:\w\EPPC\workspace_codegen\ewl\EWL_C\EWL_C.PA_CmdLineData\libc_E200z0_VLE_Soft\obj\printf.o
  UNUSED   000054 ........ ........    vsprintf_s libc_E200z0_VLE_Soft.a D:\w\EPPC\workspace_codegen\ewl\EWL_C\EWL_C.PA_CmdLineData\libc_E200z0_VLE_Soft\obj\printf.o
  UNUSED   000040 ........ ........    snprintf libc_E200z0_VLE_Soft.a D:\w\EPPC\workspace_codegen\ewl\EWL_C\EWL_C.PA_CmdLineData\libc_E200z0_VLE_Soft\obj\printf.o
  UNUSED   000040 ........ ........    snprintf_s libc_E200z0_VLE_Soft.a D:\w\EPPC\workspace_codegen\ewl\EWL_C\EWL_C.PA_CmdLineData\libc_E200z0_VLE_Soft\obj\printf.o
  00003908 000042 40004c58 00003ee8  2 sprintf 	libc_E200z0_VLE_Soft.a D:\w\EPPC\workspace_codegen\ewl\EWL_C\EWL_C.PA_CmdLineData\libc_E200z0_VLE_Soft\obj\printf.o
  UNUSED   000040 ........ ........    sprintf_s libc_E200z0_VLE_Soft.a D:\w\EPPC\workspace_codegen\ewl\EWL_C\EWL_C.PA_CmdLineData\libc_E200z0_VLE_Soft\obj\printf.o
  0000394a 000000 40004c9a 00003f2a  1 .text.500 	libc_E200z0_VLE_Soft.a D:\w\EPPC\workspace_codegen\ewl\EWL_C\EWL_C.PA_CmdLineData\libc_E200z0_VLE_Soft\obj\printf.o
  0000394a 00001e 40004c9a 00003f2a  1 .text 	libc_E200z0_VLE_Soft.a D:\w\EPPC\workspace_codegen\ewl\EWL_C\EWL_C.PA_CmdLineData\libc_E200z0_VLE_Soft\obj\string.o
  UNUSED   00008a ........ ........    strcpy libc_E200z0_VLE_Soft.a D:\w\EPPC\workspace_codegen\ewl\EWL_C\EWL_C.PA_CmdLineData\libc_E200z0_VLE_Soft\obj\string.o
  UNUSED   00002c ........ ........    strncpy libc_E200z0_VLE_Soft.a D:\w\EPPC\workspace_codegen\ewl\EWL_C\EWL_C.PA_CmdLineData\libc_E200z0_VLE_Soft\obj\string.o
  UNUSED   000020 ........ ........    strcat libc_E200z0_VLE_Soft.a D:\w\EPPC\workspace_codegen\ewl\EWL_C\EWL_C.PA_CmdLineData\libc_E200z0_VLE_Soft\obj\string.o
  UNUSED   000030 ........ ........    strncat libc_E200z0_VLE_Soft.a D:\w\EPPC\workspace_codegen\ewl\EWL_C\EWL_C.PA_CmdLineData\libc_E200z0_VLE_Soft\obj\string.o
  UNUSED   0000bc ........ ........    strcmp libc_E200z0_VLE_Soft.a D:\w\EPPC\workspace_codegen\ewl\EWL_C\EWL_C.PA_CmdLineData\libc_E200z0_VLE_Soft\obj\string.o
  UNUSED   000028 ........ ........    strncmp libc_E200z0_VLE_Soft.a D:\w\EPPC\workspace_codegen\ewl\EWL_C\EWL_C.PA_CmdLineData\libc_E200z0_VLE_Soft\obj\string.o
  0000394a 00001e 40004c9a 00003f2a  2 strchr 	libc_E200z0_VLE_Soft.a D:\w\EPPC\workspace_codegen\ewl\EWL_C\EWL_C.PA_CmdLineData\libc_E200z0_VLE_Soft\obj\string.o
  UNUSED   00006e ........ ........    strcoll libc_E200z0_VLE_Soft.a D:\w\EPPC\workspace_codegen\ewl\EWL_C\EWL_C.PA_CmdLineData\libc_E200z0_VLE_Soft\obj\string.o
  UNUSED   00018e ........ ........    strxfrm libc_E200z0_VLE_Soft.a D:\w\EPPC\workspace_codegen\ewl\EWL_C\EWL_C.PA_CmdLineData\libc_E200z0_VLE_Soft\obj\string.o
  UNUSED   00002c ........ ........    strrchr libc_E200z0_VLE_Soft.a D:\w\EPPC\workspace_codegen\ewl\EWL_C\EWL_C.PA_CmdLineData\libc_E200z0_VLE_Soft\obj\string.o
  UNUSED   00006e ........ ........    strpbrk libc_E200z0_VLE_Soft.a D:\w\EPPC\workspace_codegen\ewl\EWL_C\EWL_C.PA_CmdLineData\libc_E200z0_VLE_Soft\obj\string.o
  UNUSED   00006e ........ ........    strspn libc_E200z0_VLE_Soft.a D:\w\EPPC\workspace_codegen\ewl\EWL_C\EWL_C.PA_CmdLineData\libc_E200z0_VLE_Soft\obj\string.o
  UNUSED   00006e ........ ........    strcspn libc_E200z0_VLE_Soft.a D:\w\EPPC\workspace_codegen\ewl\EWL_C\EWL_C.PA_CmdLineData\libc_E200z0_VLE_Soft\obj\string.o
  UNUSED   0000ca ........ ........    strtok libc_E200z0_VLE_Soft.a D:\w\EPPC\workspace_codegen\ewl\EWL_C\EWL_C.PA_CmdLineData\libc_E200z0_VLE_Soft\obj\string.o
  UNUSED   0000ea ........ ........    strtok_s libc_E200z0_VLE_Soft.a D:\w\EPPC\workspace_codegen\ewl\EWL_C\EWL_C.PA_CmdLineData\libc_E200z0_VLE_Soft\obj\string.o
  UNUSED   00004c ........ ........    strstr libc_E200z0_VLE_Soft.a D:\w\EPPC\workspace_codegen\ewl\EWL_C\EWL_C.PA_CmdLineData\libc_E200z0_VLE_Soft\obj\string.o
  UNUSED   000026 ........ ........    strnlen_s libc_E200z0_VLE_Soft.a D:\w\EPPC\workspace_codegen\ewl\EWL_C\EWL_C.PA_CmdLineData\libc_E200z0_VLE_Soft\obj\string.o
  UNUSED   00005e ........ ........    strcpy_s libc_E200z0_VLE_Soft.a D:\w\EPPC\workspace_codegen\ewl\EWL_C\EWL_C.PA_CmdLineData\libc_E200z0_VLE_Soft\obj\string.o
  UNUSED   000084 ........ ........    strncpy_s libc_E200z0_VLE_Soft.a D:\w\EPPC\workspace_codegen\ewl\EWL_C\EWL_C.PA_CmdLineData\libc_E200z0_VLE_Soft\obj\string.o
  UNUSED   000076 ........ ........    strcat_s libc_E200z0_VLE_Soft.a D:\w\EPPC\workspace_codegen\ewl\EWL_C\EWL_C.PA_CmdLineData\libc_E200z0_VLE_Soft\obj\string.o
  UNUSED   0000ac ........ ........    strncat_s libc_E200z0_VLE_Soft.a D:\w\EPPC\workspace_codegen\ewl\EWL_C\EWL_C.PA_CmdLineData\libc_E200z0_VLE_Soft\obj\string.o
  UNUSED   00000c ........ ........    strerror libc_E200z0_VLE_Soft.a D:\w\EPPC\workspace_codegen\ewl\EWL_C\EWL_C.PA_CmdLineData\libc_E200z0_VLE_Soft\obj\string.o
  UNUSED   000082 ........ ........    strerror_s libc_E200z0_VLE_Soft.a D:\w\EPPC\workspace_codegen\ewl\EWL_C\EWL_C.PA_CmdLineData\libc_E200z0_VLE_Soft\obj\string.o
  UNUSED   000028 ........ ........    __strerror libc_E200z0_VLE_Soft.a D:\w\EPPC\workspace_codegen\ewl\EWL_C\EWL_C.PA_CmdLineData\libc_E200z0_VLE_Soft\obj\string.o
  00003968 000000 40004cb8 00003f48  1 .text.849 	libc_E200z0_VLE_Soft.a D:\w\EPPC\workspace_codegen\ewl\EWL_C\EWL_C.PA_CmdLineData\libc_E200z0_VLE_Soft\obj\string.o
  00003968 0007e2 40004cb8 00003f48  1 .text 	libc_E200z0_VLE_Soft.a D:\w\EPPC\workspace_codegen\ewl\EWL_C\EWL_C.PA_CmdLineData\libc_E200z0_VLE_Soft\obj\printformat_.o
  00003968 00022e 40004cb8 00003f48  2 parse_format 	libc_E200z0_VLE_Soft.a D:\w\EPPC\workspace_codegen\ewl\EWL_C\EWL_C.PA_CmdLineData\libc_E200z0_VLE_Soft\obj\printformat_.o
  00003b96 000026 40004ee6 00004176  2 set_base 	libc_E200z0_VLE_Soft.a D:\w\EPPC\workspace_codegen\ewl\EWL_C\EWL_C.PA_CmdLineData\libc_E200z0_VLE_Soft\obj\printformat_.o
  00003bbc 0000e4 40004f0c 0000419c  2 justify_conversion 	libc_E200z0_VLE_Soft.a D:\w\EPPC\workspace_codegen\ewl\EWL_C\EWL_C.PA_CmdLineData\libc_E200z0_VLE_Soft\obj\printformat_.o
  00003ca0 0000f4 40004ff0 00004280  2 long2str 	libc_E200z0_VLE_Soft.a D:\w\EPPC\workspace_codegen\ewl\EWL_C\EWL_C.PA_CmdLineData\libc_E200z0_VLE_Soft\obj\printformat_.o
  00003d94 0003b6 400050e4 00004374  2 __pformatter 	libc_E200z0_VLE_Soft.a D:\w\EPPC\workspace_codegen\ewl\EWL_C\EWL_C.PA_CmdLineData\libc_E200z0_VLE_Soft\obj\printformat_.o
  0000414a 000000 4000549a 0000472a  1 .text.687 	libc_E200z0_VLE_Soft.a D:\w\EPPC\workspace_codegen\ewl\EWL_C\EWL_C.PA_CmdLineData\libc_E200z0_VLE_Soft\obj\printformat_.o
  0000414a 000012 4000549a 0000472a  1 .text 	librt_E200z0_VLE_Soft.a D:\w\EPPC\workspace_codegen\ewl\EWL_Runtime\Runtime_PA_CmdLineData\librt_E200z0_VLE_Soft\obj\__mem.o
  0000414a 000012 4000549a 0000472a  2 strlen 	librt_E200z0_VLE_Soft.a D:\w\EPPC\workspace_codegen\ewl\EWL_Runtime\Runtime_PA_CmdLineData\librt_E200z0_VLE_Soft\obj\__mem.o
  0000415c 000082 400054ac 0000473c  1 .text 	librt_E200z0_VLE_Soft.a D:\w\EPPC\workspace_codegen\ewl\EWL_Runtime\Runtime_PA_CmdLineData\librt_E200z0_VLE_Soft\obj\__va_arg.o
  0000415c 000082 400054ac 0000473c  2 __va_arg 	librt_E200z0_VLE_Soft.a D:\w\EPPC\workspace_codegen\ewl\EWL_Runtime\Runtime_PA_CmdLineData\librt_E200z0_VLE_Soft\obj\__va_arg.o
  000041de 000000 4000552e 000047be  1 .text.40 	librt_E200z0_VLE_Soft.a D:\w\EPPC\workspace_codegen\ewl\EWL_Runtime\Runtime_PA_CmdLineData\librt_E200z0_VLE_Soft\obj\__va_arg.o
  000041de 000032 4000552e 000047be  1 .text 	librt_E200z0_VLE_Soft.a D:\w\EPPC\workspace_codegen\ewl\EWL_Runtime\Runtime_PA_CmdLineData\librt_E200z0_VLE_Soft\obj\global_destructor_chain.o
  UNUSED   000010 ........ ........    __register_global_object librt_E200z0_VLE_Soft.a D:\w\EPPC\workspace_codegen\ewl\EWL_Runtime\Runtime_PA_CmdLineData\librt_E200z0_VLE_Soft\obj\global_destructor_chain.o
  000041de 000032 4000552e 000047be  2 __destroy_global_chain 	librt_E200z0_VLE_Soft.a D:\w\EPPC\workspace_codegen\ewl\EWL_Runtime\Runtime_PA_CmdLineData\librt_E200z0_VLE_Soft\obj\global_destructor_chain.o
  UNUSED   00003a ........ ........    __register_atexit librt_E200z0_VLE_Soft.a D:\w\EPPC\workspace_codegen\ewl\EWL_Runtime\Runtime_PA_CmdLineData\librt_E200z0_VLE_Soft\obj\global_destructor_chain.o
  00004210 000000 40005560 000047f0  1 .text.104 	librt_E200z0_VLE_Soft.a D:\w\EPPC\workspace_codegen\ewl\EWL_Runtime\Runtime_PA_CmdLineData\librt_E200z0_VLE_Soft\obj\global_destructor_chain.o
  00004210 00009c 40005560 000047f0  1 .text 	librt_E200z0_VLE_Soft.a D:\w\EPPC\workspace_codegen\ewl\EWL_Runtime\Runtime_PA_CmdLineData\librt_E200z0_VLE_Soft\obj\runtime.o
  00004210 00004a 40005560 000047f0  2 __save_gpr 	librt_E200z0_VLE_Soft.a D:\w\EPPC\workspace_codegen\ewl\EWL_Runtime\Runtime_PA_CmdLineData\librt_E200z0_VLE_Soft\obj\runtime.o
  UNUSED   000000 ........ ........    _savegpr_14 librt_E200z0_VLE_Soft.a D:\w\EPPC\workspace_codegen\ewl\EWL_Runtime\Runtime_PA_CmdLineData\librt_E200z0_VLE_Soft\obj\runtime.o
  UNUSED   000000 ........ ........    _save32gpr_14 librt_E200z0_VLE_Soft.a D:\w\EPPC\workspace_codegen\ewl\EWL_Runtime\Runtime_PA_CmdLineData\librt_E200z0_VLE_Soft\obj\runtime.o
  UNUSED   000000 ........ ........    _savegpr_15 librt_E200z0_VLE_Soft.a D:\w\EPPC\workspace_codegen\ewl\EWL_Runtime\Runtime_PA_CmdLineData\librt_E200z0_VLE_Soft\obj\runtime.o
  UNUSED   000000 ........ ........    _save32gpr_15 librt_E200z0_VLE_Soft.a D:\w\EPPC\workspace_codegen\ewl\EWL_Runtime\Runtime_PA_CmdLineData\librt_E200z0_VLE_Soft\obj\runtime.o
  UNUSED   000000 ........ ........    _savegpr_16 librt_E200z0_VLE_Soft.a D:\w\EPPC\workspace_codegen\ewl\EWL_Runtime\Runtime_PA_CmdLineData\librt_E200z0_VLE_Soft\obj\runtime.o
  UNUSED   000000 ........ ........    _save32gpr_16 librt_E200z0_VLE_Soft.a D:\w\EPPC\workspace_codegen\ewl\EWL_Runtime\Runtime_PA_CmdLineData\librt_E200z0_VLE_Soft\obj\runtime.o
  UNUSED   000000 ........ ........    _savegpr_17 librt_E200z0_VLE_Soft.a D:\w\EPPC\workspace_codegen\ewl\EWL_Runtime\Runtime_PA_CmdLineData\librt_E200z0_VLE_Soft\obj\runtime.o
  UNUSED   000000 ........ ........    _save32gpr_17 librt_E200z0_VLE_Soft.a D:\w\EPPC\workspace_codegen\ewl\EWL_Runtime\Runtime_PA_CmdLineData\librt_E200z0_VLE_Soft\obj\runtime.o
  UNUSED   000000 ........ ........    _savegpr_18 librt_E200z0_VLE_Soft.a D:\w\EPPC\workspace_codegen\ewl\EWL_Runtime\Runtime_PA_CmdLineData\librt_E200z0_VLE_Soft\obj\runtime.o
  UNUSED   000000 ........ ........    _save32gpr_18 librt_E200z0_VLE_Soft.a D:\w\EPPC\workspace_codegen\ewl\EWL_Runtime\Runtime_PA_CmdLineData\librt_E200z0_VLE_Soft\obj\runtime.o
  UNUSED   000000 ........ ........    _savegpr_19 librt_E200z0_VLE_Soft.a D:\w\EPPC\workspace_codegen\ewl\EWL_Runtime\Runtime_PA_CmdLineData\librt_E200z0_VLE_Soft\obj\runtime.o
  UNUSED   000000 ........ ........    _save32gpr_19 librt_E200z0_VLE_Soft.a D:\w\EPPC\workspace_codegen\ewl\EWL_Runtime\Runtime_PA_CmdLineData\librt_E200z0_VLE_Soft\obj\runtime.o
  UNUSED   000000 ........ ........    _savegpr_20 librt_E200z0_VLE_Soft.a D:\w\EPPC\workspace_codegen\ewl\EWL_Runtime\Runtime_PA_CmdLineData\librt_E200z0_VLE_Soft\obj\runtime.o
  UNUSED   000000 ........ ........    _save32gpr_20 librt_E200z0_VLE_Soft.a D:\w\EPPC\workspace_codegen\ewl\EWL_Runtime\Runtime_PA_CmdLineData\librt_E200z0_VLE_Soft\obj\runtime.o
  UNUSED   000000 ........ ........    _savegpr_21 librt_E200z0_VLE_Soft.a D:\w\EPPC\workspace_codegen\ewl\EWL_Runtime\Runtime_PA_CmdLineData\librt_E200z0_VLE_Soft\obj\runtime.o
  UNUSED   000000 ........ ........    _save32gpr_21 librt_E200z0_VLE_Soft.a D:\w\EPPC\workspace_codegen\ewl\EWL_Runtime\Runtime_PA_CmdLineData\librt_E200z0_VLE_Soft\obj\runtime.o
  UNUSED   000000 ........ ........    _savegpr_22 librt_E200z0_VLE_Soft.a D:\w\EPPC\workspace_codegen\ewl\EWL_Runtime\Runtime_PA_CmdLineData\librt_E200z0_VLE_Soft\obj\runtime.o
  UNUSED   000000 ........ ........    _save32gpr_22 librt_E200z0_VLE_Soft.a D:\w\EPPC\workspace_codegen\ewl\EWL_Runtime\Runtime_PA_CmdLineData\librt_E200z0_VLE_Soft\obj\runtime.o
  UNUSED   000000 ........ ........    _savegpr_23 librt_E200z0_VLE_Soft.a D:\w\EPPC\workspace_codegen\ewl\EWL_Runtime\Runtime_PA_CmdLineData\librt_E200z0_VLE_Soft\obj\runtime.o
  UNUSED   000000 ........ ........    _save32gpr_23 librt_E200z0_VLE_Soft.a D:\w\EPPC\workspace_codegen\ewl\EWL_Runtime\Runtime_PA_CmdLineData\librt_E200z0_VLE_Soft\obj\runtime.o
  UNUSED   000000 ........ ........    _savegpr_24 librt_E200z0_VLE_Soft.a D:\w\EPPC\workspace_codegen\ewl\EWL_Runtime\Runtime_PA_CmdLineData\librt_E200z0_VLE_Soft\obj\runtime.o
  UNUSED   000000 ........ ........    _save32gpr_24 librt_E200z0_VLE_Soft.a D:\w\EPPC\workspace_codegen\ewl\EWL_Runtime\Runtime_PA_CmdLineData\librt_E200z0_VLE_Soft\obj\runtime.o
  UNUSED   000000 ........ ........    _savegpr_25 librt_E200z0_VLE_Soft.a D:\w\EPPC\workspace_codegen\ewl\EWL_Runtime\Runtime_PA_CmdLineData\librt_E200z0_VLE_Soft\obj\runtime.o
  UNUSED   000000 ........ ........    _save32gpr_25 librt_E200z0_VLE_Soft.a D:\w\EPPC\workspace_codegen\ewl\EWL_Runtime\Runtime_PA_CmdLineData\librt_E200z0_VLE_Soft\obj\runtime.o
  00004240 000000 40005590 00004820    _savegpr_26 (entry of __save_gpr) 	librt_E200z0_VLE_Soft.a D:\w\EPPC\workspace_codegen\ewl\EWL_Runtime\Runtime_PA_CmdLineData\librt_E200z0_VLE_Soft\obj\runtime.o
  UNUSED   000000 ........ ........    _save32gpr_26 librt_E200z0_VLE_Soft.a D:\w\EPPC\workspace_codegen\ewl\EWL_Runtime\Runtime_PA_CmdLineData\librt_E200z0_VLE_Soft\obj\runtime.o
  UNUSED   000000 ........ ........    _savegpr_27 librt_E200z0_VLE_Soft.a D:\w\EPPC\workspace_codegen\ewl\EWL_Runtime\Runtime_PA_CmdLineData\librt_E200z0_VLE_Soft\obj\runtime.o
  UNUSED   000000 ........ ........    _save32gpr_27 librt_E200z0_VLE_Soft.a D:\w\EPPC\workspace_codegen\ewl\EWL_Runtime\Runtime_PA_CmdLineData\librt_E200z0_VLE_Soft\obj\runtime.o
  00004248 000000 40005598 00004828    _savegpr_28 (entry of __save_gpr) 	librt_E200z0_VLE_Soft.a D:\w\EPPC\workspace_codegen\ewl\EWL_Runtime\Runtime_PA_CmdLineData\librt_E200z0_VLE_Soft\obj\runtime.o
  UNUSED   000000 ........ ........    _save32gpr_28 librt_E200z0_VLE_Soft.a D:\w\EPPC\workspace_codegen\ewl\EWL_Runtime\Runtime_PA_CmdLineData\librt_E200z0_VLE_Soft\obj\runtime.o
  0000424c 000000 4000559c 0000482c    _savegpr_29 (entry of __save_gpr) 	librt_E200z0_VLE_Soft.a D:\w\EPPC\workspace_codegen\ewl\EWL_Runtime\Runtime_PA_CmdLineData\librt_E200z0_VLE_Soft\obj\runtime.o
  UNUSED   000000 ........ ........    _save32gpr_29 librt_E200z0_VLE_Soft.a D:\w\EPPC\workspace_codegen\ewl\EWL_Runtime\Runtime_PA_CmdLineData\librt_E200z0_VLE_Soft\obj\runtime.o
  00004250 000000 400055a0 00004830    _savegpr_30 (entry of __save_gpr) 	librt_E200z0_VLE_Soft.a D:\w\EPPC\workspace_codegen\ewl\EWL_Runtime\Runtime_PA_CmdLineData\librt_E200z0_VLE_Soft\obj\runtime.o
  UNUSED   000000 ........ ........    _save32gpr_30 librt_E200z0_VLE_Soft.a D:\w\EPPC\workspace_codegen\ewl\EWL_Runtime\Runtime_PA_CmdLineData\librt_E200z0_VLE_Soft\obj\runtime.o
  UNUSED   000000 ........ ........    _savegpr_31 librt_E200z0_VLE_Soft.a D:\w\EPPC\workspace_codegen\ewl\EWL_Runtime\Runtime_PA_CmdLineData\librt_E200z0_VLE_Soft\obj\runtime.o
  UNUSED   000000 ........ ........    _save32gpr_31 librt_E200z0_VLE_Soft.a D:\w\EPPC\workspace_codegen\ewl\EWL_Runtime\Runtime_PA_CmdLineData\librt_E200z0_VLE_Soft\obj\runtime.o
  UNUSED   00004a ........ ........    __restore_gpr librt_E200z0_VLE_Soft.a D:\w\EPPC\workspace_codegen\ewl\EWL_Runtime\Runtime_PA_CmdLineData\librt_E200z0_VLE_Soft\obj\runtime.o
  UNUSED   000000 ........ ........    _restgpr_14 librt_E200z0_VLE_Soft.a D:\w\EPPC\workspace_codegen\ewl\EWL_Runtime\Runtime_PA_CmdLineData\librt_E200z0_VLE_Soft\obj\runtime.o
  UNUSED   000000 ........ ........    _rest32gpr_14 librt_E200z0_VLE_Soft.a D:\w\EPPC\workspace_codegen\ewl\EWL_Runtime\Runtime_PA_CmdLineData\librt_E200z0_VLE_Soft\obj\runtime.o
  UNUSED   000000 ........ ........    _restgpr_15 librt_E200z0_VLE_Soft.a D:\w\EPPC\workspace_codegen\ewl\EWL_Runtime\Runtime_PA_CmdLineData\librt_E200z0_VLE_Soft\obj\runtime.o
  UNUSED   000000 ........ ........    _rest32gpr_15 librt_E200z0_VLE_Soft.a D:\w\EPPC\workspace_codegen\ewl\EWL_Runtime\Runtime_PA_CmdLineData\librt_E200z0_VLE_Soft\obj\runtime.o
  UNUSED   000000 ........ ........    _restgpr_16 librt_E200z0_VLE_Soft.a D:\w\EPPC\workspace_codegen\ewl\EWL_Runtime\Runtime_PA_CmdLineData\librt_E200z0_VLE_Soft\obj\runtime.o
  UNUSED   000000 ........ ........    _rest32gpr_16 librt_E200z0_VLE_Soft.a D:\w\EPPC\workspace_codegen\ewl\EWL_Runtime\Runtime_PA_CmdLineData\librt_E200z0_VLE_Soft\obj\runtime.o
  UNUSED   000000 ........ ........    _restgpr_17 librt_E200z0_VLE_Soft.a D:\w\EPPC\workspace_codegen\ewl\EWL_Runtime\Runtime_PA_CmdLineData\librt_E200z0_VLE_Soft\obj\runtime.o
  UNUSED   000000 ........ ........    _rest32gpr_17 librt_E200z0_VLE_Soft.a D:\w\EPPC\workspace_codegen\ewl\EWL_Runtime\Runtime_PA_CmdLineData\librt_E200z0_VLE_Soft\obj\runtime.o
  UNUSED   000000 ........ ........    _restgpr_18 librt_E200z0_VLE_Soft.a D:\w\EPPC\workspace_codegen\ewl\EWL_Runtime\Runtime_PA_CmdLineData\librt_E200z0_VLE_Soft\obj\runtime.o
  UNUSED   000000 ........ ........    _rest32gpr_18 librt_E200z0_VLE_Soft.a D:\w\EPPC\workspace_codegen\ewl\EWL_Runtime\Runtime_PA_CmdLineData\librt_E200z0_VLE_Soft\obj\runtime.o
  UNUSED   000000 ........ ........    _restgpr_19 librt_E200z0_VLE_Soft.a D:\w\EPPC\workspace_codegen\ewl\EWL_Runtime\Runtime_PA_CmdLineData\librt_E200z0_VLE_Soft\obj\runtime.o
  UNUSED   000000 ........ ........    _rest32gpr_19 librt_E200z0_VLE_Soft.a D:\w\EPPC\workspace_codegen\ewl\EWL_Runtime\Runtime_PA_CmdLineData\librt_E200z0_VLE_Soft\obj\runtime.o
  UNUSED   000000 ........ ........    _restgpr_20 librt_E200z0_VLE_Soft.a D:\w\EPPC\workspace_codegen\ewl\EWL_Runtime\Runtime_PA_CmdLineData\librt_E200z0_VLE_Soft\obj\runtime.o
  UNUSED   000000 ........ ........    _rest32gpr_20 librt_E200z0_VLE_Soft.a D:\w\EPPC\workspace_codegen\ewl\EWL_Runtime\Runtime_PA_CmdLineData\librt_E200z0_VLE_Soft\obj\runtime.o
  UNUSED   000000 ........ ........    _restgpr_21 librt_E200z0_VLE_Soft.a D:\w\EPPC\workspace_codegen\ewl\EWL_Runtime\Runtime_PA_CmdLineData\librt_E200z0_VLE_Soft\obj\runtime.o
  UNUSED   000000 ........ ........    _rest32gpr_21 librt_E200z0_VLE_Soft.a D:\w\EPPC\workspace_codegen\ewl\EWL_Runtime\Runtime_PA_CmdLineData\librt_E200z0_VLE_Soft\obj\runtime.o
  UNUSED   000000 ........ ........    _restgpr_22 librt_E200z0_VLE_Soft.a D:\w\EPPC\workspace_codegen\ewl\EWL_Runtime\Runtime_PA_CmdLineData\librt_E200z0_VLE_Soft\obj\runtime.o
  UNUSED   000000 ........ ........    _rest32gpr_22 librt_E200z0_VLE_Soft.a D:\w\EPPC\workspace_codegen\ewl\EWL_Runtime\Runtime_PA_CmdLineData\librt_E200z0_VLE_Soft\obj\runtime.o
  UNUSED   000000 ........ ........    _restgpr_23 librt_E200z0_VLE_Soft.a D:\w\EPPC\workspace_codegen\ewl\EWL_Runtime\Runtime_PA_CmdLineData\librt_E200z0_VLE_Soft\obj\runtime.o
  UNUSED   000000 ........ ........    _rest32gpr_23 librt_E200z0_VLE_Soft.a D:\w\EPPC\workspace_codegen\ewl\EWL_Runtime\Runtime_PA_CmdLineData\librt_E200z0_VLE_Soft\obj\runtime.o
  UNUSED   000000 ........ ........    _restgpr_24 librt_E200z0_VLE_Soft.a D:\w\EPPC\workspace_codegen\ewl\EWL_Runtime\Runtime_PA_CmdLineData\librt_E200z0_VLE_Soft\obj\runtime.o
  UNUSED   000000 ........ ........    _rest32gpr_24 librt_E200z0_VLE_Soft.a D:\w\EPPC\workspace_codegen\ewl\EWL_Runtime\Runtime_PA_CmdLineData\librt_E200z0_VLE_Soft\obj\runtime.o
  UNUSED   000000 ........ ........    _restgpr_25 librt_E200z0_VLE_Soft.a D:\w\EPPC\workspace_codegen\ewl\EWL_Runtime\Runtime_PA_CmdLineData\librt_E200z0_VLE_Soft\obj\runtime.o
  UNUSED   000000 ........ ........    _rest32gpr_25 librt_E200z0_VLE_Soft.a D:\w\EPPC\workspace_codegen\ewl\EWL_Runtime\Runtime_PA_CmdLineData\librt_E200z0_VLE_Soft\obj\runtime.o
  UNUSED   000000 ........ ........    _restgpr_26 librt_E200z0_VLE_Soft.a D:\w\EPPC\workspace_codegen\ewl\EWL_Runtime\Runtime_PA_CmdLineData\librt_E200z0_VLE_Soft\obj\runtime.o
  UNUSED   000000 ........ ........    _rest32gpr_26 librt_E200z0_VLE_Soft.a D:\w\EPPC\workspace_codegen\ewl\EWL_Runtime\Runtime_PA_CmdLineData\librt_E200z0_VLE_Soft\obj\runtime.o
  UNUSED   000000 ........ ........    _restgpr_27 librt_E200z0_VLE_Soft.a D:\w\EPPC\workspace_codegen\ewl\EWL_Runtime\Runtime_PA_CmdLineData\librt_E200z0_VLE_Soft\obj\runtime.o
  UNUSED   000000 ........ ........    _rest32gpr_27 librt_E200z0_VLE_Soft.a D:\w\EPPC\workspace_codegen\ewl\EWL_Runtime\Runtime_PA_CmdLineData\librt_E200z0_VLE_Soft\obj\runtime.o
  UNUSED   000000 ........ ........    _restgpr_28 librt_E200z0_VLE_Soft.a D:\w\EPPC\workspace_codegen\ewl\EWL_Runtime\Runtime_PA_CmdLineData\librt_E200z0_VLE_Soft\obj\runtime.o
  UNUSED   000000 ........ ........    _rest32gpr_28 librt_E200z0_VLE_Soft.a D:\w\EPPC\workspace_codegen\ewl\EWL_Runtime\Runtime_PA_CmdLineData\librt_E200z0_VLE_Soft\obj\runtime.o
  UNUSED   000000 ........ ........    _restgpr_29 librt_E200z0_VLE_Soft.a D:\w\EPPC\workspace_codegen\ewl\EWL_Runtime\Runtime_PA_CmdLineData\librt_E200z0_VLE_Soft\obj\runtime.o
  UNUSED   000000 ........ ........    _rest32gpr_29 librt_E200z0_VLE_Soft.a D:\w\EPPC\workspace_codegen\ewl\EWL_Runtime\Runtime_PA_CmdLineData\librt_E200z0_VLE_Soft\obj\runtime.o
  UNUSED   000000 ........ ........    _restgpr_30 librt_E200z0_VLE_Soft.a D:\w\EPPC\workspace_codegen\ewl\EWL_Runtime\Runtime_PA_CmdLineData\librt_E200z0_VLE_Soft\obj\runtime.o
  UNUSED   000000 ........ ........    _rest32gpr_30 librt_E200z0_VLE_Soft.a D:\w\EPPC\workspace_codegen\ewl\EWL_Runtime\Runtime_PA_CmdLineData\librt_E200z0_VLE_Soft\obj\runtime.o
  UNUSED   000000 ........ ........    _restgpr_31 librt_E200z0_VLE_Soft.a D:\w\EPPC\workspace_codegen\ewl\EWL_Runtime\Runtime_PA_CmdLineData\librt_E200z0_VLE_Soft\obj\runtime.o
  UNUSED   000000 ........ ........    _rest32gpr_31 librt_E200z0_VLE_Soft.a D:\w\EPPC\workspace_codegen\ewl\EWL_Runtime\Runtime_PA_CmdLineData\librt_E200z0_VLE_Soft\obj\runtime.o
  0000425a 000008 400055aa 0000483a  2 __restore_frame_and_exit 	librt_E200z0_VLE_Soft.a D:\w\EPPC\workspace_codegen\ewl\EWL_Runtime\Runtime_PA_CmdLineData\librt_E200z0_VLE_Soft\obj\runtime.o
  0000425c 000000 400055ac 0000483c    __finish_restore_frame_and_exit2 (entry of __restore_frame_and_exit) 	librt_E200z0_VLE_Soft.a D:\w\EPPC\workspace_codegen\ewl\EWL_Runtime\Runtime_PA_CmdLineData\librt_E200z0_VLE_Soft\obj\runtime.o
  00004262 00000a 400055b2 00004842  2 __restore_gpr_31_exit 	librt_E200z0_VLE_Soft.a D:\w\EPPC\workspace_codegen\ewl\EWL_Runtime\Runtime_PA_CmdLineData\librt_E200z0_VLE_Soft\obj\runtime.o
  00004268 000000 400055b8 00004848    __finish_restore_frame_and_exit (entry of __restore_gpr_31_exit) 	librt_E200z0_VLE_Soft.a D:\w\EPPC\workspace_codegen\ewl\EWL_Runtime\Runtime_PA_CmdLineData\librt_E200z0_VLE_Soft\obj\runtime.o
  0000426c 000008 400055bc 0000484c  2 __restore_gpr_30_exit 	librt_E200z0_VLE_Soft.a D:\w\EPPC\workspace_codegen\ewl\EWL_Runtime\Runtime_PA_CmdLineData\librt_E200z0_VLE_Soft\obj\runtime.o
  00004274 000008 400055c4 00004854  2 __restore_gpr_29_exit 	librt_E200z0_VLE_Soft.a D:\w\EPPC\workspace_codegen\ewl\EWL_Runtime\Runtime_PA_CmdLineData\librt_E200z0_VLE_Soft\obj\runtime.o
  0000427c 000008 400055cc 0000485c  2 __restore_gpr_28_exit 	librt_E200z0_VLE_Soft.a D:\w\EPPC\workspace_codegen\ewl\EWL_Runtime\Runtime_PA_CmdLineData\librt_E200z0_VLE_Soft\obj\runtime.o
  UNUSED   000008 ........ ........    __restore_gpr_27_exit librt_E200z0_VLE_Soft.a D:\w\EPPC\workspace_codegen\ewl\EWL_Runtime\Runtime_PA_CmdLineData\librt_E200z0_VLE_Soft\obj\runtime.o
  00004284 000008 400055d4 00004864  2 __restore_gpr_26_exit 	librt_E200z0_VLE_Soft.a D:\w\EPPC\workspace_codegen\ewl\EWL_Runtime\Runtime_PA_CmdLineData\librt_E200z0_VLE_Soft\obj\runtime.o
  UNUSED   00000a ........ ........    __restore_gpr_25_exit librt_E200z0_VLE_Soft.a D:\w\EPPC\workspace_codegen\ewl\EWL_Runtime\Runtime_PA_CmdLineData\librt_E200z0_VLE_Soft\obj\runtime.o
  UNUSED   000008 ........ ........    __restore_gpr_24_exit librt_E200z0_VLE_Soft.a D:\w\EPPC\workspace_codegen\ewl\EWL_Runtime\Runtime_PA_CmdLineData\librt_E200z0_VLE_Soft\obj\runtime.o
  UNUSED   000008 ........ ........    __restore_gpr_23_exit librt_E200z0_VLE_Soft.a D:\w\EPPC\workspace_codegen\ewl\EWL_Runtime\Runtime_PA_CmdLineData\librt_E200z0_VLE_Soft\obj\runtime.o
  UNUSED   000008 ........ ........    __restore_gpr_22_exit librt_E200z0_VLE_Soft.a D:\w\EPPC\workspace_codegen\ewl\EWL_Runtime\Runtime_PA_CmdLineData\librt_E200z0_VLE_Soft\obj\runtime.o
  0000428c 000008 400055dc 0000486c  2 __restore_gpr_21_exit 	librt_E200z0_VLE_Soft.a D:\w\EPPC\workspace_codegen\ewl\EWL_Runtime\Runtime_PA_CmdLineData\librt_E200z0_VLE_Soft\obj\runtime.o
  UNUSED   000008 ........ ........    __restore_gpr_20_exit librt_E200z0_VLE_Soft.a D:\w\EPPC\workspace_codegen\ewl\EWL_Runtime\Runtime_PA_CmdLineData\librt_E200z0_VLE_Soft\obj\runtime.o
  UNUSED   000008 ........ ........    __restore_gpr_19_exit librt_E200z0_VLE_Soft.a D:\w\EPPC\workspace_codegen\ewl\EWL_Runtime\Runtime_PA_CmdLineData\librt_E200z0_VLE_Soft\obj\runtime.o
  UNUSED   000008 ........ ........    __restore_gpr_18_exit librt_E200z0_VLE_Soft.a D:\w\EPPC\workspace_codegen\ewl\EWL_Runtime\Runtime_PA_CmdLineData\librt_E200z0_VLE_Soft\obj\runtime.o
  UNUSED   000008 ........ ........    __restore_gpr_17_exit librt_E200z0_VLE_Soft.a D:\w\EPPC\workspace_codegen\ewl\EWL_Runtime\Runtime_PA_CmdLineData\librt_E200z0_VLE_Soft\obj\runtime.o
  UNUSED   000008 ........ ........    __restore_gpr_16_exit librt_E200z0_VLE_Soft.a D:\w\EPPC\workspace_codegen\ewl\EWL_Runtime\Runtime_PA_CmdLineData\librt_E200z0_VLE_Soft\obj\runtime.o
  UNUSED   000008 ........ ........    __restore_gpr_15_exit librt_E200z0_VLE_Soft.a D:\w\EPPC\workspace_codegen\ewl\EWL_Runtime\Runtime_PA_CmdLineData\librt_E200z0_VLE_Soft\obj\runtime.o
  UNUSED   000008 ........ ........    __restore_gpr_14_exit librt_E200z0_VLE_Soft.a D:\w\EPPC\workspace_codegen\ewl\EWL_Runtime\Runtime_PA_CmdLineData\librt_E200z0_VLE_Soft\obj\runtime.o
  00004294 00000c 400055e4 00004874  2 __create_frame 	librt_E200z0_VLE_Soft.a D:\w\EPPC\workspace_codegen\ewl\EWL_Runtime\Runtime_PA_CmdLineData\librt_E200z0_VLE_Soft\obj\runtime.o
  0000429a 000000 400055ea 0000487a    __save_lr (entry of __create_frame) 	librt_E200z0_VLE_Soft.a D:\w\EPPC\workspace_codegen\ewl\EWL_Runtime\Runtime_PA_CmdLineData\librt_E200z0_VLE_Soft\obj\runtime.o
  UNUSED   00000c ........ ........    __create_frame_and_save_gpr_31 librt_E200z0_VLE_Soft.a D:\w\EPPC\workspace_codegen\ewl\EWL_Runtime\Runtime_PA_CmdLineData\librt_E200z0_VLE_Soft\obj\runtime.o
  UNUSED   00000c ........ ........    __create_frame_and_save_gpr_30 librt_E200z0_VLE_Soft.a D:\w\EPPC\workspace_codegen\ewl\EWL_Runtime\Runtime_PA_CmdLineData\librt_E200z0_VLE_Soft\obj\runtime.o
  UNUSED   00000c ........ ........    __create_frame_and_save_gpr_29 librt_E200z0_VLE_Soft.a D:\w\EPPC\workspace_codegen\ewl\EWL_Runtime\Runtime_PA_CmdLineData\librt_E200z0_VLE_Soft\obj\runtime.o
  UNUSED   00000c ........ ........    __create_frame_and_save_gpr_28 librt_E200z0_VLE_Soft.a D:\w\EPPC\workspace_codegen\ewl\EWL_Runtime\Runtime_PA_CmdLineData\librt_E200z0_VLE_Soft\obj\runtime.o
  UNUSED   00000c ........ ........    __create_frame_and_save_gpr_27 librt_E200z0_VLE_Soft.a D:\w\EPPC\workspace_codegen\ewl\EWL_Runtime\Runtime_PA_CmdLineData\librt_E200z0_VLE_Soft\obj\runtime.o
  UNUSED   00000c ........ ........    __create_frame_and_save_gpr_26 librt_E200z0_VLE_Soft.a D:\w\EPPC\workspace_codegen\ewl\EWL_Runtime\Runtime_PA_CmdLineData\librt_E200z0_VLE_Soft\obj\runtime.o
  UNUSED   00000c ........ ........    __create_frame_and_save_gpr_25 librt_E200z0_VLE_Soft.a D:\w\EPPC\workspace_codegen\ewl\EWL_Runtime\Runtime_PA_CmdLineData\librt_E200z0_VLE_Soft\obj\runtime.o
  UNUSED   00000c ........ ........    __create_frame_and_save_gpr_24 librt_E200z0_VLE_Soft.a D:\w\EPPC\workspace_codegen\ewl\EWL_Runtime\Runtime_PA_CmdLineData\librt_E200z0_VLE_Soft\obj\runtime.o
  UNUSED   00000c ........ ........    __create_frame_and_save_gpr_23 librt_E200z0_VLE_Soft.a D:\w\EPPC\workspace_codegen\ewl\EWL_Runtime\Runtime_PA_CmdLineData\librt_E200z0_VLE_Soft\obj\runtime.o
  UNUSED   00000c ........ ........    __create_frame_and_save_gpr_22 librt_E200z0_VLE_Soft.a D:\w\EPPC\workspace_codegen\ewl\EWL_Runtime\Runtime_PA_CmdLineData\librt_E200z0_VLE_Soft\obj\runtime.o
  000042a0 00000c 400055f0 00004880  2 __create_frame_and_save_gpr_21 	librt_E200z0_VLE_Soft.a D:\w\EPPC\workspace_codegen\ewl\EWL_Runtime\Runtime_PA_CmdLineData\librt_E200z0_VLE_Soft\obj\runtime.o
  UNUSED   00000c ........ ........    __create_frame_and_save_gpr_20 librt_E200z0_VLE_Soft.a D:\w\EPPC\workspace_codegen\ewl\EWL_Runtime\Runtime_PA_CmdLineData\librt_E200z0_VLE_Soft\obj\runtime.o
  UNUSED   00000c ........ ........    __create_frame_and_save_gpr_19 librt_E200z0_VLE_Soft.a D:\w\EPPC\workspace_codegen\ewl\EWL_Runtime\Runtime_PA_CmdLineData\librt_E200z0_VLE_Soft\obj\runtime.o
  UNUSED   00000c ........ ........    __create_frame_and_save_gpr_18 librt_E200z0_VLE_Soft.a D:\w\EPPC\workspace_codegen\ewl\EWL_Runtime\Runtime_PA_CmdLineData\librt_E200z0_VLE_Soft\obj\runtime.o
  UNUSED   00000c ........ ........    __create_frame_and_save_gpr_17 librt_E200z0_VLE_Soft.a D:\w\EPPC\workspace_codegen\ewl\EWL_Runtime\Runtime_PA_CmdLineData\librt_E200z0_VLE_Soft\obj\runtime.o
  UNUSED   00000c ........ ........    __create_frame_and_save_gpr_16 librt_E200z0_VLE_Soft.a D:\w\EPPC\workspace_codegen\ewl\EWL_Runtime\Runtime_PA_CmdLineData\librt_E200z0_VLE_Soft\obj\runtime.o
  UNUSED   00000c ........ ........    __create_frame_and_save_gpr_15 librt_E200z0_VLE_Soft.a D:\w\EPPC\workspace_codegen\ewl\EWL_Runtime\Runtime_PA_CmdLineData\librt_E200z0_VLE_Soft\obj\runtime.o
  UNUSED   00000c ........ ........    __create_frame_and_save_gpr_14 librt_E200z0_VLE_Soft.a D:\w\EPPC\workspace_codegen\ewl\EWL_Runtime\Runtime_PA_CmdLineData\librt_E200z0_VLE_Soft\obj\runtime.o
  UNUSED   0000c4 ........ ........    __div2u librt_E200z0_VLE_Soft.a D:\w\EPPC\workspace_codegen\ewl\EWL_Runtime\Runtime_PA_CmdLineData\librt_E200z0_VLE_Soft\obj\runtime.o
  UNUSED   000108 ........ ........    __div2i librt_E200z0_VLE_Soft.a D:\w\EPPC\workspace_codegen\ewl\EWL_Runtime\Runtime_PA_CmdLineData\librt_E200z0_VLE_Soft\obj\runtime.o
  UNUSED   0000ba ........ ........    __mod2u librt_E200z0_VLE_Soft.a D:\w\EPPC\workspace_codegen\ewl\EWL_Runtime\Runtime_PA_CmdLineData\librt_E200z0_VLE_Soft\obj\runtime.o
  UNUSED   0000e2 ........ ........    __mod2i librt_E200z0_VLE_Soft.a D:\w\EPPC\workspace_codegen\ewl\EWL_Runtime\Runtime_PA_CmdLineData\librt_E200z0_VLE_Soft\obj\runtime.o
  UNUSED   00001a ........ ........    __shl2i librt_E200z0_VLE_Soft.a D:\w\EPPC\workspace_codegen\ewl\EWL_Runtime\Runtime_PA_CmdLineData\librt_E200z0_VLE_Soft\obj\runtime.o
  UNUSED   00001a ........ ........    __shr2u librt_E200z0_VLE_Soft.a D:\w\EPPC\workspace_codegen\ewl\EWL_Runtime\Runtime_PA_CmdLineData\librt_E200z0_VLE_Soft\obj\runtime.o
  UNUSED   00001c ........ ........    __shr2i librt_E200z0_VLE_Soft.a D:\w\EPPC\workspace_codegen\ewl\EWL_Runtime\Runtime_PA_CmdLineData\librt_E200z0_VLE_Soft\obj\runtime.o
  000042ac 000000 400055fc 0000488c  1 .text.205 	librt_E200z0_VLE_Soft.a D:\w\EPPC\workspace_codegen\ewl\EWL_Runtime\Runtime_PA_CmdLineData\librt_E200z0_VLE_Soft\obj\runtime.o


.rodata section layout
  Starting        Virtual  File
  address  Size   address  offset
  ---------------------------------
  00000000 00000c 40005600 00004890  1 .rodata 	__ppc_eabi_init_c.obj 
  00000000 00000c 40005600 00004890  4 @22 	__ppc_eabi_init_c.obj 
  0000000c 000004 40005610 000048a0  8 *fill*
  00000010 0000b0 40005610 000048a0  1 .rodata 	ff_c.obj 
  00000010 000080 40005610 000048a0  8 ExCvt 	ff_c.obj 
  00000090 00000d 40005690 00004920  4 LfnOfs 	ff_c.obj 
  000000a0 000020 400056a0 00004930  8 @LOCAL@get_ldnumber__FPPCc@str 	ff_c.obj 
  UNUSED   000016 ........ ........    @LOCAL@f_mkfs__FPCcUcUs@vst ff_c.obj 
  UNUSED   000016 ........ ........    @LOCAL@f_mkfs__FPCcUcUs@cst@0 ff_c.obj 
  000000c0 0004c0 400056c0 00004950  1 .rodata 	ccsbcs_c.obj 
  000000c0 000100 400056c0 00004950  8 Tbl 	ccsbcs_c.obj 
  000001c0 0001e0 400057c0 00004a50  8 @LOCAL@ff_wtoupper__FUs@tbl_lower 	ccsbcs_c.obj 
  000003a0 0001e0 400059a0 00004c30  8 @LOCAL@ff_wtoupper__FUs@tbl_upper@0 	ccsbcs_c.obj 
  00000580 00000f 40005b80 00004e10  1 .rodata 	SD_hardware_c.obj 
  00000580 00000f 40005b80 00004e10  4 @250 	SD_hardware_c.obj 
  0000058f 000001 40005b90 00004e20  8 *fill*
  00000590 000100 40005b90 00004e20  1 .rodata 	libc_E200z0_VLE_Soft.a D:\w\EPPC\workspace_codegen\ewl\EWL_C\EWL_C.PA_CmdLineData\libc_E200z0_VLE_Soft\obj\ctype.o
  00000590 000100 40005b90 00004e20  8 __ctype_mapC 	libc_E200z0_VLE_Soft.a D:\w\EPPC\workspace_codegen\ewl\EWL_C\EWL_C.PA_CmdLineData\libc_E200z0_VLE_Soft\obj\ctype.o
  UNUSED   000080 ........ ........    __lower_mapC libc_E200z0_VLE_Soft.a D:\w\EPPC\workspace_codegen\ewl\EWL_C\EWL_C.PA_CmdLineData\libc_E200z0_VLE_Soft\obj\ctype.o
  UNUSED   000080 ........ ........    __upper_mapC libc_E200z0_VLE_Soft.a D:\w\EPPC\workspace_codegen\ewl\EWL_C\EWL_C.PA_CmdLineData\libc_E200z0_VLE_Soft\obj\ctype.o


.ctors section layout
  Starting        Virtual  File
  address  Size   address  offset
  ---------------------------------


.dtors section layout
  Starting        Virtual  File
  address  Size   address  offset
  ---------------------------------


extab section layout
  Starting        Virtual  File
  address  Size   address  offset
  ---------------------------------


extabindex section layout
  Starting        Virtual  File
  address  Size   address  offset
  ---------------------------------


.__uninitialized_intc_handlertable section layout
  Starting        Virtual  File
  address  Size   address  offset
  ---------------------------------
  00000000 000348 40005c90 00004f20  1 .__uninitialized_intc_handlertable 	IntcInterrupts_c.obj 
  00000000 000348 40005c90 00004f20  8 INTCInterruptsHandlerTable 	IntcInterrupts_c.obj 


.data section layout
  Starting        Virtual  File
  address  Size   address  offset
  ---------------------------------
  00000000 000009 40005fd8 00004f20  1 .data 	ff_c.obj 
  00000000 000009 40005fd8 00004f20  4 @939 	ff_c.obj 
  UNUSED   000010 ........ ........    @1916 ff_c.obj 
  UNUSED   00000c ........ ........    @2082 ff_c.obj 
  UNUSED   000014 ........ ........    @2083 ff_c.obj 
  UNUSED   000014 ........ ........    @2084 ff_c.obj 
  UNUSED   00005c ........ ........    @2286 ff_c.obj 
  00000009 000007 40005fe8 00004f30  8 *fill*
  00000010 00000e 40005fe8 00004f30  1 .data 	WRITE_SD_c.obj 
  00000010 00000e 40005fe8 00004f30  4 @127 	WRITE_SD_c.obj 
  0000001e 000002 40005ff8 00004f40  8 *fill*
  00000020 000009 40005ff8 00004f40  1 .data 	SD_hardware_c.obj 
  00000020 000009 40005ff8 00004f40  4 @281 	SD_hardware_c.obj 
  00000029 000007 40006008 00004f50  8 *fill*
  00000030 000084 40006008 00004f50  1 .data 	libc_E200z0_VLE_Soft.a D:\w\EPPC\workspace_codegen\ewl\EWL_C\EWL_C.PA_CmdLineData\libc_E200z0_VLE_Soft\obj\printformat_.o
  00000030 000084 40006008 00004f50  4 @248 	libc_E200z0_VLE_Soft.a D:\w\EPPC\workspace_codegen\ewl\EWL_C\EWL_C.PA_CmdLineData\libc_E200z0_VLE_Soft\obj\printformat_.o


.sdata section layout
  Starting        Virtual  File
  address  Size   address  offset
  ---------------------------------
  00000000 000035 40006090 00004fd8  1 .sdata 	ff_c.obj 
  00000000 000007 40006090 00004fd8  4 @940 	ff_c.obj 
  00000008 000004 40006098 00004fe0  4 @1003 	ff_c.obj 
  0000000c 000005 4000609c 00004fe4  4 @1004 	ff_c.obj 
  00000014 000003 400060a4 00004fec  4 @1005 	ff_c.obj 
  00000018 000004 400060a8 00004ff0  4 @1006 	ff_c.obj 
  0000001c 000004 400060ac 00004ff4  4 @1007 	ff_c.obj 
  00000020 000005 400060b0 00004ff8  4 @1008 	ff_c.obj 
  00000028 000005 400060b8 00005000  4 @1009 	ff_c.obj 
  00000030 000005 400060c0 00005008  4 @1010 	ff_c.obj 
  00000035 000003 400060c8 00005010  8 *fill*
  00000038 000008 400060c8 00005010  1 .sdata 	WRITE_SD_c.obj 
  00000038 000008 400060c8 00005010  8 @107 	WRITE_SD_c.obj 
  00000040 000003 400060d0 00005018  1 .sdata 	SD_hardware_c.obj 
  00000040 000003 400060d0 00005018  4 @239 	SD_hardware_c.obj 
  00000043 000005 400060d8 00005020  8 *fill*
  00000048 000001 400060d8 00005020  1 .sdata 	libc_E200z0_VLE_Soft.a D:\w\EPPC\workspace_codegen\ewl\EWL_C\EWL_C.PA_CmdLineData\libc_E200z0_VLE_Soft\obj\printformat_.o
  00000048 000001 400060d8 00005020  4 @650 	libc_E200z0_VLE_Soft.a D:\w\EPPC\workspace_codegen\ewl\EWL_C\EWL_C.PA_CmdLineData\libc_E200z0_VLE_Soft\obj\printformat_.o


.sbss section layout
  Starting        Virtual  File
  address  Size   address  offset
  ---------------------------------
  00000000 000008 400060e0 00005028  1 .sbss 	ff_c.obj 
  00000000 000002 400060e0 00005028  2 Fsid 	ff_c.obj 
  00000004 000004 400060e4 0000502c  4 FatFs 	ff_c.obj 
  00000008 000008 400060e8 00005030  1 .sbss 	libc_E200z0_VLE_Soft.a D:\w\EPPC\workspace_codegen\ewl\EWL_C\EWL_C.PA_CmdLineData\libc_E200z0_VLE_Soft\obj\abort_exit.o
  UNUSED   000004 ........ ........    __atexit_curr_func_C libc_E200z0_VLE_Soft.a D:\w\EPPC\workspace_codegen\ewl\EWL_C\EWL_C.PA_CmdLineData\libc_E200z0_VLE_Soft\obj\abort_exit.o
  00000008 000004 400060e8 00005030  4 __stdio_exit 	libc_E200z0_VLE_Soft.a D:\w\EPPC\workspace_codegen\ewl\EWL_C\EWL_C.PA_CmdLineData\libc_E200z0_VLE_Soft\obj\abort_exit.o
  0000000c 000004 400060ec 00005034  4 __console_exit 	libc_E200z0_VLE_Soft.a D:\w\EPPC\workspace_codegen\ewl\EWL_C\EWL_C.PA_CmdLineData\libc_E200z0_VLE_Soft\obj\abort_exit.o
  00000010 000004 400060f0 00005038  1 .sbss 	librt_E200z0_VLE_Soft.a D:\w\EPPC\workspace_codegen\ewl\EWL_Runtime\Runtime_PA_CmdLineData\librt_E200z0_VLE_Soft\obj\global_destructor_chain.o
  UNUSED   000004 ........ ........    atexit_curr_func librt_E200z0_VLE_Soft.a D:\w\EPPC\workspace_codegen\ewl\EWL_Runtime\Runtime_PA_CmdLineData\librt_E200z0_VLE_Soft\obj\global_destructor_chain.o
  00000010 000004 400060f0 00005038  4 __global_destructor_chain 	librt_E200z0_VLE_Soft.a D:\w\EPPC\workspace_codegen\ewl\EWL_Runtime\Runtime_PA_CmdLineData\librt_E200z0_VLE_Soft\obj\global_destructor_chain.o


.sdata2 section layout
  Starting        Virtual  File
  address  Size   address  offset
  ---------------------------------


.sbss2 section layout
  Starting        Virtual  File
  address  Size   address  offset
  ---------------------------------


.bss section layout
  Starting        Virtual  File
  address  Size   address  offset
  ---------------------------------
  00000000 003000 400060f8 00005028  1 .bss 	main_c.obj 
  00000000 003000 400060f8 00005028  8 result 	main_c.obj 
  00003000 000200 400090f8 00008028  1 .bss 	ff_c.obj 
  00003000 000200 400090f8 00008028  8 LfnBuf 	ff_c.obj 
  00003200 000244 400092f8 00008228  1 .bss 	WRITE_SD_c.obj 
  00003200 00001e 400092f8 00008228  4 tchar 	WRITE_SD_c.obj 
  00003220 000224 40009318 00008248  4 fil 	WRITE_SD_c.obj 
  00003444 000004 40009540 00008470  8 *fill*
  00003448 000230 40009540 00008470  1 .bss 	SD_hardware_c.obj 
  00003448 000230 40009540 00008470  8 fatfs1 	SD_hardware_c.obj 


Memory map:
                       Starting Size     File       S-Record
                       address           Offset     Line
    .ivor_branch_table 40000000 000000f4 000001a0          2
  .intc_hw_branch_table 400000f4 00000000 00000294          0
                 .init 40001000 0000008c 00000294         15
             .init_vle 4000108c 00000208 00000320         22
  .__exception_handlers 400012a0 000000a4 00000530         48
                 .text 40001344 00000000 000005e0          0
             .text_vle 40001350 000042ac 000005e0         57
               .rodata 40005600 00000690 00004890        911
                .ctors 40005c90 00000000 00004f20          0
                .dtors 40005c90 00000000 00004f20          0
                 extab 40005c90 00000000 00004f20          0
            extabindex 40005c90 00000000 00004f20          0
  .__uninitialized_intc_handlertable 40005c90 00000348 00004f20          0
                 .data 40005fd8 000000b4 00004f20        995
                .sdata 40006090 0000004c 00004fd8       1004
                 .sbss 400060e0 00000014 00005028          0
               .sdata2 400060f4 00000000 00005028          0
                .sbss2 400060f4 00000000 00005028          0
                  .bss 400060f8 00003678 00005028          0
      .PPC.EMB.apuinfo 0000ed6c 00000000 00013da0          0
         .debug_abbrev          00000177 00005028
           .debug_info          00005050 0000519f
           .debug_line          000057c8 0000a1ef
            .debug_loc          00002180 0000f9b7
       .debug_pubnames          000007a6 00011b37


Linker generated symbols:
       EXCEPTION_HANDLERS 40000000
     _f_ivor_branch_table 40000000
 _f_ivor_branch_table_rom 40000000
     _e_ivor_branch_table 400000f4
  _f_intc_hw_branch_table 400000f4
_f_intc_hw_branch_table_rom 40000800
  _e_intc_hw_branch_table 400000f4
                  _f_init 40001000
              _f_init_rom 40001000
                  _e_init 4000108c
              _f_init_vle 4000108c
          _f_init_vle_rom 4000108c
              _e_init_vle 40001294
  _f___exception_handlers 400012a0
_f___exception_handlers_rom 400012a0
  _e___exception_handlers 40001344
                  _f_text 40001344
              _f_text_rom 40001350
                  _e_text 40001344
              _f_text_vle 40001350
          _f_text_vle_rom 40001350
              _e_text_vle 400055fc
                _f_rodata 40005600
            _f_rodata_rom 40005600
                _e_rodata 40005c90
                 _f_ctors 40005c90
             _f_ctors_rom 40005c90
                 _e_ctors 40005c90
                 _f_dtors 40005c90
             _f_dtors_rom 40005c90
                 _e_dtors 40005c90
                  _fextab 40005c90
              _fextab_rom 40005c90
                  _eextab 40005c90
             _fextabindex 40005c90
         _fextabindex_rom 40005c90
             _eextabindex 40005c90
_f___uninitialized_intc_handlertable 40005c90
_e___uninitialized_intc_handlertable 40005fd8
                  _f_data 40005fd8
              _f_data_rom 40005fd8
                  _e_data 4000608c
                 _f_sdata 40006090
             _f_sdata_rom 40006090
                 _e_sdata 400060dc
                  _f_sbss 400060e0
                  _e_sbss 400060f4
                _f_sdata2 400060f4
            _f_sdata2_rom 400060f8
                _e_sdata2 400060f4
                 _f_sbss2 400060f4
                 _e_sbss2 400060f4
                   _f_bss 400060f8
                   _e_bss 40009770
              _stack_addr 40008000
               _stack_end 40007800
               _heap_addr 40007000
                _heap_end 40007800
             _nbfunctions 0000006f
           SIZEOF_HEADERS 000001a0
               _SDA_BASE_ 4000e090
              _SDA2_BASE_ 4000e0f4
           _ABS_SDA_BASE_ 4000e090
          _ABS_SDA2_BASE_ 4000e0f4
                 _SP_INIT 40008000
             __HEAP_START 40007000
              __mem_limit 40007800
           __stack_safety 00000010
