Link map of __startup
  1] __startup (func,global) found in MPC5604B_Startup_c.obj 
   2] __start (func,global) found in librt_E200z0_VLE_Soft.a D:\w\EPPC\workspace_codegen\ewl\EWL_Runtime\Runtime_PA_CmdLineData\librt_E200z0_VLE_Soft\obj\__start.o
    3] __init_registers (func,weak) found in librt_E200z0_VLE_Soft.a D:\w\EPPC\workspace_codegen\ewl\EWL_Runtime\Runtime_PA_CmdLineData\librt_E200z0_VLE_Soft\obj\__start.o
     4] _stack_addr found as linker generated symbol
     4] _SDA2_BASE_ found as linker generated symbol
     4] _SDA_BASE_ found as linker generated symbol
    3] __init_hardware (func,global) found in __ppc_eabi_init_c.obj 
     4] usr_init (func,global) found in MPC5604B_init_flash_c.obj 
      5] INIT_Derivative (func,global) found in MPC5604B_HWInit_c.obj 
       6] L2SRAM_LOCATION found as linker generated symbol
       6] L2SRAM_CNT found as linker generated symbol
      5] EXCEP_InitExceptionHandlers (func,global) found in Exceptions_c.obj 
       6] EXCEPTION_HANDLERS found as linker generated symbol
      5] INTC_InitINTCInterrupts (func,global) found in IntcInterrupts_c.obj 
       6] INTCInterruptsHandlerTable (object,global) found in IntcInterrupts_c.obj 
    3] __init_data (func,weak) found in librt_E200z0_VLE_Soft.a D:\w\EPPC\workspace_codegen\ewl\EWL_Runtime\Runtime_PA_CmdLineData\librt_E200z0_VLE_Soft\obj\__start.o
     4] _rom_copy_info (object,global) found in Linker Generated Symbol File 
     4] __copy_rom_section (func,global) found in librt_E200z0_VLE_Soft.a D:\w\EPPC\workspace_codegen\ewl\EWL_Runtime\Runtime_PA_CmdLineData\librt_E200z0_VLE_Soft\obj\__start.o
      5] memcpy (func,global) found in librt_E200z0_VLE_Soft.a D:\w\EPPC\workspace_codegen\ewl\EWL_Runtime\Runtime_PA_CmdLineData\librt_E200z0_VLE_Soft\obj\__mem.o
      5] __flush_cache (func,global) found in __ppc_eabi_init_c.obj 
     4] _bss_init_info (object,global) found in Linker Generated Symbol File 
     4] __init_bss_section (func,global) found in librt_E200z0_VLE_Soft.a D:\w\EPPC\workspace_codegen\ewl\EWL_Runtime\Runtime_PA_CmdLineData\librt_E200z0_VLE_Soft\obj\__start.o
      5] memset (func,global) found in librt_E200z0_VLE_Soft.a D:\w\EPPC\workspace_codegen\ewl\EWL_Runtime\Runtime_PA_CmdLineData\librt_E200z0_VLE_Soft\obj\__mem.o
       6] __fill_mem (func,global) found in librt_E200z0_VLE_Soft.a D:\w\EPPC\workspace_codegen\ewl\EWL_Runtime\Runtime_PA_CmdLineData\librt_E200z0_VLE_Soft\obj\__mem.o
    3] __init_user (func,global) found in __ppc_eabi_init_c.obj 
     4] FlashConfig (func,global) found in __ppc_eabi_init_c.obj 
      5] @22 (object,local) found in __ppc_eabi_init_c.obj 
    3] main (func,global) found in main_c.obj 
     4] SYSTEM_Init (func,global) found in MODULE_Init_c.obj 
     4] SIU_Init (func,global) found in MODULE_Init_c.obj 
     4] EMIOS_Cnf (func,global) found in MODULE_Init_c.obj 
     4] ADC_Enable (func,global) found in MODULE_Init_c.obj 
     4] init_SD_FatFs (func,global) found in WRITE_SD_c.obj 
      5] SD_Init (func,global) found in SD_hardware_c.obj 
       6] SPI_Init (func,global) found in SD_hardware_c.obj 
       6] delay (func,global) found in SD_hardware_c.obj 
       6] SD_Reset (func,global) found in SD_hardware_c.obj 
        7] SPI_Byte (func,global) found in SD_hardware_c.obj 
        7] SD_send_command (func,global) found in SD_hardware_c.obj 
       6] SPI_4M (func,global) found in SD_hardware_c.obj 
      5] FatFs_Init (func,global) found in SD_hardware_c.obj 
       6] @239 (object,local) found in SD_hardware_c.obj 
       6] fatfs1 (object,global) found in SD_hardware_c.obj 
       6] f_mount (func,global) found in ff_c.obj 
        7] get_ldnumber (func,local) found in ff_c.obj 
         8] @LOCAL@get_ldnumber__FPPCc@str (object,local) found in ff_c.obj 
          9] @1003 (object,local) found in ff_c.obj 
          9] @1004 (object,local) found in ff_c.obj 
          9] @1005 (object,local) found in ff_c.obj 
          9] @1006 (object,local) found in ff_c.obj 
          9] @1007 (object,local) found in ff_c.obj 
          9] @1008 (object,local) found in ff_c.obj 
          9] @1009 (object,local) found in ff_c.obj 
          9] @1010 (object,local) found in ff_c.obj 
        7] FatFs (object,local) found in ff_c.obj 
        7] find_volume (func,local) found in ff_c.obj 
         8] disk_status (func,global) found in diskio_c.obj 
         8] disk_initialize (func,global) found in diskio_c.obj 
         8] check_fs (func,local) found in ff_c.obj 
          9] move_window (func,local) found in ff_c.obj 
           10] sync_window (func,local) found in ff_c.obj 
            11] disk_write (func,global) found in diskio_c.obj 
             12] write_block (func,global) found in SD_hardware_c.obj 
             12] SD_write_multiple_block (func,global) found in SD_hardware_c.obj 
           10] disk_read (func,global) found in diskio_c.obj 
            11] read_block (func,global) found in SD_hardware_c.obj 
         8] Fsid (object,local) found in ff_c.obj 
       6] test_file_system (func,global) found in SD_hardware_c.obj 
        7] @281 (object,local) found in SD_hardware_c.obj 
        7] @250 (object,local) found in SD_hardware_c.obj 
        7] f_open (func,global) found in ff_c.obj 
         8] LfnBuf (object,local) found in ff_c.obj 
         8] follow_path (func,local) found in ff_c.obj 
          9] dir_sdi (func,local) found in ff_c.obj 
           10] get_fat (func,global) found in ff_c.obj 
           10] clust2sect (func,global) found in ff_c.obj 
          9] create_name (func,local) found in ff_c.obj 
           10] ff_convert (func,global) found in ccsbcs_c.obj 
            11] Tbl (object,local) found in ccsbcs_c.obj 
           10] @939 (object,local) found in ff_c.obj 
           10] chk_chr (func,local) found in ff_c.obj 
           10] mem_set (func,local) found in ff_c.obj 
           10] ExCvt (object,local) found in ff_c.obj 
           10] @940 (object,local) found in ff_c.obj 
          9] dir_find (func,local) found in ff_c.obj 
           10] cmp_lfn (func,local) found in ff_c.obj 
            11] LfnOfs (object,local) found in ff_c.obj 
            11] ff_wtoupper (func,global) found in ccsbcs_c.obj 
             12] @LOCAL@ff_wtoupper__FUs@tbl_lower (object,local) found in ccsbcs_c.obj 
             12] @LOCAL@ff_wtoupper__FUs@tbl_upper@0 (object,local) found in ccsbcs_c.obj 
           10] sum_sfn (func,local) found in ff_c.obj 
           10] mem_cmp (func,local) found in ff_c.obj 
           10] dir_next (func,local) found in ff_c.obj 
            11] create_chain (func,local) found in ff_c.obj 
             12] put_fat (func,global) found in ff_c.obj 
          9] ld_clust (func,local) found in ff_c.obj 
         8] dir_register (func,local) found in ff_c.obj 
          9] mem_cpy (func,local) found in ff_c.obj 
          9] gen_numname (func,local) found in ff_c.obj 
          9] dir_alloc (func,local) found in ff_c.obj 
          9] fit_lfn (func,local) found in ff_c.obj 
         8] get_fattime (func,global) found in diskio_c.obj 
         8] st_clust (func,local) found in ff_c.obj 
         8] remove_chain (func,local) found in ff_c.obj 
        7] f_close (func,global) found in ff_c.obj 
         8] f_sync (func,global) found in ff_c.obj 
          9] validate (func,local) found in ff_c.obj 
          9] sync_fs (func,local) found in ff_c.obj 
           10] disk_ioctl (func,global) found in diskio_c.obj 
        7] f_write (func,global) found in ff_c.obj 
        7] f_read (func,global) found in ff_c.obj 
     4] Single_Collection (func,global) found in main_c.obj 
      5] Read_Stm (func,global) found in MODULE_Init_c.obj 
      5] file_create (func,global) found in WRITE_SD_c.obj 
       6] tchar (object,global) found in WRITE_SD_c.obj 
       6] @107 (object,local) found in WRITE_SD_c.obj 
       6] sprintf (func,global) found in libc_E200z0_VLE_Soft.a D:\w\EPPC\workspace_codegen\ewl\EWL_C\EWL_C.PA_CmdLineData\libc_E200z0_VLE_Soft\obj\printf.o
        7] vsnprintf (func,global) found in libc_E200z0_VLE_Soft.a D:\w\EPPC\workspace_codegen\ewl\EWL_C\EWL_C.PA_CmdLineData\libc_E200z0_VLE_Soft\obj\printf.o
         8] _savegpr_29 (notype,global) found in librt_E200z0_VLE_Soft.a D:\w\EPPC\workspace_codegen\ewl\EWL_Runtime\Runtime_PA_CmdLineData\librt_E200z0_VLE_Soft\obj\runtime.o
          9] __save_gpr (func,local) found in librt_E200z0_VLE_Soft.a D:\w\EPPC\workspace_codegen\ewl\EWL_Runtime\Runtime_PA_CmdLineData\librt_E200z0_VLE_Soft\obj\runtime.o
         8] __StringWrite (func,global) found in libc_E200z0_VLE_Soft.a D:\w\EPPC\workspace_codegen\ewl\EWL_C\EWL_C.PA_CmdLineData\libc_E200z0_VLE_Soft\obj\printf.o
          9] _savegpr_30 (notype,global) found in librt_E200z0_VLE_Soft.a D:\w\EPPC\workspace_codegen\ewl\EWL_Runtime\Runtime_PA_CmdLineData\librt_E200z0_VLE_Soft\obj\runtime.o
          9] __restore_gpr_30_exit (func,global) found in librt_E200z0_VLE_Soft.a D:\w\EPPC\workspace_codegen\ewl\EWL_Runtime\Runtime_PA_CmdLineData\librt_E200z0_VLE_Soft\obj\runtime.o
           10] __finish_restore_frame_and_exit (notype,global) found in librt_E200z0_VLE_Soft.a D:\w\EPPC\workspace_codegen\ewl\EWL_Runtime\Runtime_PA_CmdLineData\librt_E200z0_VLE_Soft\obj\runtime.o
            11] __restore_gpr_31_exit (func,global) found in librt_E200z0_VLE_Soft.a D:\w\EPPC\workspace_codegen\ewl\EWL_Runtime\Runtime_PA_CmdLineData\librt_E200z0_VLE_Soft\obj\runtime.o
             12] __finish_restore_frame_and_exit2 (notype,global) found in librt_E200z0_VLE_Soft.a D:\w\EPPC\workspace_codegen\ewl\EWL_Runtime\Runtime_PA_CmdLineData\librt_E200z0_VLE_Soft\obj\runtime.o
              13] __restore_frame_and_exit (func,global) found in librt_E200z0_VLE_Soft.a D:\w\EPPC\workspace_codegen\ewl\EWL_Runtime\Runtime_PA_CmdLineData\librt_E200z0_VLE_Soft\obj\runtime.o
         8] __pformatter (func,global) found in libc_E200z0_VLE_Soft.a D:\w\EPPC\workspace_codegen\ewl\EWL_C\EWL_C.PA_CmdLineData\libc_E200z0_VLE_Soft\obj\printformat_.o
          9] __create_frame_and_save_gpr_21 (func,global) found in librt_E200z0_VLE_Soft.a D:\w\EPPC\workspace_codegen\ewl\EWL_Runtime\Runtime_PA_CmdLineData\librt_E200z0_VLE_Soft\obj\runtime.o
           10] __save_lr (notype,global) found in librt_E200z0_VLE_Soft.a D:\w\EPPC\workspace_codegen\ewl\EWL_Runtime\Runtime_PA_CmdLineData\librt_E200z0_VLE_Soft\obj\runtime.o
            11] __create_frame (func,global) found in librt_E200z0_VLE_Soft.a D:\w\EPPC\workspace_codegen\ewl\EWL_Runtime\Runtime_PA_CmdLineData\librt_E200z0_VLE_Soft\obj\runtime.o
          9] strchr (func,global) found in libc_E200z0_VLE_Soft.a D:\w\EPPC\workspace_codegen\ewl\EWL_C\EWL_C.PA_CmdLineData\libc_E200z0_VLE_Soft\obj\string.o
          9] strlen (func,weak) found in librt_E200z0_VLE_Soft.a D:\w\EPPC\workspace_codegen\ewl\EWL_Runtime\Runtime_PA_CmdLineData\librt_E200z0_VLE_Soft\obj\__mem.o
          9] parse_format (func,local) found in libc_E200z0_VLE_Soft.a D:\w\EPPC\workspace_codegen\ewl\EWL_C\EWL_C.PA_CmdLineData\libc_E200z0_VLE_Soft\obj\printformat_.o
           10] _savegpr_28 (notype,global) found in librt_E200z0_VLE_Soft.a D:\w\EPPC\workspace_codegen\ewl\EWL_Runtime\Runtime_PA_CmdLineData\librt_E200z0_VLE_Soft\obj\runtime.o
           10] __va_arg (func,global) found in librt_E200z0_VLE_Soft.a D:\w\EPPC\workspace_codegen\ewl\EWL_Runtime\Runtime_PA_CmdLineData\librt_E200z0_VLE_Soft\obj\__va_arg.o
           10] isdigit (func,weak) found in libc_E200z0_VLE_Soft.a D:\w\EPPC\workspace_codegen\ewl\EWL_C\EWL_C.PA_CmdLineData\libc_E200z0_VLE_Soft\obj\ctype.o
           10] >>> UNREFERENCED DUPLICATE isdigit
           10] >>> (func,weak) found in libc_E200z0_VLE_Soft.a D:\w\EPPC\workspace_codegen\ewl\EWL_C\EWL_C.PA_CmdLineData\libc_E200z0_VLE_Soft\obj\strtold.o
           10] >>> (func,weak) found in libc_E200z0_VLE_Soft.a D:\w\EPPC\workspace_codegen\ewl\EWL_C\EWL_C.PA_CmdLineData\libc_E200z0_VLE_Soft\obj\strtoul.o
           10] >>> (func,weak) found in libc_E200z0_VLE_Soft.a D:\w\EPPC\workspace_codegen\ewl\EWL_C\EWL_C.PA_CmdLineData\libc_E200z0_VLE_Soft\obj\printformat_.o
           10] >>> (func,weak) found in libc_E200z0_VLE_Soft.a D:\w\EPPC\workspace_codegen\ewl\EWL_C\EWL_C.PA_CmdLineData\libc_E200z0_VLE_Soft\obj\printformat_ll.o
           10] >>> (func,weak) found in libc_E200z0_VLE_Soft.a D:\w\EPPC\workspace_codegen\ewl\EWL_C\EWL_C.PA_CmdLineData\libc_E200z0_VLE_Soft\obj\printformat_fp.o
           10] >>> (func,weak) found in libc_E200z0_VLE_Soft.a D:\w\EPPC\workspace_codegen\ewl\EWL_C\EWL_C.PA_CmdLineData\libc_E200z0_VLE_Soft\obj\printformat_fp_ll.o
           10] >>> (func,weak) found in libc_E200z0_VLE_Soft.a D:\w\EPPC\workspace_codegen\ewl\EWL_C\EWL_C.PA_CmdLineData\libc_E200z0_VLE_Soft\obj\printformat_s.o
           10] >>> (func,weak) found in libc_E200z0_VLE_Soft.a D:\w\EPPC\workspace_codegen\ewl\EWL_C\EWL_C.PA_CmdLineData\libc_E200z0_VLE_Soft\obj\printformat_s_ll.o
           10] >>> (func,weak) found in libc_E200z0_VLE_Soft.a D:\w\EPPC\workspace_codegen\ewl\EWL_C\EWL_C.PA_CmdLineData\libc_E200z0_VLE_Soft\obj\printformat_s_fp.o
           10] >>> (func,weak) found in libc_E200z0_VLE_Soft.a D:\w\EPPC\workspace_codegen\ewl\EWL_C\EWL_C.PA_CmdLineData\libc_E200z0_VLE_Soft\obj\printformat_s_fp_ll.o
           10] >>> (func,weak) found in libc_E200z0_VLE_Soft.a D:\w\EPPC\workspace_codegen\ewl\EWL_C\EWL_C.PA_CmdLineData\libc_E200z0_VLE_Soft\obj\scanformat_.o
           10] >>> (func,weak) found in libc_E200z0_VLE_Soft.a D:\w\EPPC\workspace_codegen\ewl\EWL_C\EWL_C.PA_CmdLineData\libc_E200z0_VLE_Soft\obj\scanformat_ll.o
           10] >>> (func,weak) found in libc_E200z0_VLE_Soft.a D:\w\EPPC\workspace_codegen\ewl\EWL_C\EWL_C.PA_CmdLineData\libc_E200z0_VLE_Soft\obj\scanformat_fp.o
           10] >>> (func,weak) found in libc_E200z0_VLE_Soft.a D:\w\EPPC\workspace_codegen\ewl\EWL_C\EWL_C.PA_CmdLineData\libc_E200z0_VLE_Soft\obj\scanformat_fp_ll.o
           10] >>> (func,weak) found in libc_E200z0_VLE_Soft.a D:\w\EPPC\workspace_codegen\ewl\EWL_C\EWL_C.PA_CmdLineData\libc_E200z0_VLE_Soft\obj\scanformat_s.o
           10] >>> (func,weak) found in libc_E200z0_VLE_Soft.a D:\w\EPPC\workspace_codegen\ewl\EWL_C\EWL_C.PA_CmdLineData\libc_E200z0_VLE_Soft\obj\scanformat_s_ll.o
           10] >>> (func,weak) found in libc_E200z0_VLE_Soft.a D:\w\EPPC\workspace_codegen\ewl\EWL_C\EWL_C.PA_CmdLineData\libc_E200z0_VLE_Soft\obj\scanformat_s_fp.o
           10] >>> (func,weak) found in libc_E200z0_VLE_Soft.a D:\w\EPPC\workspace_codegen\ewl\EWL_C\EWL_C.PA_CmdLineData\libc_E200z0_VLE_Soft\obj\scanformat_s_fp_ll.o
            11] __ctype_mapC (object,global) found in libc_E200z0_VLE_Soft.a D:\w\EPPC\workspace_codegen\ewl\EWL_C\EWL_C.PA_CmdLineData\libc_E200z0_VLE_Soft\obj\ctype.o
           10] @248 (object,local) found in libc_E200z0_VLE_Soft.a D:\w\EPPC\workspace_codegen\ewl\EWL_C\EWL_C.PA_CmdLineData\libc_E200z0_VLE_Soft\obj\printformat_.o
           10] __restore_gpr_28_exit (func,global) found in librt_E200z0_VLE_Soft.a D:\w\EPPC\workspace_codegen\ewl\EWL_Runtime\Runtime_PA_CmdLineData\librt_E200z0_VLE_Soft\obj\runtime.o
          9] long2str (func,local) found in libc_E200z0_VLE_Soft.a D:\w\EPPC\workspace_codegen\ewl\EWL_C\EWL_C.PA_CmdLineData\libc_E200z0_VLE_Soft\obj\printformat_.o
           10] _savegpr_26 (notype,global) found in librt_E200z0_VLE_Soft.a D:\w\EPPC\workspace_codegen\ewl\EWL_Runtime\Runtime_PA_CmdLineData\librt_E200z0_VLE_Soft\obj\runtime.o
           10] set_base (func,local) found in libc_E200z0_VLE_Soft.a D:\w\EPPC\workspace_codegen\ewl\EWL_C\EWL_C.PA_CmdLineData\libc_E200z0_VLE_Soft\obj\printformat_.o
           10] justify_conversion (func,local) found in libc_E200z0_VLE_Soft.a D:\w\EPPC\workspace_codegen\ewl\EWL_C\EWL_C.PA_CmdLineData\libc_E200z0_VLE_Soft\obj\printformat_.o
           10] __restore_gpr_26_exit (func,global) found in librt_E200z0_VLE_Soft.a D:\w\EPPC\workspace_codegen\ewl\EWL_Runtime\Runtime_PA_CmdLineData\librt_E200z0_VLE_Soft\obj\runtime.o
          9] @650 (object,local) found in libc_E200z0_VLE_Soft.a D:\w\EPPC\workspace_codegen\ewl\EWL_C\EWL_C.PA_CmdLineData\libc_E200z0_VLE_Soft\obj\printformat_.o
          9] memchr (func,global) found in libc_E200z0_VLE_Soft.a D:\w\EPPC\workspace_codegen\ewl\EWL_C\EWL_C.PA_CmdLineData\libc_E200z0_VLE_Soft\obj\mem.o
          9] __restore_gpr_21_exit (func,global) found in librt_E200z0_VLE_Soft.a D:\w\EPPC\workspace_codegen\ewl\EWL_Runtime\Runtime_PA_CmdLineData\librt_E200z0_VLE_Soft\obj\runtime.o
         8] __restore_gpr_29_exit (func,global) found in librt_E200z0_VLE_Soft.a D:\w\EPPC\workspace_codegen\ewl\EWL_Runtime\Runtime_PA_CmdLineData\librt_E200z0_VLE_Soft\obj\runtime.o
       6] fil (object,global) found in WRITE_SD_c.obj 
      5] result (object,global) found in main_c.obj 
      5] WRITE_SD (func,global) found in WRITE_SD_c.obj 
       6] @127 (object,local) found in WRITE_SD_c.obj 
       6] f_lseek (func,global) found in ff_c.obj 
    3] exit (func,global) found in libc_E200z0_VLE_Soft.a D:\w\EPPC\workspace_codegen\ewl\EWL_C\EWL_C.PA_CmdLineData\libc_E200z0_VLE_Soft\obj\abort_exit.o
    3] >>> UNREFERENCED DUPLICATE exit
    3] >>> (func,weak) found in __ppc_eabi_init_c.obj 
     4] __destroy_global_chain (func,global) found in librt_E200z0_VLE_Soft.a D:\w\EPPC\workspace_codegen\ewl\EWL_Runtime\Runtime_PA_CmdLineData\librt_E200z0_VLE_Soft\obj\global_destructor_chain.o
      5] __global_destructor_chain (object,global) found in librt_E200z0_VLE_Soft.a D:\w\EPPC\workspace_codegen\ewl\EWL_Runtime\Runtime_PA_CmdLineData\librt_E200z0_VLE_Soft\obj\global_destructor_chain.o
     4] __stdio_exit (object,global) found in libc_E200z0_VLE_Soft.a D:\w\EPPC\workspace_codegen\ewl\EWL_C\EWL_C.PA_CmdLineData\libc_E200z0_VLE_Soft\obj\abort_exit.o
     4] __console_exit (object,global) found in libc_E200z0_VLE_Soft.a D:\w\EPPC\workspace_codegen\ewl\EWL_C\EWL_C.PA_CmdLineData\libc_E200z0_VLE_Soft\obj\abort_exit.o
     4] _ExitProcess (func,weak) found in __ppc_eabi_init_c.obj 
  1] bam_rchw (object,global) found in MPC5604B_init_flash_c.obj 
  1] bam_resetvector (object,global) found in MPC5604B_init_flash_c.obj 
  1] EXCEP_DefaultExceptionHandler (func,global) found in Exceptions_c.obj 
  1] INTC_INTCInterruptHandler (func,global) found in IntcInterrupts_c.obj 
  1] ivor_branch_table_p0 (func,global) found in ivor_branch_table_c.obj 
    3] .init (section,local) found in MPC5604B_init_flash_c.obj 
    3] .init.13 (notype,local) found in MPC5604B_init_flash_c.obj 
    3] .init (section,local) found in MPC5604B_Startup_c.obj 
    3] .init.21 (notype,local) found in MPC5604B_Startup_c.obj 
    3] .text (section,local) found in MPC5604B_HWInit_c.obj 
    3] .text.12 (notype,local) found in MPC5604B_HWInit_c.obj 
    3] .text (section,local) found in main_c.obj 
    3] .text.40 (notype,local) found in main_c.obj 
    3] .ivor_branch_table (section,local) found in ivor_branch_table_c.obj 
    3] .ivor_branch_table.24 (notype,local) found in ivor_branch_table_c.obj 
    3] .text (section,local) found in ff_c.obj 
    3] .text.2474 (notype,local) found in ff_c.obj 
    3] .text (section,local) found in diskio_c.obj 
    3] .text.94 (notype,local) found in diskio_c.obj 
    3] .text (section,local) found in ccsbcs_c.obj 
    3] .text.117 (notype,local) found in ccsbcs_c.obj 
    3] .text (section,local) found in WRITE_SD_c.obj 
    3] .text.142 (notype,local) found in WRITE_SD_c.obj 
    3] .text (section,local) found in SD_hardware_c.obj 
    3] .text.337 (notype,local) found in SD_hardware_c.obj 
    3] .text (section,local) found in MODULE_Init_c.obj 
    3] .text.79 (notype,local) found in MODULE_Init_c.obj 
    3] .text (section,local) found in libc_E200z0_VLE_Soft.a D:\w\EPPC\workspace_codegen\ewl\EWL_C\EWL_C.PA_CmdLineData\libc_E200z0_VLE_Soft\obj\abort_exit.o
    3] .text.86 (notype,local) found in libc_E200z0_VLE_Soft.a D:\w\EPPC\workspace_codegen\ewl\EWL_C\EWL_C.PA_CmdLineData\libc_E200z0_VLE_Soft\obj\abort_exit.o
    3] .text (section,local) found in libc_E200z0_VLE_Soft.a D:\w\EPPC\workspace_codegen\ewl\EWL_C\EWL_C.PA_CmdLineData\libc_E200z0_VLE_Soft\obj\ctype.o
    3] .text.255 (notype,local) found in libc_E200z0_VLE_Soft.a D:\w\EPPC\workspace_codegen\ewl\EWL_C\EWL_C.PA_CmdLineData\libc_E200z0_VLE_Soft\obj\ctype.o
    3] .text (section,local) found in libc_E200z0_VLE_Soft.a D:\w\EPPC\workspace_codegen\ewl\EWL_C\EWL_C.PA_CmdLineData\libc_E200z0_VLE_Soft\obj\mem.o
    3] .text.171 (notype,local) found in libc_E200z0_VLE_Soft.a D:\w\EPPC\workspace_codegen\ewl\EWL_C\EWL_C.PA_CmdLineData\libc_E200z0_VLE_Soft\obj\mem.o
    3] .text (section,local) found in libc_E200z0_VLE_Soft.a D:\w\EPPC\workspace_codegen\ewl\EWL_C\EWL_C.PA_CmdLineData\libc_E200z0_VLE_Soft\obj\printf.o
    3] .text.500 (notype,local) found in libc_E200z0_VLE_Soft.a D:\w\EPPC\workspace_codegen\ewl\EWL_C\EWL_C.PA_CmdLineData\libc_E200z0_VLE_Soft\obj\printf.o
    3] .text (section,local) found in libc_E200z0_VLE_Soft.a D:\w\EPPC\workspace_codegen\ewl\EWL_C\EWL_C.PA_CmdLineData\libc_E200z0_VLE_Soft\obj\string.o
    3] .text.849 (notype,local) found in libc_E200z0_VLE_Soft.a D:\w\EPPC\workspace_codegen\ewl\EWL_C\EWL_C.PA_CmdLineData\libc_E200z0_VLE_Soft\obj\string.o
    3] .text (section,local) found in libc_E200z0_VLE_Soft.a D:\w\EPPC\workspace_codegen\ewl\EWL_C\EWL_C.PA_CmdLineData\libc_E200z0_VLE_Soft\obj\printformat_.o
    3] .text.687 (notype,local) found in libc_E200z0_VLE_Soft.a D:\w\EPPC\workspace_codegen\ewl\EWL_C\EWL_C.PA_CmdLineData\libc_E200z0_VLE_Soft\obj\printformat_.o
    3] .init (section,local) found in librt_E200z0_VLE_Soft.a D:\w\EPPC\workspace_codegen\ewl\EWL_Runtime\Runtime_PA_CmdLineData\librt_E200z0_VLE_Soft\obj\__start.o
    3] .init.104 (notype,local) found in librt_E200z0_VLE_Soft.a D:\w\EPPC\workspace_codegen\ewl\EWL_Runtime\Runtime_PA_CmdLineData\librt_E200z0_VLE_Soft\obj\__start.o
    3] .text (section,local) found in librt_E200z0_VLE_Soft.a D:\w\EPPC\workspace_codegen\ewl\EWL_Runtime\Runtime_PA_CmdLineData\librt_E200z0_VLE_Soft\obj\__va_arg.o
    3] .text.40 (notype,local) found in librt_E200z0_VLE_Soft.a D:\w\EPPC\workspace_codegen\ewl\EWL_Runtime\Runtime_PA_CmdLineData\librt_E200z0_VLE_Soft\obj\__va_arg.o
    3] .text (section,local) found in librt_E200z0_VLE_Soft.a D:\w\EPPC\workspace_codegen\ewl\EWL_Runtime\Runtime_PA_CmdLineData\librt_E200z0_VLE_Soft\obj\global_destructor_chain.o
    3] .text.104 (notype,local) found in librt_E200z0_VLE_Soft.a D:\w\EPPC\workspace_codegen\ewl\EWL_Runtime\Runtime_PA_CmdLineData\librt_E200z0_VLE_Soft\obj\global_destructor_chain.o
    3] .text (section,local) found in librt_E200z0_VLE_Soft.a D:\w\EPPC\workspace_codegen\ewl\EWL_Runtime\Runtime_PA_CmdLineData\librt_E200z0_VLE_Soft\obj\runtime.o
    3] .text.205 (notype,local) found in librt_E200z0_VLE_Soft.a D:\w\EPPC\workspace_codegen\ewl\EWL_Runtime\Runtime_PA_CmdLineData\librt_E200z0_VLE_Soft\obj\runtime.o


.__bam_bootarea section layout
  Starting        Virtual  File
  address  Size   address  offset
  ---------------------------------
  00000000 000008 00000000 000002e0  1 .__bam_bootarea 	MPC5604B_init_flash_c.obj 
  00000000 000004 00000000 000002e0  4 bam_rchw 	MPC5604B_init_flash_c.obj 
  00000004 000004 00000004 000002e4  4 bam_resetvector 	MPC5604B_init_flash_c.obj 


.init section layout
  Starting        Virtual  File
  address  Size   address  offset
  ---------------------------------
  00000000 000098 00000008 000002e8  1 .init 	Linker Generated Symbol File 
  00000000 000078 00000008 000002e8  4 _rom_copy_info 	Linker Generated Symbol File 
  00000078 000020 00000080 00000360  4 _bss_init_info 	Linker Generated Symbol File 


.init_vle section layout
  Starting        Virtual  File
  address  Size   address  offset
  ---------------------------------
  00000000 00002c 000000a0 00000380  1 .init 	__ppc_eabi_init_c.obj 
  00000000 00000a 000000a0 00000380  2 __init_hardware 	__ppc_eabi_init_c.obj 
  0000000a 000022 000000aa 0000038a  2 __flush_cache 	__ppc_eabi_init_c.obj 
  0000002c 000012 000000cc 000003ac  1 .init 	MPC5604B_init_flash_c.obj 
  0000002c 000012 000000cc 000003ac  2 usr_init 	MPC5604B_init_flash_c.obj 
  0000003e 000000 000000de 000003be  1 .init.13 	MPC5604B_init_flash_c.obj 
  0000003e 000002 000000e0 000003c0  4 *fill*
  00000040 000004 000000e0 000003c0  1 .init 	MPC5604B_Startup_c.obj 
  00000040 000004 000000e0 000003c0  4 __startup 	MPC5604B_Startup_c.obj 
  00000044 000000 000000e4 000003c4  1 .init.21 	MPC5604B_Startup_c.obj 
  00000044 0000f4 000000e4 000003c4  1 .init 	librt_E200z0_VLE_Soft.a D:\w\EPPC\workspace_codegen\ewl\EWL_Runtime\Runtime_PA_CmdLineData\librt_E200z0_VLE_Soft\obj\__start.o
  00000044 000048 000000e4 000003c4  2 __start 	librt_E200z0_VLE_Soft.a D:\w\EPPC\workspace_codegen\ewl\EWL_Runtime\Runtime_PA_CmdLineData\librt_E200z0_VLE_Soft\obj\__start.o
  0000008c 000030 0000012c 0000040c  2 __copy_rom_section 	librt_E200z0_VLE_Soft.a D:\w\EPPC\workspace_codegen\ewl\EWL_Runtime\Runtime_PA_CmdLineData\librt_E200z0_VLE_Soft\obj\__start.o
  000000bc 00000e 0000015c 0000043c  2 __init_bss_section 	librt_E200z0_VLE_Soft.a D:\w\EPPC\workspace_codegen\ewl\EWL_Runtime\Runtime_PA_CmdLineData\librt_E200z0_VLE_Soft\obj\__start.o
  000000ca 00001a 0000016a 0000044a  2 __init_registers 	librt_E200z0_VLE_Soft.a D:\w\EPPC\workspace_codegen\ewl\EWL_Runtime\Runtime_PA_CmdLineData\librt_E200z0_VLE_Soft\obj\__start.o
  000000e4 000054 00000184 00000464  2 __init_data 	librt_E200z0_VLE_Soft.a D:\w\EPPC\workspace_codegen\ewl\EWL_Runtime\Runtime_PA_CmdLineData\librt_E200z0_VLE_Soft\obj\__start.o
  00000138 000000 000001d8 000004b8  1 .init.104 	librt_E200z0_VLE_Soft.a D:\w\EPPC\workspace_codegen\ewl\EWL_Runtime\Runtime_PA_CmdLineData\librt_E200z0_VLE_Soft\obj\__start.o
  00000138 0000d4 000001d8 000004b8  1 .init 	librt_E200z0_VLE_Soft.a D:\w\EPPC\workspace_codegen\ewl\EWL_Runtime\Runtime_PA_CmdLineData\librt_E200z0_VLE_Soft\obj\__mem.o
  00000138 000038 000001d8 000004b8  2 memcpy 	librt_E200z0_VLE_Soft.a D:\w\EPPC\workspace_codegen\ewl\EWL_Runtime\Runtime_PA_CmdLineData\librt_E200z0_VLE_Soft\obj\__mem.o
  00000170 000082 00000210 000004f0  2 __fill_mem 	librt_E200z0_VLE_Soft.a D:\w\EPPC\workspace_codegen\ewl\EWL_Runtime\Runtime_PA_CmdLineData\librt_E200z0_VLE_Soft\obj\__mem.o
  000001f2 00001a 00000292 00000572  2 memset 	librt_E200z0_VLE_Soft.a D:\w\EPPC\workspace_codegen\ewl\EWL_Runtime\Runtime_PA_CmdLineData\librt_E200z0_VLE_Soft\obj\__mem.o


.ivor_branch_table section layout
  Starting        Virtual  File
  address  Size   address  offset
  ---------------------------------
  00000000 0000f2 00001000 00000590  1 .ivor_branch_table 	ivor_branch_table_c.obj 
  00000000 0000f2 00001000 00000590 16 ivor_branch_table_p0 	ivor_branch_table_c.obj 
  000000f2 000000 000010f2 00000682  1 .ivor_branch_table.24 	ivor_branch_table_c.obj 


.intc_hw_branch_table section layout
  Starting        Virtual  File
  address  Size   address  offset
  ---------------------------------


.__exception_handlers section layout
  Starting        Virtual  File
  address  Size   address  offset
  ---------------------------------
  00000000 000096 00001100 00000690  1 .__exception_handlers 	IntcInterrupts_c.obj 
  00000000 000096 00001100 00000690 16 INTC_INTCInterruptHandler 	IntcInterrupts_c.obj 
  00000096 00000a 000011a0 00000730 16 *fill*
  000000a0 000002 000011a0 00000730  1 .__exception_handlers 	Exceptions_c.obj 
  000000a0 000002 000011a0 00000730 16 EXCEP_DefaultExceptionHandler 	Exceptions_c.obj 


.text section layout
  Starting        Virtual  File
  address  Size   address  offset
  ---------------------------------


.text_vle section layout
  Starting        Virtual  File
  address  Size   address  offset
  ---------------------------------
  00000000 000052 00003000 00000740  1 .text 	__ppc_eabi_init_c.obj 
  00000000 00003e 00003000 00000740  2 FlashConfig 	__ppc_eabi_init_c.obj 
  0000003e 000012 0000303e 0000077e  2 __init_user 	__ppc_eabi_init_c.obj 
  00000050 000002 00003050 00000790  2 _ExitProcess 	__ppc_eabi_init_c.obj 
  00000052 000050 00003052 00000792  1 .text 	MPC5604B_HWInit_c.obj 
  00000052 000050 00003052 00000792  2 INIT_Derivative 	MPC5604B_HWInit_c.obj 
  UNUSED   000002 ........ ........    INIT_ExternalBusAndMemory MPC5604B_HWInit_c.obj 
  000000a2 000000 000030a2 000007e2  1 .text.12 	MPC5604B_HWInit_c.obj 
  000000a2 000162 000030a2 000007e2  1 .text 	main_c.obj 
  000000a2 000048 000030a2 000007e2  2 main 	main_c.obj 
  000000ea 00011a 000030ea 0000082a  2 Single_Collection 	main_c.obj 
  00000204 000000 00003204 00000944  1 .text.40 	main_c.obj 
  00000204 0026ee 00003204 00000944  1 .text 	ff_c.obj 
  00000204 00002a 00003204 00000944  2 mem_cpy 	ff_c.obj 
  0000022e 000022 0000322e 0000096e  2 mem_set 	ff_c.obj 
  00000250 00003c 00003250 00000990  2 mem_cmp 	ff_c.obj 
  0000028c 000014 0000328c 000009cc  2 chk_chr 	ff_c.obj 
  000002a0 000076 000032a0 000009e0  2 sync_window 	ff_c.obj 
  00000316 000052 00003316 00000a56  2 move_window 	ff_c.obj 
  00000368 000104 00003368 00000aa8  2 sync_fs 	ff_c.obj 
  0000046c 00001c 0000346c 00000bac  2 clust2sect 	ff_c.obj 
  00000488 00016c 00003488 00000bc8  2 get_fat 	ff_c.obj 
  000005f4 0001d6 000035f4 00000d34  2 put_fat 	ff_c.obj 
  000007ca 000092 000037ca 00000f0a  2 remove_chain 	ff_c.obj 
  0000085c 000100 0000385c 00000f9c  2 create_chain 	ff_c.obj 
  0000095c 0000e6 0000395c 0000109c  2 dir_sdi 	ff_c.obj 
  00000a42 000192 00003a42 00001182  2 dir_next 	ff_c.obj 
  00000bd4 00008a 00003bd4 00001314  2 dir_alloc 	ff_c.obj 
  00000c5e 00003a 00003c5e 0000139e  2 ld_clust 	ff_c.obj 
  00000c98 00002e 00003c98 000013d8  2 st_clust 	ff_c.obj 
  00000cc6 0000e0 00003cc6 00001406  2 cmp_lfn 	ff_c.obj 
  UNUSED   0000c6 ........ ........    pick_lfn ff_c.obj 
  00000da6 0000be 00003da6 000014e6  2 fit_lfn 	ff_c.obj 
  00000e64 000142 00003e64 000015a4  2 gen_numname 	ff_c.obj 
  00000fa6 00003e 00003fa6 000016e6  2 sum_sfn 	ff_c.obj 
  00000fe4 000170 00003fe4 00001724  2 dir_find 	ff_c.obj 
  UNUSED   000152 ........ ........    dir_read ff_c.obj 
  00001154 0001aa 00004154 00001894  2 dir_register 	ff_c.obj 
  UNUSED   0000a4 ........ ........    dir_remove ff_c.obj 
  UNUSED   00016e ........ ........    get_fileinfo ff_c.obj 
  000012fe 000346 000042fe 00001a3e  2 create_name 	ff_c.obj 
  00001644 0000cc 00004644 00001d84  2 follow_path 	ff_c.obj 
  00001710 0000f0 00004710 00001e50  2 get_ldnumber 	ff_c.obj 
  00001800 0000ba 00004800 00001f40  2 check_fs 	ff_c.obj 
  000018ba 000554 000048ba 00001ffa  2 find_volume 	ff_c.obj 
  00001e0e 000058 00004e0e 0000254e  2 validate 	ff_c.obj 
  00001e66 000090 00004e66 000025a6  2 f_mount 	ff_c.obj 
  00001ef6 000210 00004ef6 00002636  2 f_open 	ff_c.obj 
  00002106 00024e 00005106 00002846  2 f_read 	ff_c.obj 
  00002354 00027c 00005354 00002a94  2 f_write 	ff_c.obj 
  000025d0 000108 000055d0 00002d10  2 f_sync 	ff_c.obj 
  000026d8 000040 000056d8 00002e18  2 f_close 	ff_c.obj 
  00002718 0001da 00005718 00002e58  2 f_lseek 	ff_c.obj 
  UNUSED   0000bc ........ ........    f_opendir ff_c.obj 
  UNUSED   000030 ........ ........    f_closedir ff_c.obj 
  UNUSED   000096 ........ ........    f_readdir ff_c.obj 
  UNUSED   000086 ........ ........    f_stat ff_c.obj 
  UNUSED   000126 ........ ........    f_getfree ff_c.obj 
  UNUSED   00010e ........ ........    f_truncate ff_c.obj 
  UNUSED   00013a ........ ........    f_unlink ff_c.obj 
  UNUSED   00021c ........ ........    f_mkdir ff_c.obj 
  UNUSED   0000ae ........ ........    f_chmod ff_c.obj 
  UNUSED   0000b6 ........ ........    f_utime ff_c.obj 
  UNUSED   0001dc ........ ........    f_rename ff_c.obj 
  UNUSED   000124 ........ ........    f_getlabel ff_c.obj 
  UNUSED   000284 ........ ........    f_setlabel ff_c.obj 
  UNUSED   000a30 ........ ........    f_mkfs ff_c.obj 
  UNUSED   000076 ........ ........    f_gets ff_c.obj 
  UNUSED   000082 ........ ........    putc_bfd ff_c.obj 
  UNUSED   000066 ........ ........    f_putc ff_c.obj 
  UNUSED   00007e ........ ........    f_puts ff_c.obj 
  UNUSED   00042a ........ ........    f_printf ff_c.obj 
  000028f2 000000 000058f2 00003032  1 .text.2474 	ff_c.obj 
  000028f2 0000e4 000058f2 00003032  1 .text 	diskio_c.obj 
  000028f2 000006 000058f2 00003032  2 disk_initialize 	diskio_c.obj 
  000028f8 000006 000058f8 00003038  2 disk_status 	diskio_c.obj 
  000028fe 00005c 000058fe 0000303e  2 disk_read 	diskio_c.obj 
  0000295a 00006c 0000595a 0000309a  2 disk_write 	diskio_c.obj 
  000029c6 00000a 000059c6 00003106  2 disk_ioctl 	diskio_c.obj 
  000029d0 000006 000059d0 00003110  2 get_fattime 	diskio_c.obj 
  000029d6 000000 000059d6 00003116  1 .text.94 	diskio_c.obj 
  000029d6 0000f6 000059d6 00003116  1 .text 	ccsbcs_c.obj 
  000029d6 000086 000059d6 00003116  2 ff_convert 	ccsbcs_c.obj 
  00002a5c 000070 00005a5c 0000319c  2 ff_wtoupper 	ccsbcs_c.obj 
  00002acc 000000 00005acc 0000320c  1 .text.117 	ccsbcs_c.obj 
  00002acc 00017e 00005acc 0000320c  1 .text 	WRITE_SD_c.obj 
  00002acc 00002a 00005acc 0000320c  2 init_SD_FatFs 	WRITE_SD_c.obj 
  00002af6 000062 00005af6 00003236  2 file_create 	WRITE_SD_c.obj 
  00002b58 0000f2 00005b58 00003298  2 WRITE_SD 	WRITE_SD_c.obj 
  00002c4a 000000 00005c4a 0000338a  1 .text.142 	WRITE_SD_c.obj 
  00002c4a 000708 00005c4a 0000338a  1 .text 	SD_hardware_c.obj 
  00002c4a 00002c 00005c4a 0000338a  2 SPI_Init 	SD_hardware_c.obj 
  00002c76 00002c 00005c76 000033b6  2 SPI_4M 	SD_hardware_c.obj 
  00002ca2 000038 00005ca2 000033e2  2 SD_Init 	SD_hardware_c.obj 
  00002cda 00001e 00005cda 0000341a  2 delay 	SD_hardware_c.obj 
  00002cf8 00005a 00005cf8 00003438  2 SPI_Byte 	SD_hardware_c.obj 
  00002d52 0000e6 00005d52 00003492  2 SD_send_command 	SD_hardware_c.obj 
  00002e38 0000e8 00005e38 00003578  2 SD_Reset 	SD_hardware_c.obj 
  00002f20 0000a6 00005f20 00003660  2 read_block 	SD_hardware_c.obj 
  00002fc6 0000f0 00005fc6 00003706  2 write_block 	SD_hardware_c.obj 
  000030b6 000042 000060b6 000037f6  2 FatFs_Init 	SD_hardware_c.obj 
  000030f8 000136 000060f8 00003838  2 test_file_system 	SD_hardware_c.obj 
  0000322e 000124 0000622e 0000396e  2 SD_write_multiple_block 	SD_hardware_c.obj 
  00003352 000000 00006352 00003a92  1 .text.337 	SD_hardware_c.obj 
  00003352 00050a 00006352 00003a92  1 .text 	MODULE_Init_c.obj 
  00003352 00008a 00006352 00003a92  2 SYSTEM_Init 	MODULE_Init_c.obj 
  000033dc 000192 000063dc 00003b1c  2 SIU_Init 	MODULE_Init_c.obj 
  0000356e 00029a 0000656e 00003cae  2 EMIOS_Cnf 	MODULE_Init_c.obj 
  00003808 00000a 00006808 00003f48  2 Read_Stm 	MODULE_Init_c.obj 
  00003812 00004a 00006812 00003f52  2 ADC_Enable 	MODULE_Init_c.obj 
  UNUSED   00004c ........ ........    ADC_Volt MODULE_Init_c.obj 
  UNUSED   00004c ........ ........    ADC_Vcurrent MODULE_Init_c.obj 
  UNUSED   0000b0 ........ ........    ADC_Detection MODULE_Init_c.obj 
  UNUSED   000002 ........ ........    Measure_Conf MODULE_Init_c.obj 
  0000385c 000000 0000685c 00003f9c  1 .text.79 	MODULE_Init_c.obj 
  0000385c 000022 0000685c 00003f9c  1 .text 	IntcInterrupts_c.obj 
  UNUSED   00002c ........ ........    INTC_InstallINTCInterruptHandler IntcInterrupts_c.obj 
  0000385c 000022 0000685c 00003f9c  2 INTC_InitINTCInterrupts 	IntcInterrupts_c.obj 
  0000387e 00000e 0000687e 00003fbe  1 .text 	Exceptions_c.obj 
  0000387e 00000e 0000687e 00003fbe  2 EXCEP_InitExceptionHandlers 	Exceptions_c.obj 
  0000388c 000040 0000688c 00003fcc  1 .text 	libc_E200z0_VLE_Soft.a D:\w\EPPC\workspace_codegen\ewl\EWL_C\EWL_C.PA_CmdLineData\libc_E200z0_VLE_Soft\obj\abort_exit.o
  UNUSED   00002c ........ ........    abort libc_E200z0_VLE_Soft.a D:\w\EPPC\workspace_codegen\ewl\EWL_C\EWL_C.PA_CmdLineData\libc_E200z0_VLE_Soft\obj\abort_exit.o
  UNUSED   000004 ........ ........    atexit libc_E200z0_VLE_Soft.a D:\w\EPPC\workspace_codegen\ewl\EWL_C\EWL_C.PA_CmdLineData\libc_E200z0_VLE_Soft\obj\abort_exit.o
  0000388c 000040 0000688c 00003fcc  2 exit 	libc_E200z0_VLE_Soft.a D:\w\EPPC\workspace_codegen\ewl\EWL_C\EWL_C.PA_CmdLineData\libc_E200z0_VLE_Soft\obj\abort_exit.o
  UNUSED   00002a ........ ........    __atexit libc_E200z0_VLE_Soft.a D:\w\EPPC\workspace_codegen\ewl\EWL_C\EWL_C.PA_CmdLineData\libc_E200z0_VLE_Soft\obj\abort_exit.o
  UNUSED   000056 ........ ........    __exit libc_E200z0_VLE_Soft.a D:\w\EPPC\workspace_codegen\ewl\EWL_C\EWL_C.PA_CmdLineData\libc_E200z0_VLE_Soft\obj\abort_exit.o
  000038cc 000000 000068cc 0000400c  1 .text.86 	libc_E200z0_VLE_Soft.a D:\w\EPPC\workspace_codegen\ewl\EWL_C\EWL_C.PA_CmdLineData\libc_E200z0_VLE_Soft\obj\abort_exit.o
  000038cc 000024 000068cc 0000400c  1 .text 	libc_E200z0_VLE_Soft.a D:\w\EPPC\workspace_codegen\ewl\EWL_C\EWL_C.PA_CmdLineData\libc_E200z0_VLE_Soft\obj\ctype.o
  UNUSED   000028 ........ ........    isalnum libc_E200z0_VLE_Soft.a D:\w\EPPC\workspace_codegen\ewl\EWL_C\EWL_C.PA_CmdLineData\libc_E200z0_VLE_Soft\obj\ctype.o
  UNUSED   000024 ........ ........    isalpha libc_E200z0_VLE_Soft.a D:\w\EPPC\workspace_codegen\ewl\EWL_C\EWL_C.PA_CmdLineData\libc_E200z0_VLE_Soft\obj\ctype.o
  UNUSED   000024 ........ ........    iscntrl libc_E200z0_VLE_Soft.a D:\w\EPPC\workspace_codegen\ewl\EWL_C\EWL_C.PA_CmdLineData\libc_E200z0_VLE_Soft\obj\ctype.o
  000038cc 000024 000068cc 0000400c  2 isdigit 	libc_E200z0_VLE_Soft.a D:\w\EPPC\workspace_codegen\ewl\EWL_C\EWL_C.PA_CmdLineData\libc_E200z0_VLE_Soft\obj\ctype.o
  UNUSED   000024 ........ ........    isgraph libc_E200z0_VLE_Soft.a D:\w\EPPC\workspace_codegen\ewl\EWL_C\EWL_C.PA_CmdLineData\libc_E200z0_VLE_Soft\obj\ctype.o
  UNUSED   000026 ........ ........    islower libc_E200z0_VLE_Soft.a D:\w\EPPC\workspace_codegen\ewl\EWL_C\EWL_C.PA_CmdLineData\libc_E200z0_VLE_Soft\obj\ctype.o
  UNUSED   000026 ........ ........    isprint libc_E200z0_VLE_Soft.a D:\w\EPPC\workspace_codegen\ewl\EWL_C\EWL_C.PA_CmdLineData\libc_E200z0_VLE_Soft\obj\ctype.o
  UNUSED   000026 ........ ........    ispunct libc_E200z0_VLE_Soft.a D:\w\EPPC\workspace_codegen\ewl\EWL_C\EWL_C.PA_CmdLineData\libc_E200z0_VLE_Soft\obj\ctype.o
  UNUSED   000026 ........ ........    isspace libc_E200z0_VLE_Soft.a D:\w\EPPC\workspace_codegen\ewl\EWL_C\EWL_C.PA_CmdLineData\libc_E200z0_VLE_Soft\obj\ctype.o
  UNUSED   000026 ........ ........    isupper libc_E200z0_VLE_Soft.a D:\w\EPPC\workspace_codegen\ewl\EWL_C\EWL_C.PA_CmdLineData\libc_E200z0_VLE_Soft\obj\ctype.o
  UNUSED   000026 ........ ........    isxdigit libc_E200z0_VLE_Soft.a D:\w\EPPC\workspace_codegen\ewl\EWL_C\EWL_C.PA_CmdLineData\libc_E200z0_VLE_Soft\obj\ctype.o
  UNUSED   00001e ........ ........    tolower libc_E200z0_VLE_Soft.a D:\w\EPPC\workspace_codegen\ewl\EWL_C\EWL_C.PA_CmdLineData\libc_E200z0_VLE_Soft\obj\ctype.o
  UNUSED   00001e ........ ........    toupper libc_E200z0_VLE_Soft.a D:\w\EPPC\workspace_codegen\ewl\EWL_C\EWL_C.PA_CmdLineData\libc_E200z0_VLE_Soft\obj\ctype.o
  000038f0 000000 000068f0 00004030  1 .text.255 	libc_E200z0_VLE_Soft.a D:\w\EPPC\workspace_codegen\ewl\EWL_C\EWL_C.PA_CmdLineData\libc_E200z0_VLE_Soft\obj\ctype.o
  000038f0 00001a 000068f0 00004030  1 .text 	libc_E200z0_VLE_Soft.a D:\w\EPPC\workspace_codegen\ewl\EWL_C\EWL_C.PA_CmdLineData\libc_E200z0_VLE_Soft\obj\mem.o
  UNUSED   000084 ........ ........    memmove libc_E200z0_VLE_Soft.a D:\w\EPPC\workspace_codegen\ewl\EWL_C\EWL_C.PA_CmdLineData\libc_E200z0_VLE_Soft\obj\mem.o
  000038f0 00001a 000068f0 00004030  2 memchr 	libc_E200z0_VLE_Soft.a D:\w\EPPC\workspace_codegen\ewl\EWL_C\EWL_C.PA_CmdLineData\libc_E200z0_VLE_Soft\obj\mem.o
  UNUSED   00001c ........ ........    __memrchr libc_E200z0_VLE_Soft.a D:\w\EPPC\workspace_codegen\ewl\EWL_C\EWL_C.PA_CmdLineData\libc_E200z0_VLE_Soft\obj\mem.o
  UNUSED   00002c ........ ........    memcmp libc_E200z0_VLE_Soft.a D:\w\EPPC\workspace_codegen\ewl\EWL_C\EWL_C.PA_CmdLineData\libc_E200z0_VLE_Soft\obj\mem.o
  UNUSED   00005e ........ ........    memcpy_s libc_E200z0_VLE_Soft.a D:\w\EPPC\workspace_codegen\ewl\EWL_C\EWL_C.PA_CmdLineData\libc_E200z0_VLE_Soft\obj\mem.o
  UNUSED   00005e ........ ........    memmove_s libc_E200z0_VLE_Soft.a D:\w\EPPC\workspace_codegen\ewl\EWL_C\EWL_C.PA_CmdLineData\libc_E200z0_VLE_Soft\obj\mem.o
  0000390a 000000 0000690a 0000404a  1 .text.171 	libc_E200z0_VLE_Soft.a D:\w\EPPC\workspace_codegen\ewl\EWL_C\EWL_C.PA_CmdLineData\libc_E200z0_VLE_Soft\obj\mem.o
  0000390a 0000c8 0000690a 0000404a  1 .text 	libc_E200z0_VLE_Soft.a D:\w\EPPC\workspace_codegen\ewl\EWL_C\EWL_C.PA_CmdLineData\libc_E200z0_VLE_Soft\obj\printf.o
  UNUSED   00002c ........ ........    __FileWrite libc_E200z0_VLE_Soft.a D:\w\EPPC\workspace_codegen\ewl\EWL_C\EWL_C.PA_CmdLineData\libc_E200z0_VLE_Soft\obj\printf.o
  UNUSED   00001e ........ ........    __ConsoleWrite libc_E200z0_VLE_Soft.a D:\w\EPPC\workspace_codegen\ewl\EWL_C\EWL_C.PA_CmdLineData\libc_E200z0_VLE_Soft\obj\printf.o
  0000390a 00003a 0000690a 0000404a  2 __StringWrite 	libc_E200z0_VLE_Soft.a D:\w\EPPC\workspace_codegen\ewl\EWL_C\EWL_C.PA_CmdLineData\libc_E200z0_VLE_Soft\obj\printf.o
  UNUSED   000060 ........ ........    printf libc_E200z0_VLE_Soft.a D:\w\EPPC\workspace_codegen\ewl\EWL_C\EWL_C.PA_CmdLineData\libc_E200z0_VLE_Soft\obj\printf.o
  UNUSED   00006e ........ ........    printf_s libc_E200z0_VLE_Soft.a D:\w\EPPC\workspace_codegen\ewl\EWL_C\EWL_C.PA_CmdLineData\libc_E200z0_VLE_Soft\obj\printf.o
  UNUSED   00004c ........ ........    printf_console libc_E200z0_VLE_Soft.a D:\w\EPPC\workspace_codegen\ewl\EWL_C\EWL_C.PA_CmdLineData\libc_E200z0_VLE_Soft\obj\printf.o
  UNUSED   000064 ........ ........    printf_s_console libc_E200z0_VLE_Soft.a D:\w\EPPC\workspace_codegen\ewl\EWL_C\EWL_C.PA_CmdLineData\libc_E200z0_VLE_Soft\obj\printf.o
  UNUSED   00001e ........ ........    vprintf libc_E200z0_VLE_Soft.a D:\w\EPPC\workspace_codegen\ewl\EWL_C\EWL_C.PA_CmdLineData\libc_E200z0_VLE_Soft\obj\printf.o
  UNUSED   00003c ........ ........    vprintf_s libc_E200z0_VLE_Soft.a D:\w\EPPC\workspace_codegen\ewl\EWL_C\EWL_C.PA_CmdLineData\libc_E200z0_VLE_Soft\obj\printf.o
  UNUSED   000018 ........ ........    vfprintf libc_E200z0_VLE_Soft.a D:\w\EPPC\workspace_codegen\ewl\EWL_C\EWL_C.PA_CmdLineData\libc_E200z0_VLE_Soft\obj\printf.o
  UNUSED   00003a ........ ........    vfprintf_s libc_E200z0_VLE_Soft.a D:\w\EPPC\workspace_codegen\ewl\EWL_C\EWL_C.PA_CmdLineData\libc_E200z0_VLE_Soft\obj\printf.o
  00003944 00004c 00006944 00004084  2 vsnprintf 	libc_E200z0_VLE_Soft.a D:\w\EPPC\workspace_codegen\ewl\EWL_C\EWL_C.PA_CmdLineData\libc_E200z0_VLE_Soft\obj\printf.o
  UNUSED   00007a ........ ........    vsnprintf_s libc_E200z0_VLE_Soft.a D:\w\EPPC\workspace_codegen\ewl\EWL_C\EWL_C.PA_CmdLineData\libc_E200z0_VLE_Soft\obj\printf.o
  UNUSED   000008 ........ ........    vsprintf libc_E200z0_VLE_Soft.a D:\w\EPPC\workspace_codegen\ewl\EWL_C\EWL_C.PA_CmdLineData\libc_E200z0_VLE_Soft\obj\printf.o
  UNUSED   000054 ........ ........    vsprintf_s libc_E200z0_VLE_Soft.a D:\w\EPPC\workspace_codegen\ewl\EWL_C\EWL_C.PA_CmdLineData\libc_E200z0_VLE_Soft\obj\printf.o
  UNUSED   000040 ........ ........    snprintf libc_E200z0_VLE_Soft.a D:\w\EPPC\workspace_codegen\ewl\EWL_C\EWL_C.PA_CmdLineData\libc_E200z0_VLE_Soft\obj\printf.o
  UNUSED   000040 ........ ........    snprintf_s libc_E200z0_VLE_Soft.a D:\w\EPPC\workspace_codegen\ewl\EWL_C\EWL_C.PA_CmdLineData\libc_E200z0_VLE_Soft\obj\printf.o
  00003990 000042 00006990 000040d0  2 sprintf 	libc_E200z0_VLE_Soft.a D:\w\EPPC\workspace_codegen\ewl\EWL_C\EWL_C.PA_CmdLineData\libc_E200z0_VLE_Soft\obj\printf.o
  UNUSED   000040 ........ ........    sprintf_s libc_E200z0_VLE_Soft.a D:\w\EPPC\workspace_codegen\ewl\EWL_C\EWL_C.PA_CmdLineData\libc_E200z0_VLE_Soft\obj\printf.o
  000039d2 000000 000069d2 00004112  1 .text.500 	libc_E200z0_VLE_Soft.a D:\w\EPPC\workspace_codegen\ewl\EWL_C\EWL_C.PA_CmdLineData\libc_E200z0_VLE_Soft\obj\printf.o
  000039d2 00001e 000069d2 00004112  1 .text 	libc_E200z0_VLE_Soft.a D:\w\EPPC\workspace_codegen\ewl\EWL_C\EWL_C.PA_CmdLineData\libc_E200z0_VLE_Soft\obj\string.o
  UNUSED   00008a ........ ........    strcpy libc_E200z0_VLE_Soft.a D:\w\EPPC\workspace_codegen\ewl\EWL_C\EWL_C.PA_CmdLineData\libc_E200z0_VLE_Soft\obj\string.o
  UNUSED   00002c ........ ........    strncpy libc_E200z0_VLE_Soft.a D:\w\EPPC\workspace_codegen\ewl\EWL_C\EWL_C.PA_CmdLineData\libc_E200z0_VLE_Soft\obj\string.o
  UNUSED   000020 ........ ........    strcat libc_E200z0_VLE_Soft.a D:\w\EPPC\workspace_codegen\ewl\EWL_C\EWL_C.PA_CmdLineData\libc_E200z0_VLE_Soft\obj\string.o
  UNUSED   000030 ........ ........    strncat libc_E200z0_VLE_Soft.a D:\w\EPPC\workspace_codegen\ewl\EWL_C\EWL_C.PA_CmdLineData\libc_E200z0_VLE_Soft\obj\string.o
  UNUSED   0000bc ........ ........    strcmp libc_E200z0_VLE_Soft.a D:\w\EPPC\workspace_codegen\ewl\EWL_C\EWL_C.PA_CmdLineData\libc_E200z0_VLE_Soft\obj\string.o
  UNUSED   000028 ........ ........    strncmp libc_E200z0_VLE_Soft.a D:\w\EPPC\workspace_codegen\ewl\EWL_C\EWL_C.PA_CmdLineData\libc_E200z0_VLE_Soft\obj\string.o
  000039d2 00001e 000069d2 00004112  2 strchr 	libc_E200z0_VLE_Soft.a D:\w\EPPC\workspace_codegen\ewl\EWL_C\EWL_C.PA_CmdLineData\libc_E200z0_VLE_Soft\obj\string.o
  UNUSED   00006e ........ ........    strcoll libc_E200z0_VLE_Soft.a D:\w\EPPC\workspace_codegen\ewl\EWL_C\EWL_C.PA_CmdLineData\libc_E200z0_VLE_Soft\obj\string.o
  UNUSED   00018e ........ ........    strxfrm libc_E200z0_VLE_Soft.a D:\w\EPPC\workspace_codegen\ewl\EWL_C\EWL_C.PA_CmdLineData\libc_E200z0_VLE_Soft\obj\string.o
  UNUSED   00002c ........ ........    strrchr libc_E200z0_VLE_Soft.a D:\w\EPPC\workspace_codegen\ewl\EWL_C\EWL_C.PA_CmdLineData\libc_E200z0_VLE_Soft\obj\string.o
  UNUSED   00006e ........ ........    strpbrk libc_E200z0_VLE_Soft.a D:\w\EPPC\workspace_codegen\ewl\EWL_C\EWL_C.PA_CmdLineData\libc_E200z0_VLE_Soft\obj\string.o
  UNUSED   00006e ........ ........    strspn libc_E200z0_VLE_Soft.a D:\w\EPPC\workspace_codegen\ewl\EWL_C\EWL_C.PA_CmdLineData\libc_E200z0_VLE_Soft\obj\string.o
  UNUSED   00006e ........ ........    strcspn libc_E200z0_VLE_Soft.a D:\w\EPPC\workspace_codegen\ewl\EWL_C\EWL_C.PA_CmdLineData\libc_E200z0_VLE_Soft\obj\string.o
  UNUSED   0000ca ........ ........    strtok libc_E200z0_VLE_Soft.a D:\w\EPPC\workspace_codegen\ewl\EWL_C\EWL_C.PA_CmdLineData\libc_E200z0_VLE_Soft\obj\string.o
  UNUSED   0000ea ........ ........    strtok_s libc_E200z0_VLE_Soft.a D:\w\EPPC\workspace_codegen\ewl\EWL_C\EWL_C.PA_CmdLineData\libc_E200z0_VLE_Soft\obj\string.o
  UNUSED   00004c ........ ........    strstr libc_E200z0_VLE_Soft.a D:\w\EPPC\workspace_codegen\ewl\EWL_C\EWL_C.PA_CmdLineData\libc_E200z0_VLE_Soft\obj\string.o
  UNUSED   000026 ........ ........    strnlen_s libc_E200z0_VLE_Soft.a D:\w\EPPC\workspace_codegen\ewl\EWL_C\EWL_C.PA_CmdLineData\libc_E200z0_VLE_Soft\obj\string.o
  UNUSED   00005e ........ ........    strcpy_s libc_E200z0_VLE_Soft.a D:\w\EPPC\workspace_codegen\ewl\EWL_C\EWL_C.PA_CmdLineData\libc_E200z0_VLE_Soft\obj\string.o
  UNUSED   000084 ........ ........    strncpy_s libc_E200z0_VLE_Soft.a D:\w\EPPC\workspace_codegen\ewl\EWL_C\EWL_C.PA_CmdLineData\libc_E200z0_VLE_Soft\obj\string.o
  UNUSED   000076 ........ ........    strcat_s libc_E200z0_VLE_Soft.a D:\w\EPPC\workspace_codegen\ewl\EWL_C\EWL_C.PA_CmdLineData\libc_E200z0_VLE_Soft\obj\string.o
  UNUSED   0000ac ........ ........    strncat_s libc_E200z0_VLE_Soft.a D:\w\EPPC\workspace_codegen\ewl\EWL_C\EWL_C.PA_CmdLineData\libc_E200z0_VLE_Soft\obj\string.o
  UNUSED   00000c ........ ........    strerror libc_E200z0_VLE_Soft.a D:\w\EPPC\workspace_codegen\ewl\EWL_C\EWL_C.PA_CmdLineData\libc_E200z0_VLE_Soft\obj\string.o
  UNUSED   000082 ........ ........    strerror_s libc_E200z0_VLE_Soft.a D:\w\EPPC\workspace_codegen\ewl\EWL_C\EWL_C.PA_CmdLineData\libc_E200z0_VLE_Soft\obj\string.o
  UNUSED   000028 ........ ........    __strerror libc_E200z0_VLE_Soft.a D:\w\EPPC\workspace_codegen\ewl\EWL_C\EWL_C.PA_CmdLineData\libc_E200z0_VLE_Soft\obj\string.o
  000039f0 000000 000069f0 00004130  1 .text.849 	libc_E200z0_VLE_Soft.a D:\w\EPPC\workspace_codegen\ewl\EWL_C\EWL_C.PA_CmdLineData\libc_E200z0_VLE_Soft\obj\string.o
  000039f0 0007e2 000069f0 00004130  1 .text 	libc_E200z0_VLE_Soft.a D:\w\EPPC\workspace_codegen\ewl\EWL_C\EWL_C.PA_CmdLineData\libc_E200z0_VLE_Soft\obj\printformat_.o
  000039f0 00022e 000069f0 00004130  2 parse_format 	libc_E200z0_VLE_Soft.a D:\w\EPPC\workspace_codegen\ewl\EWL_C\EWL_C.PA_CmdLineData\libc_E200z0_VLE_Soft\obj\printformat_.o
  00003c1e 000026 00006c1e 0000435e  2 set_base 	libc_E200z0_VLE_Soft.a D:\w\EPPC\workspace_codegen\ewl\EWL_C\EWL_C.PA_CmdLineData\libc_E200z0_VLE_Soft\obj\printformat_.o
  00003c44 0000e4 00006c44 00004384  2 justify_conversion 	libc_E200z0_VLE_Soft.a D:\w\EPPC\workspace_codegen\ewl\EWL_C\EWL_C.PA_CmdLineData\libc_E200z0_VLE_Soft\obj\printformat_.o
  00003d28 0000f4 00006d28 00004468  2 long2str 	libc_E200z0_VLE_Soft.a D:\w\EPPC\workspace_codegen\ewl\EWL_C\EWL_C.PA_CmdLineData\libc_E200z0_VLE_Soft\obj\printformat_.o
  00003e1c 0003b6 00006e1c 0000455c  2 __pformatter 	libc_E200z0_VLE_Soft.a D:\w\EPPC\workspace_codegen\ewl\EWL_C\EWL_C.PA_CmdLineData\libc_E200z0_VLE_Soft\obj\printformat_.o
  000041d2 000000 000071d2 00004912  1 .text.687 	libc_E200z0_VLE_Soft.a D:\w\EPPC\workspace_codegen\ewl\EWL_C\EWL_C.PA_CmdLineData\libc_E200z0_VLE_Soft\obj\printformat_.o
  000041d2 000012 000071d2 00004912  1 .text 	librt_E200z0_VLE_Soft.a D:\w\EPPC\workspace_codegen\ewl\EWL_Runtime\Runtime_PA_CmdLineData\librt_E200z0_VLE_Soft\obj\__mem.o
  000041d2 000012 000071d2 00004912  2 strlen 	librt_E200z0_VLE_Soft.a D:\w\EPPC\workspace_codegen\ewl\EWL_Runtime\Runtime_PA_CmdLineData\librt_E200z0_VLE_Soft\obj\__mem.o
  000041e4 000082 000071e4 00004924  1 .text 	librt_E200z0_VLE_Soft.a D:\w\EPPC\workspace_codegen\ewl\EWL_Runtime\Runtime_PA_CmdLineData\librt_E200z0_VLE_Soft\obj\__va_arg.o
  000041e4 000082 000071e4 00004924  2 __va_arg 	librt_E200z0_VLE_Soft.a D:\w\EPPC\workspace_codegen\ewl\EWL_Runtime\Runtime_PA_CmdLineData\librt_E200z0_VLE_Soft\obj\__va_arg.o
  00004266 000000 00007266 000049a6  1 .text.40 	librt_E200z0_VLE_Soft.a D:\w\EPPC\workspace_codegen\ewl\EWL_Runtime\Runtime_PA_CmdLineData\librt_E200z0_VLE_Soft\obj\__va_arg.o
  00004266 000032 00007266 000049a6  1 .text 	librt_E200z0_VLE_Soft.a D:\w\EPPC\workspace_codegen\ewl\EWL_Runtime\Runtime_PA_CmdLineData\librt_E200z0_VLE_Soft\obj\global_destructor_chain.o
  UNUSED   000010 ........ ........    __register_global_object librt_E200z0_VLE_Soft.a D:\w\EPPC\workspace_codegen\ewl\EWL_Runtime\Runtime_PA_CmdLineData\librt_E200z0_VLE_Soft\obj\global_destructor_chain.o
  00004266 000032 00007266 000049a6  2 __destroy_global_chain 	librt_E200z0_VLE_Soft.a D:\w\EPPC\workspace_codegen\ewl\EWL_Runtime\Runtime_PA_CmdLineData\librt_E200z0_VLE_Soft\obj\global_destructor_chain.o
  UNUSED   00003a ........ ........    __register_atexit librt_E200z0_VLE_Soft.a D:\w\EPPC\workspace_codegen\ewl\EWL_Runtime\Runtime_PA_CmdLineData\librt_E200z0_VLE_Soft\obj\global_destructor_chain.o
  00004298 000000 00007298 000049d8  1 .text.104 	librt_E200z0_VLE_Soft.a D:\w\EPPC\workspace_codegen\ewl\EWL_Runtime\Runtime_PA_CmdLineData\librt_E200z0_VLE_Soft\obj\global_destructor_chain.o
  00004298 00009c 00007298 000049d8  1 .text 	librt_E200z0_VLE_Soft.a D:\w\EPPC\workspace_codegen\ewl\EWL_Runtime\Runtime_PA_CmdLineData\librt_E200z0_VLE_Soft\obj\runtime.o
  00004298 00004a 00007298 000049d8  2 __save_gpr 	librt_E200z0_VLE_Soft.a D:\w\EPPC\workspace_codegen\ewl\EWL_Runtime\Runtime_PA_CmdLineData\librt_E200z0_VLE_Soft\obj\runtime.o
  UNUSED   000000 ........ ........    _savegpr_14 librt_E200z0_VLE_Soft.a D:\w\EPPC\workspace_codegen\ewl\EWL_Runtime\Runtime_PA_CmdLineData\librt_E200z0_VLE_Soft\obj\runtime.o
  UNUSED   000000 ........ ........    _save32gpr_14 librt_E200z0_VLE_Soft.a D:\w\EPPC\workspace_codegen\ewl\EWL_Runtime\Runtime_PA_CmdLineData\librt_E200z0_VLE_Soft\obj\runtime.o
  UNUSED   000000 ........ ........    _savegpr_15 librt_E200z0_VLE_Soft.a D:\w\EPPC\workspace_codegen\ewl\EWL_Runtime\Runtime_PA_CmdLineData\librt_E200z0_VLE_Soft\obj\runtime.o
  UNUSED   000000 ........ ........    _save32gpr_15 librt_E200z0_VLE_Soft.a D:\w\EPPC\workspace_codegen\ewl\EWL_Runtime\Runtime_PA_CmdLineData\librt_E200z0_VLE_Soft\obj\runtime.o
  UNUSED   000000 ........ ........    _savegpr_16 librt_E200z0_VLE_Soft.a D:\w\EPPC\workspace_codegen\ewl\EWL_Runtime\Runtime_PA_CmdLineData\librt_E200z0_VLE_Soft\obj\runtime.o
  UNUSED   000000 ........ ........    _save32gpr_16 librt_E200z0_VLE_Soft.a D:\w\EPPC\workspace_codegen\ewl\EWL_Runtime\Runtime_PA_CmdLineData\librt_E200z0_VLE_Soft\obj\runtime.o
  UNUSED   000000 ........ ........    _savegpr_17 librt_E200z0_VLE_Soft.a D:\w\EPPC\workspace_codegen\ewl\EWL_Runtime\Runtime_PA_CmdLineData\librt_E200z0_VLE_Soft\obj\runtime.o
  UNUSED   000000 ........ ........    _save32gpr_17 librt_E200z0_VLE_Soft.a D:\w\EPPC\workspace_codegen\ewl\EWL_Runtime\Runtime_PA_CmdLineData\librt_E200z0_VLE_Soft\obj\runtime.o
  UNUSED   000000 ........ ........    _savegpr_18 librt_E200z0_VLE_Soft.a D:\w\EPPC\workspace_codegen\ewl\EWL_Runtime\Runtime_PA_CmdLineData\librt_E200z0_VLE_Soft\obj\runtime.o
  UNUSED   000000 ........ ........    _save32gpr_18 librt_E200z0_VLE_Soft.a D:\w\EPPC\workspace_codegen\ewl\EWL_Runtime\Runtime_PA_CmdLineData\librt_E200z0_VLE_Soft\obj\runtime.o
  UNUSED   000000 ........ ........    _savegpr_19 librt_E200z0_VLE_Soft.a D:\w\EPPC\workspace_codegen\ewl\EWL_Runtime\Runtime_PA_CmdLineData\librt_E200z0_VLE_Soft\obj\runtime.o
  UNUSED   000000 ........ ........    _save32gpr_19 librt_E200z0_VLE_Soft.a D:\w\EPPC\workspace_codegen\ewl\EWL_Runtime\Runtime_PA_CmdLineData\librt_E200z0_VLE_Soft\obj\runtime.o
  UNUSED   000000 ........ ........    _savegpr_20 librt_E200z0_VLE_Soft.a D:\w\EPPC\workspace_codegen\ewl\EWL_Runtime\Runtime_PA_CmdLineData\librt_E200z0_VLE_Soft\obj\runtime.o
  UNUSED   000000 ........ ........    _save32gpr_20 librt_E200z0_VLE_Soft.a D:\w\EPPC\workspace_codegen\ewl\EWL_Runtime\Runtime_PA_CmdLineData\librt_E200z0_VLE_Soft\obj\runtime.o
  UNUSED   000000 ........ ........    _savegpr_21 librt_E200z0_VLE_Soft.a D:\w\EPPC\workspace_codegen\ewl\EWL_Runtime\Runtime_PA_CmdLineData\librt_E200z0_VLE_Soft\obj\runtime.o
  UNUSED   000000 ........ ........    _save32gpr_21 librt_E200z0_VLE_Soft.a D:\w\EPPC\workspace_codegen\ewl\EWL_Runtime\Runtime_PA_CmdLineData\librt_E200z0_VLE_Soft\obj\runtime.o
  UNUSED   000000 ........ ........    _savegpr_22 librt_E200z0_VLE_Soft.a D:\w\EPPC\workspace_codegen\ewl\EWL_Runtime\Runtime_PA_CmdLineData\librt_E200z0_VLE_Soft\obj\runtime.o
  UNUSED   000000 ........ ........    _save32gpr_22 librt_E200z0_VLE_Soft.a D:\w\EPPC\workspace_codegen\ewl\EWL_Runtime\Runtime_PA_CmdLineData\librt_E200z0_VLE_Soft\obj\runtime.o
  UNUSED   000000 ........ ........    _savegpr_23 librt_E200z0_VLE_Soft.a D:\w\EPPC\workspace_codegen\ewl\EWL_Runtime\Runtime_PA_CmdLineData\librt_E200z0_VLE_Soft\obj\runtime.o
  UNUSED   000000 ........ ........    _save32gpr_23 librt_E200z0_VLE_Soft.a D:\w\EPPC\workspace_codegen\ewl\EWL_Runtime\Runtime_PA_CmdLineData\librt_E200z0_VLE_Soft\obj\runtime.o
  UNUSED   000000 ........ ........    _savegpr_24 librt_E200z0_VLE_Soft.a D:\w\EPPC\workspace_codegen\ewl\EWL_Runtime\Runtime_PA_CmdLineData\librt_E200z0_VLE_Soft\obj\runtime.o
  UNUSED   000000 ........ ........    _save32gpr_24 librt_E200z0_VLE_Soft.a D:\w\EPPC\workspace_codegen\ewl\EWL_Runtime\Runtime_PA_CmdLineData\librt_E200z0_VLE_Soft\obj\runtime.o
  UNUSED   000000 ........ ........    _savegpr_25 librt_E200z0_VLE_Soft.a D:\w\EPPC\workspace_codegen\ewl\EWL_Runtime\Runtime_PA_CmdLineData\librt_E200z0_VLE_Soft\obj\runtime.o
  UNUSED   000000 ........ ........    _save32gpr_25 librt_E200z0_VLE_Soft.a D:\w\EPPC\workspace_codegen\ewl\EWL_Runtime\Runtime_PA_CmdLineData\librt_E200z0_VLE_Soft\obj\runtime.o
  000042c8 000000 000072c8 00004a08    _savegpr_26 (entry of __save_gpr) 	librt_E200z0_VLE_Soft.a D:\w\EPPC\workspace_codegen\ewl\EWL_Runtime\Runtime_PA_CmdLineData\librt_E200z0_VLE_Soft\obj\runtime.o
  UNUSED   000000 ........ ........    _save32gpr_26 librt_E200z0_VLE_Soft.a D:\w\EPPC\workspace_codegen\ewl\EWL_Runtime\Runtime_PA_CmdLineData\librt_E200z0_VLE_Soft\obj\runtime.o
  UNUSED   000000 ........ ........    _savegpr_27 librt_E200z0_VLE_Soft.a D:\w\EPPC\workspace_codegen\ewl\EWL_Runtime\Runtime_PA_CmdLineData\librt_E200z0_VLE_Soft\obj\runtime.o
  UNUSED   000000 ........ ........    _save32gpr_27 librt_E200z0_VLE_Soft.a D:\w\EPPC\workspace_codegen\ewl\EWL_Runtime\Runtime_PA_CmdLineData\librt_E200z0_VLE_Soft\obj\runtime.o
  000042d0 000000 000072d0 00004a10    _savegpr_28 (entry of __save_gpr) 	librt_E200z0_VLE_Soft.a D:\w\EPPC\workspace_codegen\ewl\EWL_Runtime\Runtime_PA_CmdLineData\librt_E200z0_VLE_Soft\obj\runtime.o
  UNUSED   000000 ........ ........    _save32gpr_28 librt_E200z0_VLE_Soft.a D:\w\EPPC\workspace_codegen\ewl\EWL_Runtime\Runtime_PA_CmdLineData\librt_E200z0_VLE_Soft\obj\runtime.o
  000042d4 000000 000072d4 00004a14    _savegpr_29 (entry of __save_gpr) 	librt_E200z0_VLE_Soft.a D:\w\EPPC\workspace_codegen\ewl\EWL_Runtime\Runtime_PA_CmdLineData\librt_E200z0_VLE_Soft\obj\runtime.o
  UNUSED   000000 ........ ........    _save32gpr_29 librt_E200z0_VLE_Soft.a D:\w\EPPC\workspace_codegen\ewl\EWL_Runtime\Runtime_PA_CmdLineData\librt_E200z0_VLE_Soft\obj\runtime.o
  000042d8 000000 000072d8 00004a18    _savegpr_30 (entry of __save_gpr) 	librt_E200z0_VLE_Soft.a D:\w\EPPC\workspace_codegen\ewl\EWL_Runtime\Runtime_PA_CmdLineData\librt_E200z0_VLE_Soft\obj\runtime.o
  UNUSED   000000 ........ ........    _save32gpr_30 librt_E200z0_VLE_Soft.a D:\w\EPPC\workspace_codegen\ewl\EWL_Runtime\Runtime_PA_CmdLineData\librt_E200z0_VLE_Soft\obj\runtime.o
  UNUSED   000000 ........ ........    _savegpr_31 librt_E200z0_VLE_Soft.a D:\w\EPPC\workspace_codegen\ewl\EWL_Runtime\Runtime_PA_CmdLineData\librt_E200z0_VLE_Soft\obj\runtime.o
  UNUSED   000000 ........ ........    _save32gpr_31 librt_E200z0_VLE_Soft.a D:\w\EPPC\workspace_codegen\ewl\EWL_Runtime\Runtime_PA_CmdLineData\librt_E200z0_VLE_Soft\obj\runtime.o
  UNUSED   00004a ........ ........    __restore_gpr librt_E200z0_VLE_Soft.a D:\w\EPPC\workspace_codegen\ewl\EWL_Runtime\Runtime_PA_CmdLineData\librt_E200z0_VLE_Soft\obj\runtime.o
  UNUSED   000000 ........ ........    _restgpr_14 librt_E200z0_VLE_Soft.a D:\w\EPPC\workspace_codegen\ewl\EWL_Runtime\Runtime_PA_CmdLineData\librt_E200z0_VLE_Soft\obj\runtime.o
  UNUSED   000000 ........ ........    _rest32gpr_14 librt_E200z0_VLE_Soft.a D:\w\EPPC\workspace_codegen\ewl\EWL_Runtime\Runtime_PA_CmdLineData\librt_E200z0_VLE_Soft\obj\runtime.o
  UNUSED   000000 ........ ........    _restgpr_15 librt_E200z0_VLE_Soft.a D:\w\EPPC\workspace_codegen\ewl\EWL_Runtime\Runtime_PA_CmdLineData\librt_E200z0_VLE_Soft\obj\runtime.o
  UNUSED   000000 ........ ........    _rest32gpr_15 librt_E200z0_VLE_Soft.a D:\w\EPPC\workspace_codegen\ewl\EWL_Runtime\Runtime_PA_CmdLineData\librt_E200z0_VLE_Soft\obj\runtime.o
  UNUSED   000000 ........ ........    _restgpr_16 librt_E200z0_VLE_Soft.a D:\w\EPPC\workspace_codegen\ewl\EWL_Runtime\Runtime_PA_CmdLineData\librt_E200z0_VLE_Soft\obj\runtime.o
  UNUSED   000000 ........ ........    _rest32gpr_16 librt_E200z0_VLE_Soft.a D:\w\EPPC\workspace_codegen\ewl\EWL_Runtime\Runtime_PA_CmdLineData\librt_E200z0_VLE_Soft\obj\runtime.o
  UNUSED   000000 ........ ........    _restgpr_17 librt_E200z0_VLE_Soft.a D:\w\EPPC\workspace_codegen\ewl\EWL_Runtime\Runtime_PA_CmdLineData\librt_E200z0_VLE_Soft\obj\runtime.o
  UNUSED   000000 ........ ........    _rest32gpr_17 librt_E200z0_VLE_Soft.a D:\w\EPPC\workspace_codegen\ewl\EWL_Runtime\Runtime_PA_CmdLineData\librt_E200z0_VLE_Soft\obj\runtime.o
  UNUSED   000000 ........ ........    _restgpr_18 librt_E200z0_VLE_Soft.a D:\w\EPPC\workspace_codegen\ewl\EWL_Runtime\Runtime_PA_CmdLineData\librt_E200z0_VLE_Soft\obj\runtime.o
  UNUSED   000000 ........ ........    _rest32gpr_18 librt_E200z0_VLE_Soft.a D:\w\EPPC\workspace_codegen\ewl\EWL_Runtime\Runtime_PA_CmdLineData\librt_E200z0_VLE_Soft\obj\runtime.o
  UNUSED   000000 ........ ........    _restgpr_19 librt_E200z0_VLE_Soft.a D:\w\EPPC\workspace_codegen\ewl\EWL_Runtime\Runtime_PA_CmdLineData\librt_E200z0_VLE_Soft\obj\runtime.o
  UNUSED   000000 ........ ........    _rest32gpr_19 librt_E200z0_VLE_Soft.a D:\w\EPPC\workspace_codegen\ewl\EWL_Runtime\Runtime_PA_CmdLineData\librt_E200z0_VLE_Soft\obj\runtime.o
  UNUSED   000000 ........ ........    _restgpr_20 librt_E200z0_VLE_Soft.a D:\w\EPPC\workspace_codegen\ewl\EWL_Runtime\Runtime_PA_CmdLineData\librt_E200z0_VLE_Soft\obj\runtime.o
  UNUSED   000000 ........ ........    _rest32gpr_20 librt_E200z0_VLE_Soft.a D:\w\EPPC\workspace_codegen\ewl\EWL_Runtime\Runtime_PA_CmdLineData\librt_E200z0_VLE_Soft\obj\runtime.o
  UNUSED   000000 ........ ........    _restgpr_21 librt_E200z0_VLE_Soft.a D:\w\EPPC\workspace_codegen\ewl\EWL_Runtime\Runtime_PA_CmdLineData\librt_E200z0_VLE_Soft\obj\runtime.o
  UNUSED   000000 ........ ........    _rest32gpr_21 librt_E200z0_VLE_Soft.a D:\w\EPPC\workspace_codegen\ewl\EWL_Runtime\Runtime_PA_CmdLineData\librt_E200z0_VLE_Soft\obj\runtime.o
  UNUSED   000000 ........ ........    _restgpr_22 librt_E200z0_VLE_Soft.a D:\w\EPPC\workspace_codegen\ewl\EWL_Runtime\Runtime_PA_CmdLineData\librt_E200z0_VLE_Soft\obj\runtime.o
  UNUSED   000000 ........ ........    _rest32gpr_22 librt_E200z0_VLE_Soft.a D:\w\EPPC\workspace_codegen\ewl\EWL_Runtime\Runtime_PA_CmdLineData\librt_E200z0_VLE_Soft\obj\runtime.o
  UNUSED   000000 ........ ........    _restgpr_23 librt_E200z0_VLE_Soft.a D:\w\EPPC\workspace_codegen\ewl\EWL_Runtime\Runtime_PA_CmdLineData\librt_E200z0_VLE_Soft\obj\runtime.o
  UNUSED   000000 ........ ........    _rest32gpr_23 librt_E200z0_VLE_Soft.a D:\w\EPPC\workspace_codegen\ewl\EWL_Runtime\Runtime_PA_CmdLineData\librt_E200z0_VLE_Soft\obj\runtime.o
  UNUSED   000000 ........ ........    _restgpr_24 librt_E200z0_VLE_Soft.a D:\w\EPPC\workspace_codegen\ewl\EWL_Runtime\Runtime_PA_CmdLineData\librt_E200z0_VLE_Soft\obj\runtime.o
  UNUSED   000000 ........ ........    _rest32gpr_24 librt_E200z0_VLE_Soft.a D:\w\EPPC\workspace_codegen\ewl\EWL_Runtime\Runtime_PA_CmdLineData\librt_E200z0_VLE_Soft\obj\runtime.o
  UNUSED   000000 ........ ........    _restgpr_25 librt_E200z0_VLE_Soft.a D:\w\EPPC\workspace_codegen\ewl\EWL_Runtime\Runtime_PA_CmdLineData\librt_E200z0_VLE_Soft\obj\runtime.o
  UNUSED   000000 ........ ........    _rest32gpr_25 librt_E200z0_VLE_Soft.a D:\w\EPPC\workspace_codegen\ewl\EWL_Runtime\Runtime_PA_CmdLineData\librt_E200z0_VLE_Soft\obj\runtime.o
  UNUSED   000000 ........ ........    _restgpr_26 librt_E200z0_VLE_Soft.a D:\w\EPPC\workspace_codegen\ewl\EWL_Runtime\Runtime_PA_CmdLineData\librt_E200z0_VLE_Soft\obj\runtime.o
  UNUSED   000000 ........ ........    _rest32gpr_26 librt_E200z0_VLE_Soft.a D:\w\EPPC\workspace_codegen\ewl\EWL_Runtime\Runtime_PA_CmdLineData\librt_E200z0_VLE_Soft\obj\runtime.o
  UNUSED   000000 ........ ........    _restgpr_27 librt_E200z0_VLE_Soft.a D:\w\EPPC\workspace_codegen\ewl\EWL_Runtime\Runtime_PA_CmdLineData\librt_E200z0_VLE_Soft\obj\runtime.o
  UNUSED   000000 ........ ........    _rest32gpr_27 librt_E200z0_VLE_Soft.a D:\w\EPPC\workspace_codegen\ewl\EWL_Runtime\Runtime_PA_CmdLineData\librt_E200z0_VLE_Soft\obj\runtime.o
  UNUSED   000000 ........ ........    _restgpr_28 librt_E200z0_VLE_Soft.a D:\w\EPPC\workspace_codegen\ewl\EWL_Runtime\Runtime_PA_CmdLineData\librt_E200z0_VLE_Soft\obj\runtime.o
  UNUSED   000000 ........ ........    _rest32gpr_28 librt_E200z0_VLE_Soft.a D:\w\EPPC\workspace_codegen\ewl\EWL_Runtime\Runtime_PA_CmdLineData\librt_E200z0_VLE_Soft\obj\runtime.o
  UNUSED   000000 ........ ........    _restgpr_29 librt_E200z0_VLE_Soft.a D:\w\EPPC\workspace_codegen\ewl\EWL_Runtime\Runtime_PA_CmdLineData\librt_E200z0_VLE_Soft\obj\runtime.o
  UNUSED   000000 ........ ........    _rest32gpr_29 librt_E200z0_VLE_Soft.a D:\w\EPPC\workspace_codegen\ewl\EWL_Runtime\Runtime_PA_CmdLineData\librt_E200z0_VLE_Soft\obj\runtime.o
  UNUSED   000000 ........ ........    _restgpr_30 librt_E200z0_VLE_Soft.a D:\w\EPPC\workspace_codegen\ewl\EWL_Runtime\Runtime_PA_CmdLineData\librt_E200z0_VLE_Soft\obj\runtime.o
  UNUSED   000000 ........ ........    _rest32gpr_30 librt_E200z0_VLE_Soft.a D:\w\EPPC\workspace_codegen\ewl\EWL_Runtime\Runtime_PA_CmdLineData\librt_E200z0_VLE_Soft\obj\runtime.o
  UNUSED   000000 ........ ........    _restgpr_31 librt_E200z0_VLE_Soft.a D:\w\EPPC\workspace_codegen\ewl\EWL_Runtime\Runtime_PA_CmdLineData\librt_E200z0_VLE_Soft\obj\runtime.o
  UNUSED   000000 ........ ........    _rest32gpr_31 librt_E200z0_VLE_Soft.a D:\w\EPPC\workspace_codegen\ewl\EWL_Runtime\Runtime_PA_CmdLineData\librt_E200z0_VLE_Soft\obj\runtime.o
  000042e2 000008 000072e2 00004a22  2 __restore_frame_and_exit 	librt_E200z0_VLE_Soft.a D:\w\EPPC\workspace_codegen\ewl\EWL_Runtime\Runtime_PA_CmdLineData\librt_E200z0_VLE_Soft\obj\runtime.o
  000042e4 000000 000072e4 00004a24    __finish_restore_frame_and_exit2 (entry of __restore_frame_and_exit) 	librt_E200z0_VLE_Soft.a D:\w\EPPC\workspace_codegen\ewl\EWL_Runtime\Runtime_PA_CmdLineData\librt_E200z0_VLE_Soft\obj\runtime.o
  000042ea 00000a 000072ea 00004a2a  2 __restore_gpr_31_exit 	librt_E200z0_VLE_Soft.a D:\w\EPPC\workspace_codegen\ewl\EWL_Runtime\Runtime_PA_CmdLineData\librt_E200z0_VLE_Soft\obj\runtime.o
  000042f0 000000 000072f0 00004a30    __finish_restore_frame_and_exit (entry of __restore_gpr_31_exit) 	librt_E200z0_VLE_Soft.a D:\w\EPPC\workspace_codegen\ewl\EWL_Runtime\Runtime_PA_CmdLineData\librt_E200z0_VLE_Soft\obj\runtime.o
  000042f4 000008 000072f4 00004a34  2 __restore_gpr_30_exit 	librt_E200z0_VLE_Soft.a D:\w\EPPC\workspace_codegen\ewl\EWL_Runtime\Runtime_PA_CmdLineData\librt_E200z0_VLE_Soft\obj\runtime.o
  000042fc 000008 000072fc 00004a3c  2 __restore_gpr_29_exit 	librt_E200z0_VLE_Soft.a D:\w\EPPC\workspace_codegen\ewl\EWL_Runtime\Runtime_PA_CmdLineData\librt_E200z0_VLE_Soft\obj\runtime.o
  00004304 000008 00007304 00004a44  2 __restore_gpr_28_exit 	librt_E200z0_VLE_Soft.a D:\w\EPPC\workspace_codegen\ewl\EWL_Runtime\Runtime_PA_CmdLineData\librt_E200z0_VLE_Soft\obj\runtime.o
  UNUSED   000008 ........ ........    __restore_gpr_27_exit librt_E200z0_VLE_Soft.a D:\w\EPPC\workspace_codegen\ewl\EWL_Runtime\Runtime_PA_CmdLineData\librt_E200z0_VLE_Soft\obj\runtime.o
  0000430c 000008 0000730c 00004a4c  2 __restore_gpr_26_exit 	librt_E200z0_VLE_Soft.a D:\w\EPPC\workspace_codegen\ewl\EWL_Runtime\Runtime_PA_CmdLineData\librt_E200z0_VLE_Soft\obj\runtime.o
  UNUSED   00000a ........ ........    __restore_gpr_25_exit librt_E200z0_VLE_Soft.a D:\w\EPPC\workspace_codegen\ewl\EWL_Runtime\Runtime_PA_CmdLineData\librt_E200z0_VLE_Soft\obj\runtime.o
  UNUSED   000008 ........ ........    __restore_gpr_24_exit librt_E200z0_VLE_Soft.a D:\w\EPPC\workspace_codegen\ewl\EWL_Runtime\Runtime_PA_CmdLineData\librt_E200z0_VLE_Soft\obj\runtime.o
  UNUSED   000008 ........ ........    __restore_gpr_23_exit librt_E200z0_VLE_Soft.a D:\w\EPPC\workspace_codegen\ewl\EWL_Runtime\Runtime_PA_CmdLineData\librt_E200z0_VLE_Soft\obj\runtime.o
  UNUSED   000008 ........ ........    __restore_gpr_22_exit librt_E200z0_VLE_Soft.a D:\w\EPPC\workspace_codegen\ewl\EWL_Runtime\Runtime_PA_CmdLineData\librt_E200z0_VLE_Soft\obj\runtime.o
  00004314 000008 00007314 00004a54  2 __restore_gpr_21_exit 	librt_E200z0_VLE_Soft.a D:\w\EPPC\workspace_codegen\ewl\EWL_Runtime\Runtime_PA_CmdLineData\librt_E200z0_VLE_Soft\obj\runtime.o
  UNUSED   000008 ........ ........    __restore_gpr_20_exit librt_E200z0_VLE_Soft.a D:\w\EPPC\workspace_codegen\ewl\EWL_Runtime\Runtime_PA_CmdLineData\librt_E200z0_VLE_Soft\obj\runtime.o
  UNUSED   000008 ........ ........    __restore_gpr_19_exit librt_E200z0_VLE_Soft.a D:\w\EPPC\workspace_codegen\ewl\EWL_Runtime\Runtime_PA_CmdLineData\librt_E200z0_VLE_Soft\obj\runtime.o
  UNUSED   000008 ........ ........    __restore_gpr_18_exit librt_E200z0_VLE_Soft.a D:\w\EPPC\workspace_codegen\ewl\EWL_Runtime\Runtime_PA_CmdLineData\librt_E200z0_VLE_Soft\obj\runtime.o
  UNUSED   000008 ........ ........    __restore_gpr_17_exit librt_E200z0_VLE_Soft.a D:\w\EPPC\workspace_codegen\ewl\EWL_Runtime\Runtime_PA_CmdLineData\librt_E200z0_VLE_Soft\obj\runtime.o
  UNUSED   000008 ........ ........    __restore_gpr_16_exit librt_E200z0_VLE_Soft.a D:\w\EPPC\workspace_codegen\ewl\EWL_Runtime\Runtime_PA_CmdLineData\librt_E200z0_VLE_Soft\obj\runtime.o
  UNUSED   000008 ........ ........    __restore_gpr_15_exit librt_E200z0_VLE_Soft.a D:\w\EPPC\workspace_codegen\ewl\EWL_Runtime\Runtime_PA_CmdLineData\librt_E200z0_VLE_Soft\obj\runtime.o
  UNUSED   000008 ........ ........    __restore_gpr_14_exit librt_E200z0_VLE_Soft.a D:\w\EPPC\workspace_codegen\ewl\EWL_Runtime\Runtime_PA_CmdLineData\librt_E200z0_VLE_Soft\obj\runtime.o
  0000431c 00000c 0000731c 00004a5c  2 __create_frame 	librt_E200z0_VLE_Soft.a D:\w\EPPC\workspace_codegen\ewl\EWL_Runtime\Runtime_PA_CmdLineData\librt_E200z0_VLE_Soft\obj\runtime.o
  00004322 000000 00007322 00004a62    __save_lr (entry of __create_frame) 	librt_E200z0_VLE_Soft.a D:\w\EPPC\workspace_codegen\ewl\EWL_Runtime\Runtime_PA_CmdLineData\librt_E200z0_VLE_Soft\obj\runtime.o
  UNUSED   00000c ........ ........    __create_frame_and_save_gpr_31 librt_E200z0_VLE_Soft.a D:\w\EPPC\workspace_codegen\ewl\EWL_Runtime\Runtime_PA_CmdLineData\librt_E200z0_VLE_Soft\obj\runtime.o
  UNUSED   00000c ........ ........    __create_frame_and_save_gpr_30 librt_E200z0_VLE_Soft.a D:\w\EPPC\workspace_codegen\ewl\EWL_Runtime\Runtime_PA_CmdLineData\librt_E200z0_VLE_Soft\obj\runtime.o
  UNUSED   00000c ........ ........    __create_frame_and_save_gpr_29 librt_E200z0_VLE_Soft.a D:\w\EPPC\workspace_codegen\ewl\EWL_Runtime\Runtime_PA_CmdLineData\librt_E200z0_VLE_Soft\obj\runtime.o
  UNUSED   00000c ........ ........    __create_frame_and_save_gpr_28 librt_E200z0_VLE_Soft.a D:\w\EPPC\workspace_codegen\ewl\EWL_Runtime\Runtime_PA_CmdLineData\librt_E200z0_VLE_Soft\obj\runtime.o
  UNUSED   00000c ........ ........    __create_frame_and_save_gpr_27 librt_E200z0_VLE_Soft.a D:\w\EPPC\workspace_codegen\ewl\EWL_Runtime\Runtime_PA_CmdLineData\librt_E200z0_VLE_Soft\obj\runtime.o
  UNUSED   00000c ........ ........    __create_frame_and_save_gpr_26 librt_E200z0_VLE_Soft.a D:\w\EPPC\workspace_codegen\ewl\EWL_Runtime\Runtime_PA_CmdLineData\librt_E200z0_VLE_Soft\obj\runtime.o
  UNUSED   00000c ........ ........    __create_frame_and_save_gpr_25 librt_E200z0_VLE_Soft.a D:\w\EPPC\workspace_codegen\ewl\EWL_Runtime\Runtime_PA_CmdLineData\librt_E200z0_VLE_Soft\obj\runtime.o
  UNUSED   00000c ........ ........    __create_frame_and_save_gpr_24 librt_E200z0_VLE_Soft.a D:\w\EPPC\workspace_codegen\ewl\EWL_Runtime\Runtime_PA_CmdLineData\librt_E200z0_VLE_Soft\obj\runtime.o
  UNUSED   00000c ........ ........    __create_frame_and_save_gpr_23 librt_E200z0_VLE_Soft.a D:\w\EPPC\workspace_codegen\ewl\EWL_Runtime\Runtime_PA_CmdLineData\librt_E200z0_VLE_Soft\obj\runtime.o
  UNUSED   00000c ........ ........    __create_frame_and_save_gpr_22 librt_E200z0_VLE_Soft.a D:\w\EPPC\workspace_codegen\ewl\EWL_Runtime\Runtime_PA_CmdLineData\librt_E200z0_VLE_Soft\obj\runtime.o
  00004328 00000c 00007328 00004a68  2 __create_frame_and_save_gpr_21 	librt_E200z0_VLE_Soft.a D:\w\EPPC\workspace_codegen\ewl\EWL_Runtime\Runtime_PA_CmdLineData\librt_E200z0_VLE_Soft\obj\runtime.o
  UNUSED   00000c ........ ........    __create_frame_and_save_gpr_20 librt_E200z0_VLE_Soft.a D:\w\EPPC\workspace_codegen\ewl\EWL_Runtime\Runtime_PA_CmdLineData\librt_E200z0_VLE_Soft\obj\runtime.o
  UNUSED   00000c ........ ........    __create_frame_and_save_gpr_19 librt_E200z0_VLE_Soft.a D:\w\EPPC\workspace_codegen\ewl\EWL_Runtime\Runtime_PA_CmdLineData\librt_E200z0_VLE_Soft\obj\runtime.o
  UNUSED   00000c ........ ........    __create_frame_and_save_gpr_18 librt_E200z0_VLE_Soft.a D:\w\EPPC\workspace_codegen\ewl\EWL_Runtime\Runtime_PA_CmdLineData\librt_E200z0_VLE_Soft\obj\runtime.o
  UNUSED   00000c ........ ........    __create_frame_and_save_gpr_17 librt_E200z0_VLE_Soft.a D:\w\EPPC\workspace_codegen\ewl\EWL_Runtime\Runtime_PA_CmdLineData\librt_E200z0_VLE_Soft\obj\runtime.o
  UNUSED   00000c ........ ........    __create_frame_and_save_gpr_16 librt_E200z0_VLE_Soft.a D:\w\EPPC\workspace_codegen\ewl\EWL_Runtime\Runtime_PA_CmdLineData\librt_E200z0_VLE_Soft\obj\runtime.o
  UNUSED   00000c ........ ........    __create_frame_and_save_gpr_15 librt_E200z0_VLE_Soft.a D:\w\EPPC\workspace_codegen\ewl\EWL_Runtime\Runtime_PA_CmdLineData\librt_E200z0_VLE_Soft\obj\runtime.o
  UNUSED   00000c ........ ........    __create_frame_and_save_gpr_14 librt_E200z0_VLE_Soft.a D:\w\EPPC\workspace_codegen\ewl\EWL_Runtime\Runtime_PA_CmdLineData\librt_E200z0_VLE_Soft\obj\runtime.o
  UNUSED   0000c4 ........ ........    __div2u librt_E200z0_VLE_Soft.a D:\w\EPPC\workspace_codegen\ewl\EWL_Runtime\Runtime_PA_CmdLineData\librt_E200z0_VLE_Soft\obj\runtime.o
  UNUSED   000108 ........ ........    __div2i librt_E200z0_VLE_Soft.a D:\w\EPPC\workspace_codegen\ewl\EWL_Runtime\Runtime_PA_CmdLineData\librt_E200z0_VLE_Soft\obj\runtime.o
  UNUSED   0000ba ........ ........    __mod2u librt_E200z0_VLE_Soft.a D:\w\EPPC\workspace_codegen\ewl\EWL_Runtime\Runtime_PA_CmdLineData\librt_E200z0_VLE_Soft\obj\runtime.o
  UNUSED   0000e2 ........ ........    __mod2i librt_E200z0_VLE_Soft.a D:\w\EPPC\workspace_codegen\ewl\EWL_Runtime\Runtime_PA_CmdLineData\librt_E200z0_VLE_Soft\obj\runtime.o
  UNUSED   00001a ........ ........    __shl2i librt_E200z0_VLE_Soft.a D:\w\EPPC\workspace_codegen\ewl\EWL_Runtime\Runtime_PA_CmdLineData\librt_E200z0_VLE_Soft\obj\runtime.o
  UNUSED   00001a ........ ........    __shr2u librt_E200z0_VLE_Soft.a D:\w\EPPC\workspace_codegen\ewl\EWL_Runtime\Runtime_PA_CmdLineData\librt_E200z0_VLE_Soft\obj\runtime.o
  UNUSED   00001c ........ ........    __shr2i librt_E200z0_VLE_Soft.a D:\w\EPPC\workspace_codegen\ewl\EWL_Runtime\Runtime_PA_CmdLineData\librt_E200z0_VLE_Soft\obj\runtime.o
  00004334 000000 00007334 00004a74  1 .text.205 	librt_E200z0_VLE_Soft.a D:\w\EPPC\workspace_codegen\ewl\EWL_Runtime\Runtime_PA_CmdLineData\librt_E200z0_VLE_Soft\obj\runtime.o


.rodata section layout
  Starting        Virtual  File
  address  Size   address  offset
  ---------------------------------
  00000000 00000c 00007338 00004a78  1 .rodata 	__ppc_eabi_init_c.obj 
  00000000 00000c 00007338 00004a78  4 @22 	__ppc_eabi_init_c.obj 
  0000000c 000004 00007348 00004a88  8 *fill*
  00000010 0000b0 00007348 00004a88  1 .rodata 	ff_c.obj 
  00000010 000080 00007348 00004a88  8 ExCvt 	ff_c.obj 
  00000090 00000d 000073c8 00004b08  4 LfnOfs 	ff_c.obj 
  000000a0 000020 000073d8 00004b18  8 @LOCAL@get_ldnumber__FPPCc@str 	ff_c.obj 
  UNUSED   000016 ........ ........    @LOCAL@f_mkfs__FPCcUcUs@vst ff_c.obj 
  UNUSED   000016 ........ ........    @LOCAL@f_mkfs__FPCcUcUs@cst@0 ff_c.obj 
  000000c0 0004c0 000073f8 00004b38  1 .rodata 	ccsbcs_c.obj 
  000000c0 000100 000073f8 00004b38  8 Tbl 	ccsbcs_c.obj 
  000001c0 0001e0 000074f8 00004c38  8 @LOCAL@ff_wtoupper__FUs@tbl_lower 	ccsbcs_c.obj 
  000003a0 0001e0 000076d8 00004e18  8 @LOCAL@ff_wtoupper__FUs@tbl_upper@0 	ccsbcs_c.obj 
  00000580 00000f 000078b8 00004ff8  1 .rodata 	SD_hardware_c.obj 
  00000580 00000f 000078b8 00004ff8  4 @250 	SD_hardware_c.obj 
  0000058f 000001 000078c8 00005008  8 *fill*
  00000590 000100 000078c8 00005008  1 .rodata 	libc_E200z0_VLE_Soft.a D:\w\EPPC\workspace_codegen\ewl\EWL_C\EWL_C.PA_CmdLineData\libc_E200z0_VLE_Soft\obj\ctype.o
  00000590 000100 000078c8 00005008  8 __ctype_mapC 	libc_E200z0_VLE_Soft.a D:\w\EPPC\workspace_codegen\ewl\EWL_C\EWL_C.PA_CmdLineData\libc_E200z0_VLE_Soft\obj\ctype.o
  UNUSED   000080 ........ ........    __lower_mapC libc_E200z0_VLE_Soft.a D:\w\EPPC\workspace_codegen\ewl\EWL_C\EWL_C.PA_CmdLineData\libc_E200z0_VLE_Soft\obj\ctype.o
  UNUSED   000080 ........ ........    __upper_mapC libc_E200z0_VLE_Soft.a D:\w\EPPC\workspace_codegen\ewl\EWL_C\EWL_C.PA_CmdLineData\libc_E200z0_VLE_Soft\obj\ctype.o


.ctors section layout
  Starting        Virtual  File
  address  Size   address  offset
  ---------------------------------


.dtors section layout
  Starting        Virtual  File
  address  Size   address  offset
  ---------------------------------


extab section layout
  Starting        Virtual  File
  address  Size   address  offset
  ---------------------------------


extabindex section layout
  Starting        Virtual  File
  address  Size   address  offset
  ---------------------------------


.__uninitialized_intc_handlertable section layout
  Starting        Virtual  File
  address  Size   address  offset
  ---------------------------------
  00000000 000348 40000000 00005800  1 .__uninitialized_intc_handlertable 	IntcInterrupts_c.obj 
  00000000 000348 40000000 00005800  8 INTCInterruptsHandlerTable 	IntcInterrupts_c.obj 


.data section layout
  Starting        Virtual  File
  address  Size   address  offset
  ---------------------------------
  00000000 000009 40000348 00005800  1 .data 	ff_c.obj 
  00000000 000009 40000348 00005800  4 @939 	ff_c.obj 
  UNUSED   000010 ........ ........    @1916 ff_c.obj 
  UNUSED   00000c ........ ........    @2082 ff_c.obj 
  UNUSED   000014 ........ ........    @2083 ff_c.obj 
  UNUSED   000014 ........ ........    @2084 ff_c.obj 
  UNUSED   00005c ........ ........    @2286 ff_c.obj 
  00000009 000007 40000358 00005810  8 *fill*
  00000010 00000e 40000358 00005810  1 .data 	WRITE_SD_c.obj 
  00000010 00000e 40000358 00005810  4 @127 	WRITE_SD_c.obj 
  0000001e 000002 40000368 00005820  8 *fill*
  00000020 000009 40000368 00005820  1 .data 	SD_hardware_c.obj 
  00000020 000009 40000368 00005820  4 @281 	SD_hardware_c.obj 
  00000029 000007 40000378 00005830  8 *fill*
  00000030 000084 40000378 00005830  1 .data 	libc_E200z0_VLE_Soft.a D:\w\EPPC\workspace_codegen\ewl\EWL_C\EWL_C.PA_CmdLineData\libc_E200z0_VLE_Soft\obj\printformat_.o
  00000030 000084 40000378 00005830  4 @248 	libc_E200z0_VLE_Soft.a D:\w\EPPC\workspace_codegen\ewl\EWL_C\EWL_C.PA_CmdLineData\libc_E200z0_VLE_Soft\obj\printformat_.o


.sdata section layout
  Starting        Virtual  File
  address  Size   address  offset
  ---------------------------------
  00000000 000035 40000400 000058b8  1 .sdata 	ff_c.obj 
  00000000 000007 40000400 000058b8  4 @940 	ff_c.obj 
  00000008 000004 40000408 000058c0  4 @1003 	ff_c.obj 
  0000000c 000005 4000040c 000058c4  4 @1004 	ff_c.obj 
  00000014 000003 40000414 000058cc  4 @1005 	ff_c.obj 
  00000018 000004 40000418 000058d0  4 @1006 	ff_c.obj 
  0000001c 000004 4000041c 000058d4  4 @1007 	ff_c.obj 
  00000020 000005 40000420 000058d8  4 @1008 	ff_c.obj 
  00000028 000005 40000428 000058e0  4 @1009 	ff_c.obj 
  00000030 000005 40000430 000058e8  4 @1010 	ff_c.obj 
  00000035 000003 40000438 000058f0  8 *fill*
  00000038 000008 40000438 000058f0  1 .sdata 	WRITE_SD_c.obj 
  00000038 000008 40000438 000058f0  8 @107 	WRITE_SD_c.obj 
  00000040 000003 40000440 000058f8  1 .sdata 	SD_hardware_c.obj 
  00000040 000003 40000440 000058f8  4 @239 	SD_hardware_c.obj 
  00000043 000005 40000448 00005900  8 *fill*
  00000048 000001 40000448 00005900  1 .sdata 	libc_E200z0_VLE_Soft.a D:\w\EPPC\workspace_codegen\ewl\EWL_C\EWL_C.PA_CmdLineData\libc_E200z0_VLE_Soft\obj\printformat_.o
  00000048 000001 40000448 00005900  4 @650 	libc_E200z0_VLE_Soft.a D:\w\EPPC\workspace_codegen\ewl\EWL_C\EWL_C.PA_CmdLineData\libc_E200z0_VLE_Soft\obj\printformat_.o


.sbss section layout
  Starting        Virtual  File
  address  Size   address  offset
  ---------------------------------
  00000000 000008 40000450 00005908  1 .sbss 	ff_c.obj 
  00000000 000002 40000450 00005908  2 Fsid 	ff_c.obj 
  00000004 000004 40000454 0000590c  4 FatFs 	ff_c.obj 
  00000008 000008 40000458 00005910  1 .sbss 	libc_E200z0_VLE_Soft.a D:\w\EPPC\workspace_codegen\ewl\EWL_C\EWL_C.PA_CmdLineData\libc_E200z0_VLE_Soft\obj\abort_exit.o
  UNUSED   000004 ........ ........    __atexit_curr_func_C libc_E200z0_VLE_Soft.a D:\w\EPPC\workspace_codegen\ewl\EWL_C\EWL_C.PA_CmdLineData\libc_E200z0_VLE_Soft\obj\abort_exit.o
  00000008 000004 40000458 00005910  4 __stdio_exit 	libc_E200z0_VLE_Soft.a D:\w\EPPC\workspace_codegen\ewl\EWL_C\EWL_C.PA_CmdLineData\libc_E200z0_VLE_Soft\obj\abort_exit.o
  0000000c 000004 4000045c 00005914  4 __console_exit 	libc_E200z0_VLE_Soft.a D:\w\EPPC\workspace_codegen\ewl\EWL_C\EWL_C.PA_CmdLineData\libc_E200z0_VLE_Soft\obj\abort_exit.o
  00000010 000004 40000460 00005918  1 .sbss 	librt_E200z0_VLE_Soft.a D:\w\EPPC\workspace_codegen\ewl\EWL_Runtime\Runtime_PA_CmdLineData\librt_E200z0_VLE_Soft\obj\global_destructor_chain.o
  UNUSED   000004 ........ ........    atexit_curr_func librt_E200z0_VLE_Soft.a D:\w\EPPC\workspace_codegen\ewl\EWL_Runtime\Runtime_PA_CmdLineData\librt_E200z0_VLE_Soft\obj\global_destructor_chain.o
  00000010 000004 40000460 00005918  4 __global_destructor_chain 	librt_E200z0_VLE_Soft.a D:\w\EPPC\workspace_codegen\ewl\EWL_Runtime\Runtime_PA_CmdLineData\librt_E200z0_VLE_Soft\obj\global_destructor_chain.o


.sdata2 section layout
  Starting        Virtual  File
  address  Size   address  offset
  ---------------------------------


.sbss2 section layout
  Starting        Virtual  File
  address  Size   address  offset
  ---------------------------------


.bss section layout
  Starting        Virtual  File
  address  Size   address  offset
  ---------------------------------
  00000000 003000 40000468 00005908  1 .bss 	main_c.obj 
  00000000 003000 40000468 00005908  8 result 	main_c.obj 
  00003000 000200 40003468 00008908  1 .bss 	ff_c.obj 
  00003000 000200 40003468 00008908  8 LfnBuf 	ff_c.obj 
  00003200 000244 40003668 00008b08  1 .bss 	WRITE_SD_c.obj 
  00003200 00001e 40003668 00008b08  4 tchar 	WRITE_SD_c.obj 
  00003220 000224 40003688 00008b28  4 fil 	WRITE_SD_c.obj 
  00003444 000004 400038b0 00008d50  8 *fill*
  00003448 000230 400038b0 00008d50  1 .bss 	SD_hardware_c.obj 
  00003448 000230 400038b0 00008d50  8 fatfs1 	SD_hardware_c.obj 


Memory map:
                       Starting Size     File     ROM      RAM Buffer  S-Record
                       address           Offset   Address  Address     Line
       .__bam_bootarea 00000000 00000008 000002e0 00000000 00000000          2
                 .init 00000008 00000098 000002e8 00000008 00000008          3
             .init_vle 000000a0 0000020c 00000380 000000a0 000000a0         11
    .ivor_branch_table 00001000 000000f4 00000590 00001000 00001000         38
  .intc_hw_branch_table 000010f4 00000000 00000800 000010f4 000010f4          0
  .__exception_handlers 00001100 000000a4 00000690 00001100 00001100         51
             .text_vle 00003000 00004334 00000740 00003000 00003000         60
               .rodata 00007338 00000690 00004a78 00007338 00007338        921
                .ctors 000079c8 00000000 00005108 000079c8 000079c8          0
                .dtors 000079c8 00000000 00005108 000079c8 000079c8          0
                 extab 000079c8 00000000 00005108 000079c8 000079c8          0
            extabindex 000079c8 00000000 00005108 000079c8 000079c8          0
  .__uninitialized_intc_handlertable 40000000 00000348 00005800 00008000 00008000          0
                 .data 40000348 000000b4 00005800 00008000 00008000       1005
                .sdata 40000400 0000004c 000058b8 000080b8 000080b8       1014
                 .sbss 40000450 00000014 00005908 00008108 00008108          0
               .sdata2 40000464 00000000 00005908 00008108 00008108          0
                .sbss2 40000464 00000000 00005908 00008108 00008108          0
                  .bss 40000468 00003678 00005908 00008108 00008108          0
      .PPC.EMB.apuinfo 0000f060 00000000 00014970 00017168 00017168          0
         .debug_abbrev          00000177 00005908
           .debug_info          0000510d 00005a7f
           .debug_line          00005835 0000ab8c
            .debug_loc          00002193 000103c1
       .debug_pubnames          000007ed 00012554


Linker generated symbols:
       EXCEPTION_HANDLERS 00001000
          L2SRAM_LOCATION 40000000
               L2SRAM_CNT 00000100
        _f___bam_bootarea 00000000
    _f___bam_bootarea_rom 00000000
        _e___bam_bootarea 00000008
                  _f_init 00000008
              _f_init_rom 00000008
                  _e_init 000000a0
              _f_init_vle 000000a0
          _f_init_vle_rom 000000a0
              _e_init_vle 000002ac
     _f_ivor_branch_table 00001000
 _f_ivor_branch_table_rom 00001000
     _e_ivor_branch_table 000010f4
  _f_intc_hw_branch_table 000010f4
_f_intc_hw_branch_table_rom 000010f4
  _e_intc_hw_branch_table 000010f4
  _f___exception_handlers 00001100
_f___exception_handlers_rom 00001100
  _e___exception_handlers 000011a4
                  _f_text 00003000
              _f_text_rom 00003000
                  _e_text 00003000
              _f_text_vle 00003000
          _f_text_vle_rom 00003000
              _e_text_vle 00007334
                _f_rodata 00007338
            _f_rodata_rom 00007338
                _e_rodata 000079c8
                 _f_ctors 000079c8
             _f_ctors_rom 000079c8
                 _e_ctors 000079c8
                 _f_dtors 000079c8
             _f_dtors_rom 000079c8
                 _e_dtors 000079c8
                  _fextab 000079c8
              _fextab_rom 000079c8
                  _eextab 000079c8
             _fextabindex 000079c8
         _fextabindex_rom 000079c8
             _eextabindex 000079c8
_f___uninitialized_intc_handlertable 40000000
_e___uninitialized_intc_handlertable 40000348
                  _f_data 40000348
              _f_data_rom 00008000
                  _e_data 400003fc
                 _f_sdata 40000400
             _f_sdata_rom 000080b8
                 _e_sdata 4000044c
                  _f_sbss 40000450
                  _e_sbss 40000464
                _f_sdata2 40000464
            _f_sdata2_rom 00008108
                _e_sdata2 40000464
                 _f_sbss2 40000464
                 _e_sbss2 40000464
                   _f_bss 40000468
                   _e_bss 40003ae0
              _stack_addr 40008000
               _stack_end 40007000
               _heap_addr 40006000
                _heap_end 40007000
             _nbfunctions 00000070
           SIZEOF_HEADERS 000002e0
               _SDA_BASE_ 40008400
              _SDA2_BASE_ 40008464
           _ABS_SDA_BASE_ 40008400
          _ABS_SDA2_BASE_ 40008464
                 _SP_INIT 40008000
             __HEAP_START 40006000
              __mem_limit 40007000
           __stack_safety 00000010
