Link map of __startup
  1] __startup (func,global) found in MPC5604B_Startup_c.obj 
   2] __start (func,global) found in librt_E200z0_VLE_Soft.a D:\w\EPPC\workspace_codegen\ewl\EWL_Runtime\Runtime_PA_CmdLineData\librt_E200z0_VLE_Soft\obj\__start.o
    3] __init_registers (func,weak) found in librt_E200z0_VLE_Soft.a D:\w\EPPC\workspace_codegen\ewl\EWL_Runtime\Runtime_PA_CmdLineData\librt_E200z0_VLE_Soft\obj\__start.o
     4] _stack_addr found as linker generated symbol
     4] _SDA2_BASE_ found as linker generated symbol
     4] _SDA_BASE_ found as linker generated symbol
    3] __init_hardware (func,global) found in __ppc_eabi_init_c.obj 
     4] usr_init (func,global) found in MPC5604B_init_flash_c.obj 
      5] INIT_Derivative (func,global) found in MPC5604B_HWInit_c.obj 
       6] L2SRAM_LOCATION found as linker generated symbol
       6] L2SRAM_CNT found as linker generated symbol
      5] EXCEP_InitExceptionHandlers (func,global) found in Exceptions_c.obj 
       6] EXCEPTION_HANDLERS found as linker generated symbol
      5] INTC_InitINTCInterrupts (func,global) found in IntcInterrupts_c.obj 
       6] INTCInterruptsHandlerTable (object,global) found in IntcInterrupts_c.obj 
    3] __init_data (func,weak) found in librt_E200z0_VLE_Soft.a D:\w\EPPC\workspace_codegen\ewl\EWL_Runtime\Runtime_PA_CmdLineData\librt_E200z0_VLE_Soft\obj\__start.o
     4] _rom_copy_info (object,global) found in Linker Generated Symbol File 
     4] __copy_rom_section (func,global) found in librt_E200z0_VLE_Soft.a D:\w\EPPC\workspace_codegen\ewl\EWL_Runtime\Runtime_PA_CmdLineData\librt_E200z0_VLE_Soft\obj\__start.o
      5] memcpy (func,global) found in librt_E200z0_VLE_Soft.a D:\w\EPPC\workspace_codegen\ewl\EWL_Runtime\Runtime_PA_CmdLineData\librt_E200z0_VLE_Soft\obj\__mem.o
      5] __flush_cache (func,global) found in __ppc_eabi_init_c.obj 
     4] _bss_init_info (object,global) found in Linker Generated Symbol File 
     4] __init_bss_section (func,global) found in librt_E200z0_VLE_Soft.a D:\w\EPPC\workspace_codegen\ewl\EWL_Runtime\Runtime_PA_CmdLineData\librt_E200z0_VLE_Soft\obj\__start.o
      5] memset (func,global) found in librt_E200z0_VLE_Soft.a D:\w\EPPC\workspace_codegen\ewl\EWL_Runtime\Runtime_PA_CmdLineData\librt_E200z0_VLE_Soft\obj\__mem.o
       6] __fill_mem (func,global) found in librt_E200z0_VLE_Soft.a D:\w\EPPC\workspace_codegen\ewl\EWL_Runtime\Runtime_PA_CmdLineData\librt_E200z0_VLE_Soft\obj\__mem.o
    3] __init_user (func,global) found in __ppc_eabi_init_c.obj 
     4] FlashConfig (func,global) found in __ppc_eabi_init_c.obj 
      5] @22 (object,local) found in __ppc_eabi_init_c.obj 
    3] main (func,global) found in main_c.obj 
     4] SYSTEM_Init (func,global) found in MODULE_Init_c.obj 
     4] SIU_Init (func,global) found in MODULE_Init_c.obj 
     4] EMIOS_Cnf (func,global) found in MODULE_Init_c.obj 
     4] init_SD_FatFs (func,global) found in WRITE_SD_c.obj 
      5] SD_Init (func,global) found in SD_hardware_c.obj 
       6] SPI_Init (func,global) found in SD_hardware_c.obj 
       6] delay (func,global) found in SD_hardware_c.obj 
       6] SD_Reset (func,global) found in SD_hardware_c.obj 
        7] SPI_Byte (func,global) found in SD_hardware_c.obj 
        7] SD_send_command (func,global) found in SD_hardware_c.obj 
       6] SPI_4M (func,global) found in SD_hardware_c.obj 
      5] FatFs_Init (func,global) found in SD_hardware_c.obj 
       6] @239 (object,local) found in SD_hardware_c.obj 
       6] fatfs1 (object,global) found in SD_hardware_c.obj 
       6] f_mount (func,global) found in ff_c.obj 
        7] get_ldnumber (func,local) found in ff_c.obj 
         8] @LOCAL@get_ldnumber__FPPCc@str (object,local) found in ff_c.obj 
          9] @1003 (object,local) found in ff_c.obj 
          9] @1004 (object,local) found in ff_c.obj 
          9] @1005 (object,local) found in ff_c.obj 
          9] @1006 (object,local) found in ff_c.obj 
          9] @1007 (object,local) found in ff_c.obj 
          9] @1008 (object,local) found in ff_c.obj 
          9] @1009 (object,local) found in ff_c.obj 
          9] @1010 (object,local) found in ff_c.obj 
        7] FatFs (object,local) found in ff_c.obj 
        7] find_volume (func,local) found in ff_c.obj 
         8] disk_status (func,global) found in diskio_c.obj 
         8] disk_initialize (func,global) found in diskio_c.obj 
         8] check_fs (func,local) found in ff_c.obj 
          9] move_window (func,local) found in ff_c.obj 
           10] sync_window (func,local) found in ff_c.obj 
            11] disk_write (func,global) found in diskio_c.obj 
             12] write_block (func,global) found in SD_hardware_c.obj 
             12] SD_write_multiple_block (func,global) found in SD_hardware_c.obj 
           10] disk_read (func,global) found in diskio_c.obj 
            11] read_block (func,global) found in SD_hardware_c.obj 
         8] Fsid (object,local) found in ff_c.obj 
       6] test_file_system (func,global) found in SD_hardware_c.obj 
        7] @281 (object,local) found in SD_hardware_c.obj 
        7] @250 (object,local) found in SD_hardware_c.obj 
        7] f_open (func,global) found in ff_c.obj 
         8] LfnBuf (object,local) found in ff_c.obj 
         8] follow_path (func,local) found in ff_c.obj 
          9] dir_sdi (func,local) found in ff_c.obj 
           10] get_fat (func,global) found in ff_c.obj 
           10] clust2sect (func,global) found in ff_c.obj 
          9] create_name (func,local) found in ff_c.obj 
           10] ff_convert (func,global) found in ccsbcs_c.obj 
            11] Tbl (object,local) found in ccsbcs_c.obj 
           10] @939 (object,local) found in ff_c.obj 
           10] chk_chr (func,local) found in ff_c.obj 
           10] mem_set (func,local) found in ff_c.obj 
           10] ExCvt (object,local) found in ff_c.obj 
           10] @940 (object,local) found in ff_c.obj 
          9] dir_find (func,local) found in ff_c.obj 
           10] cmp_lfn (func,local) found in ff_c.obj 
            11] LfnOfs (object,local) found in ff_c.obj 
            11] ff_wtoupper (func,global) found in ccsbcs_c.obj 
             12] @LOCAL@ff_wtoupper__FUs@tbl_lower (object,local) found in ccsbcs_c.obj 
             12] @LOCAL@ff_wtoupper__FUs@tbl_upper@0 (object,local) found in ccsbcs_c.obj 
           10] sum_sfn (func,local) found in ff_c.obj 
           10] mem_cmp (func,local) found in ff_c.obj 
           10] dir_next (func,local) found in ff_c.obj 
            11] create_chain (func,local) found in ff_c.obj 
             12] put_fat (func,global) found in ff_c.obj 
          9] ld_clust (func,local) found in ff_c.obj 
         8] dir_register (func,local) found in ff_c.obj 
          9] mem_cpy (func,local) found in ff_c.obj 
          9] gen_numname (func,local) found in ff_c.obj 
          9] dir_alloc (func,local) found in ff_c.obj 
          9] fit_lfn (func,local) found in ff_c.obj 
         8] get_fattime (func,global) found in diskio_c.obj 
         8] st_clust (func,local) found in ff_c.obj 
         8] remove_chain (func,local) found in ff_c.obj 
        7] f_close (func,global) found in ff_c.obj 
         8] f_sync (func,global) found in ff_c.obj 
          9] validate (func,local) found in ff_c.obj 
          9] sync_fs (func,local) found in ff_c.obj 
           10] disk_ioctl (func,global) found in diskio_c.obj 
        7] f_write (func,global) found in ff_c.obj 
        7] f_read (func,global) found in ff_c.obj 
    3] exit (func,global) found in libc_E200z0_VLE_Soft.a D:\w\EPPC\workspace_codegen\ewl\EWL_C\EWL_C.PA_CmdLineData\libc_E200z0_VLE_Soft\obj\abort_exit.o
    3] >>> UNREFERENCED DUPLICATE exit
    3] >>> (func,weak) found in __ppc_eabi_init_c.obj 
     4] __destroy_global_chain (func,global) found in librt_E200z0_VLE_Soft.a D:\w\EPPC\workspace_codegen\ewl\EWL_Runtime\Runtime_PA_CmdLineData\librt_E200z0_VLE_Soft\obj\global_destructor_chain.o
      5] __global_destructor_chain (object,global) found in librt_E200z0_VLE_Soft.a D:\w\EPPC\workspace_codegen\ewl\EWL_Runtime\Runtime_PA_CmdLineData\librt_E200z0_VLE_Soft\obj\global_destructor_chain.o
     4] __stdio_exit (object,global) found in libc_E200z0_VLE_Soft.a D:\w\EPPC\workspace_codegen\ewl\EWL_C\EWL_C.PA_CmdLineData\libc_E200z0_VLE_Soft\obj\abort_exit.o
     4] __console_exit (object,global) found in libc_E200z0_VLE_Soft.a D:\w\EPPC\workspace_codegen\ewl\EWL_C\EWL_C.PA_CmdLineData\libc_E200z0_VLE_Soft\obj\abort_exit.o
     4] _ExitProcess (func,weak) found in __ppc_eabi_init_c.obj 
     4] __restore_frame_and_exit (func,global) found in librt_E200z0_VLE_Soft.a D:\w\EPPC\workspace_codegen\ewl\EWL_Runtime\Runtime_PA_CmdLineData\librt_E200z0_VLE_Soft\obj\runtime.o
  1] bam_rchw (object,global) found in MPC5604B_init_flash_c.obj 
  1] bam_resetvector (object,global) found in MPC5604B_init_flash_c.obj 
  1] EXCEP_DefaultExceptionHandler (func,global) found in Exceptions_c.obj 
  1] INTC_INTCInterruptHandler (func,global) found in IntcInterrupts_c.obj 
  1] ivor_branch_table_p0 (func,global) found in ivor_branch_table_c.obj 
    3] .init (section,local) found in MPC5604B_init_flash_c.obj 
    3] .init.13 (notype,local) found in MPC5604B_init_flash_c.obj 
    3] .init (section,local) found in MPC5604B_Startup_c.obj 
    3] .init.21 (notype,local) found in MPC5604B_Startup_c.obj 
    3] .text (section,local) found in MPC5604B_HWInit_c.obj 
    3] .text.12 (notype,local) found in MPC5604B_HWInit_c.obj 
    3] .text (section,local) found in main_c.obj 
    3] .text.42 (notype,local) found in main_c.obj 
    3] .ivor_branch_table (section,local) found in ivor_branch_table_c.obj 
    3] .ivor_branch_table.24 (notype,local) found in ivor_branch_table_c.obj 
    3] .text (section,local) found in ff_c.obj 
    3] .text.2474 (notype,local) found in ff_c.obj 
    3] .text (section,local) found in diskio_c.obj 
    3] .text.94 (notype,local) found in diskio_c.obj 
    3] .text (section,local) found in ccsbcs_c.obj 
    3] .text.117 (notype,local) found in ccsbcs_c.obj 
    3] .text (section,local) found in WRITE_SD_c.obj 
    3] .text.142 (notype,local) found in WRITE_SD_c.obj 
    3] .text (section,local) found in SD_hardware_c.obj 
    3] .text.337 (notype,local) found in SD_hardware_c.obj 
    3] .text (section,local) found in MODULE_Init_c.obj 
    3] .text.95 (notype,local) found in MODULE_Init_c.obj 
    3] .text (section,local) found in libc_E200z0_VLE_Soft.a D:\w\EPPC\workspace_codegen\ewl\EWL_C\EWL_C.PA_CmdLineData\libc_E200z0_VLE_Soft\obj\abort_exit.o
    3] .text.86 (notype,local) found in libc_E200z0_VLE_Soft.a D:\w\EPPC\workspace_codegen\ewl\EWL_C\EWL_C.PA_CmdLineData\libc_E200z0_VLE_Soft\obj\abort_exit.o
    3] .init (section,local) found in librt_E200z0_VLE_Soft.a D:\w\EPPC\workspace_codegen\ewl\EWL_Runtime\Runtime_PA_CmdLineData\librt_E200z0_VLE_Soft\obj\__start.o
    3] .init.104 (notype,local) found in librt_E200z0_VLE_Soft.a D:\w\EPPC\workspace_codegen\ewl\EWL_Runtime\Runtime_PA_CmdLineData\librt_E200z0_VLE_Soft\obj\__start.o
    3] .text (section,local) found in librt_E200z0_VLE_Soft.a D:\w\EPPC\workspace_codegen\ewl\EWL_Runtime\Runtime_PA_CmdLineData\librt_E200z0_VLE_Soft\obj\global_destructor_chain.o
    3] .text.104 (notype,local) found in librt_E200z0_VLE_Soft.a D:\w\EPPC\workspace_codegen\ewl\EWL_Runtime\Runtime_PA_CmdLineData\librt_E200z0_VLE_Soft\obj\global_destructor_chain.o
    3] .text (section,local) found in librt_E200z0_VLE_Soft.a D:\w\EPPC\workspace_codegen\ewl\EWL_Runtime\Runtime_PA_CmdLineData\librt_E200z0_VLE_Soft\obj\runtime.o
    3] .text.205 (notype,local) found in librt_E200z0_VLE_Soft.a D:\w\EPPC\workspace_codegen\ewl\EWL_Runtime\Runtime_PA_CmdLineData\librt_E200z0_VLE_Soft\obj\runtime.o


.__bam_bootarea section layout
  Starting        Virtual  File
  address  Size   address  offset
  ---------------------------------
  00000000 000008 00000000 000002e0  1 .__bam_bootarea 	MPC5604B_init_flash_c.obj 
  00000000 000004 00000000 000002e0  4 bam_rchw 	MPC5604B_init_flash_c.obj 
  00000004 000004 00000004 000002e4  4 bam_resetvector 	MPC5604B_init_flash_c.obj 


.init section layout
  Starting        Virtual  File
  address  Size   address  offset
  ---------------------------------
  00000000 000098 00000008 000002e8  1 .init 	Linker Generated Symbol File 
  00000000 000078 00000008 000002e8  4 _rom_copy_info 	Linker Generated Symbol File 
  00000078 000020 00000080 00000360  4 _bss_init_info 	Linker Generated Symbol File 


.init_vle section layout
  Starting        Virtual  File
  address  Size   address  offset
  ---------------------------------
  00000000 00002c 000000a0 00000380  1 .init 	__ppc_eabi_init_c.obj 
  00000000 00000a 000000a0 00000380  2 __init_hardware 	__ppc_eabi_init_c.obj 
  0000000a 000022 000000aa 0000038a  2 __flush_cache 	__ppc_eabi_init_c.obj 
  0000002c 000012 000000cc 000003ac  1 .init 	MPC5604B_init_flash_c.obj 
  0000002c 000012 000000cc 000003ac  2 usr_init 	MPC5604B_init_flash_c.obj 
  0000003e 000000 000000de 000003be  1 .init.13 	MPC5604B_init_flash_c.obj 
  0000003e 000002 000000e0 000003c0  4 *fill*
  00000040 000004 000000e0 000003c0  1 .init 	MPC5604B_Startup_c.obj 
  00000040 000004 000000e0 000003c0  4 __startup 	MPC5604B_Startup_c.obj 
  00000044 000000 000000e4 000003c4  1 .init.21 	MPC5604B_Startup_c.obj 
  00000044 0000f4 000000e4 000003c4  1 .init 	librt_E200z0_VLE_Soft.a D:\w\EPPC\workspace_codegen\ewl\EWL_Runtime\Runtime_PA_CmdLineData\librt_E200z0_VLE_Soft\obj\__start.o
  00000044 000048 000000e4 000003c4  2 __start 	librt_E200z0_VLE_Soft.a D:\w\EPPC\workspace_codegen\ewl\EWL_Runtime\Runtime_PA_CmdLineData\librt_E200z0_VLE_Soft\obj\__start.o
  0000008c 000030 0000012c 0000040c  2 __copy_rom_section 	librt_E200z0_VLE_Soft.a D:\w\EPPC\workspace_codegen\ewl\EWL_Runtime\Runtime_PA_CmdLineData\librt_E200z0_VLE_Soft\obj\__start.o
  000000bc 00000e 0000015c 0000043c  2 __init_bss_section 	librt_E200z0_VLE_Soft.a D:\w\EPPC\workspace_codegen\ewl\EWL_Runtime\Runtime_PA_CmdLineData\librt_E200z0_VLE_Soft\obj\__start.o
  000000ca 00001a 0000016a 0000044a  2 __init_registers 	librt_E200z0_VLE_Soft.a D:\w\EPPC\workspace_codegen\ewl\EWL_Runtime\Runtime_PA_CmdLineData\librt_E200z0_VLE_Soft\obj\__start.o
  000000e4 000054 00000184 00000464  2 __init_data 	librt_E200z0_VLE_Soft.a D:\w\EPPC\workspace_codegen\ewl\EWL_Runtime\Runtime_PA_CmdLineData\librt_E200z0_VLE_Soft\obj\__start.o
  00000138 000000 000001d8 000004b8  1 .init.104 	librt_E200z0_VLE_Soft.a D:\w\EPPC\workspace_codegen\ewl\EWL_Runtime\Runtime_PA_CmdLineData\librt_E200z0_VLE_Soft\obj\__start.o
  00000138 0000d4 000001d8 000004b8  1 .init 	librt_E200z0_VLE_Soft.a D:\w\EPPC\workspace_codegen\ewl\EWL_Runtime\Runtime_PA_CmdLineData\librt_E200z0_VLE_Soft\obj\__mem.o
  00000138 000038 000001d8 000004b8  2 memcpy 	librt_E200z0_VLE_Soft.a D:\w\EPPC\workspace_codegen\ewl\EWL_Runtime\Runtime_PA_CmdLineData\librt_E200z0_VLE_Soft\obj\__mem.o
  00000170 000082 00000210 000004f0  2 __fill_mem 	librt_E200z0_VLE_Soft.a D:\w\EPPC\workspace_codegen\ewl\EWL_Runtime\Runtime_PA_CmdLineData\librt_E200z0_VLE_Soft\obj\__mem.o
  000001f2 00001a 00000292 00000572  2 memset 	librt_E200z0_VLE_Soft.a D:\w\EPPC\workspace_codegen\ewl\EWL_Runtime\Runtime_PA_CmdLineData\librt_E200z0_VLE_Soft\obj\__mem.o


.ivor_branch_table section layout
  Starting        Virtual  File
  address  Size   address  offset
  ---------------------------------
  00000000 0000f2 00001000 00000590  1 .ivor_branch_table 	ivor_branch_table_c.obj 
  00000000 0000f2 00001000 00000590 16 ivor_branch_table_p0 	ivor_branch_table_c.obj 
  000000f2 000000 000010f2 00000682  1 .ivor_branch_table.24 	ivor_branch_table_c.obj 


.intc_hw_branch_table section layout
  Starting        Virtual  File
  address  Size   address  offset
  ---------------------------------


.__exception_handlers section layout
  Starting        Virtual  File
  address  Size   address  offset
  ---------------------------------
  00000000 000096 00001100 00000690  1 .__exception_handlers 	IntcInterrupts_c.obj 
  00000000 000096 00001100 00000690 16 INTC_INTCInterruptHandler 	IntcInterrupts_c.obj 
  00000096 00000a 000011a0 00000730 16 *fill*
  000000a0 000002 000011a0 00000730  1 .__exception_handlers 	Exceptions_c.obj 
  000000a0 000002 000011a0 00000730 16 EXCEP_DefaultExceptionHandler 	Exceptions_c.obj 


.text section layout
  Starting        Virtual  File
  address  Size   address  offset
  ---------------------------------


.text_vle section layout
  Starting        Virtual  File
  address  Size   address  offset
  ---------------------------------
  00000000 000052 00003000 00000740  1 .text 	__ppc_eabi_init_c.obj 
  00000000 00003e 00003000 00000740  2 FlashConfig 	__ppc_eabi_init_c.obj 
  0000003e 000012 0000303e 0000077e  2 __init_user 	__ppc_eabi_init_c.obj 
  00000050 000002 00003050 00000790  2 _ExitProcess 	__ppc_eabi_init_c.obj 
  00000052 000050 00003052 00000792  1 .text 	MPC5604B_HWInit_c.obj 
  00000052 000050 00003052 00000792  2 INIT_Derivative 	MPC5604B_HWInit_c.obj 
  UNUSED   000002 ........ ........    INIT_ExternalBusAndMemory MPC5604B_HWInit_c.obj 
  000000a2 000000 000030a2 000007e2  1 .text.12 	MPC5604B_HWInit_c.obj 
  000000a2 000040 000030a2 000007e2  1 .text 	main_c.obj 
  000000a2 000040 000030a2 000007e2  2 main 	main_c.obj 
  UNUSED   000166 ........ ........    Single_Collection main_c.obj 
  000000e2 000000 000030e2 00000822  1 .text.42 	main_c.obj 
  000000e2 002514 000030e2 00000822  1 .text 	ff_c.obj 
  000000e2 00002a 000030e2 00000822  2 mem_cpy 	ff_c.obj 
  0000010c 000022 0000310c 0000084c  2 mem_set 	ff_c.obj 
  0000012e 00003c 0000312e 0000086e  2 mem_cmp 	ff_c.obj 
  0000016a 000014 0000316a 000008aa  2 chk_chr 	ff_c.obj 
  0000017e 000076 0000317e 000008be  2 sync_window 	ff_c.obj 
  000001f4 000052 000031f4 00000934  2 move_window 	ff_c.obj 
  00000246 000104 00003246 00000986  2 sync_fs 	ff_c.obj 
  0000034a 00001c 0000334a 00000a8a  2 clust2sect 	ff_c.obj 
  00000366 00016c 00003366 00000aa6  2 get_fat 	ff_c.obj 
  000004d2 0001d6 000034d2 00000c12  2 put_fat 	ff_c.obj 
  000006a8 000092 000036a8 00000de8  2 remove_chain 	ff_c.obj 
  0000073a 000100 0000373a 00000e7a  2 create_chain 	ff_c.obj 
  0000083a 0000e6 0000383a 00000f7a  2 dir_sdi 	ff_c.obj 
  00000920 000192 00003920 00001060  2 dir_next 	ff_c.obj 
  00000ab2 00008a 00003ab2 000011f2  2 dir_alloc 	ff_c.obj 
  00000b3c 00003a 00003b3c 0000127c  2 ld_clust 	ff_c.obj 
  00000b76 00002e 00003b76 000012b6  2 st_clust 	ff_c.obj 
  00000ba4 0000e0 00003ba4 000012e4  2 cmp_lfn 	ff_c.obj 
  UNUSED   0000c6 ........ ........    pick_lfn ff_c.obj 
  00000c84 0000be 00003c84 000013c4  2 fit_lfn 	ff_c.obj 
  00000d42 000142 00003d42 00001482  2 gen_numname 	ff_c.obj 
  00000e84 00003e 00003e84 000015c4  2 sum_sfn 	ff_c.obj 
  00000ec2 000170 00003ec2 00001602  2 dir_find 	ff_c.obj 
  UNUSED   000152 ........ ........    dir_read ff_c.obj 
  00001032 0001aa 00004032 00001772  2 dir_register 	ff_c.obj 
  UNUSED   0000a4 ........ ........    dir_remove ff_c.obj 
  UNUSED   00016e ........ ........    get_fileinfo ff_c.obj 
  000011dc 000346 000041dc 0000191c  2 create_name 	ff_c.obj 
  00001522 0000cc 00004522 00001c62  2 follow_path 	ff_c.obj 
  000015ee 0000f0 000045ee 00001d2e  2 get_ldnumber 	ff_c.obj 
  000016de 0000ba 000046de 00001e1e  2 check_fs 	ff_c.obj 
  00001798 000554 00004798 00001ed8  2 find_volume 	ff_c.obj 
  00001cec 000058 00004cec 0000242c  2 validate 	ff_c.obj 
  00001d44 000090 00004d44 00002484  2 f_mount 	ff_c.obj 
  00001dd4 000210 00004dd4 00002514  2 f_open 	ff_c.obj 
  00001fe4 00024e 00004fe4 00002724  2 f_read 	ff_c.obj 
  00002232 00027c 00005232 00002972  2 f_write 	ff_c.obj 
  000024ae 000108 000054ae 00002bee  2 f_sync 	ff_c.obj 
  000025b6 000040 000055b6 00002cf6  2 f_close 	ff_c.obj 
  UNUSED   0001da ........ ........    f_lseek ff_c.obj 
  UNUSED   0000bc ........ ........    f_opendir ff_c.obj 
  UNUSED   000030 ........ ........    f_closedir ff_c.obj 
  UNUSED   000096 ........ ........    f_readdir ff_c.obj 
  UNUSED   000086 ........ ........    f_stat ff_c.obj 
  UNUSED   000126 ........ ........    f_getfree ff_c.obj 
  UNUSED   00010e ........ ........    f_truncate ff_c.obj 
  UNUSED   00013a ........ ........    f_unlink ff_c.obj 
  UNUSED   00021c ........ ........    f_mkdir ff_c.obj 
  UNUSED   0000ae ........ ........    f_chmod ff_c.obj 
  UNUSED   0000b6 ........ ........    f_utime ff_c.obj 
  UNUSED   0001dc ........ ........    f_rename ff_c.obj 
  UNUSED   000124 ........ ........    f_getlabel ff_c.obj 
  UNUSED   000284 ........ ........    f_setlabel ff_c.obj 
  UNUSED   000a30 ........ ........    f_mkfs ff_c.obj 
  UNUSED   000076 ........ ........    f_gets ff_c.obj 
  UNUSED   000082 ........ ........    putc_bfd ff_c.obj 
  UNUSED   000066 ........ ........    f_putc ff_c.obj 
  UNUSED   00007e ........ ........    f_puts ff_c.obj 
  UNUSED   00042a ........ ........    f_printf ff_c.obj 
  000025f6 000000 000055f6 00002d36  1 .text.2474 	ff_c.obj 
  000025f6 0000e4 000055f6 00002d36  1 .text 	diskio_c.obj 
  000025f6 000006 000055f6 00002d36  2 disk_initialize 	diskio_c.obj 
  000025fc 000006 000055fc 00002d3c  2 disk_status 	diskio_c.obj 
  00002602 00005c 00005602 00002d42  2 disk_read 	diskio_c.obj 
  0000265e 00006c 0000565e 00002d9e  2 disk_write 	diskio_c.obj 
  000026ca 00000a 000056ca 00002e0a  2 disk_ioctl 	diskio_c.obj 
  000026d4 000006 000056d4 00002e14  2 get_fattime 	diskio_c.obj 
  000026da 000000 000056da 00002e1a  1 .text.94 	diskio_c.obj 
  000026da 0000f6 000056da 00002e1a  1 .text 	ccsbcs_c.obj 
  000026da 000086 000056da 00002e1a  2 ff_convert 	ccsbcs_c.obj 
  00002760 000070 00005760 00002ea0  2 ff_wtoupper 	ccsbcs_c.obj 
  000027d0 000000 000057d0 00002f10  1 .text.117 	ccsbcs_c.obj 
  000027d0 00002a 000057d0 00002f10  1 .text 	WRITE_SD_c.obj 
  000027d0 00002a 000057d0 00002f10  2 init_SD_FatFs 	WRITE_SD_c.obj 
  UNUSED   000062 ........ ........    file_create WRITE_SD_c.obj 
  UNUSED   0000f2 ........ ........    WRITE_SD WRITE_SD_c.obj 
  000027fa 000000 000057fa 00002f3a  1 .text.142 	WRITE_SD_c.obj 
  000027fa 000708 000057fa 00002f3a  1 .text 	SD_hardware_c.obj 
  000027fa 00002c 000057fa 00002f3a  2 SPI_Init 	SD_hardware_c.obj 
  00002826 00002c 00005826 00002f66  2 SPI_4M 	SD_hardware_c.obj 
  00002852 000038 00005852 00002f92  2 SD_Init 	SD_hardware_c.obj 
  0000288a 00001e 0000588a 00002fca  2 delay 	SD_hardware_c.obj 
  000028a8 00005a 000058a8 00002fe8  2 SPI_Byte 	SD_hardware_c.obj 
  00002902 0000e6 00005902 00003042  2 SD_send_command 	SD_hardware_c.obj 
  000029e8 0000e8 000059e8 00003128  2 SD_Reset 	SD_hardware_c.obj 
  00002ad0 0000a6 00005ad0 00003210  2 read_block 	SD_hardware_c.obj 
  00002b76 0000f0 00005b76 000032b6  2 write_block 	SD_hardware_c.obj 
  00002c66 000042 00005c66 000033a6  2 FatFs_Init 	SD_hardware_c.obj 
  00002ca8 000136 00005ca8 000033e8  2 test_file_system 	SD_hardware_c.obj 
  00002dde 000124 00005dde 0000351e  2 SD_write_multiple_block 	SD_hardware_c.obj 
  00002f02 000000 00005f02 00003642  1 .text.337 	SD_hardware_c.obj 
  00002f02 000464 00005f02 00003642  1 .text 	MODULE_Init_c.obj 
  00002f02 00008a 00005f02 00003642  2 SYSTEM_Init 	MODULE_Init_c.obj 
  00002f8c 0001b2 00005f8c 000036cc  2 SIU_Init 	MODULE_Init_c.obj 
  0000313e 000228 0000613e 0000387e  2 EMIOS_Cnf 	MODULE_Init_c.obj 
  UNUSED   00000a ........ ........    Read_Stm MODULE_Init_c.obj 
  UNUSED   0000fa ........ ........    ADC_Init MODULE_Init_c.obj 
  UNUSED   00004a ........ ........    ADC_Enable MODULE_Init_c.obj 
  UNUSED   00004c ........ ........    ADC_Volt MODULE_Init_c.obj 
  UNUSED   00004c ........ ........    ADC_Vcurrent MODULE_Init_c.obj 
  UNUSED   0000b0 ........ ........    ADC_Detection MODULE_Init_c.obj 
  UNUSED   000002 ........ ........    Measure_Conf MODULE_Init_c.obj 
  00003366 000000 00006366 00003aa6  1 .text.95 	MODULE_Init_c.obj 
  00003366 000022 00006366 00003aa6  1 .text 	IntcInterrupts_c.obj 
  UNUSED   00002c ........ ........    INTC_InstallINTCInterruptHandler IntcInterrupts_c.obj 
  00003366 000022 00006366 00003aa6  2 INTC_InitINTCInterrupts 	IntcInterrupts_c.obj 
  00003388 00000e 00006388 00003ac8  1 .text 	Exceptions_c.obj 
  00003388 00000e 00006388 00003ac8  2 EXCEP_InitExceptionHandlers 	Exceptions_c.obj 
  00003396 000040 00006396 00003ad6  1 .text 	libc_E200z0_VLE_Soft.a D:\w\EPPC\workspace_codegen\ewl\EWL_C\EWL_C.PA_CmdLineData\libc_E200z0_VLE_Soft\obj\abort_exit.o
  UNUSED   00002c ........ ........    abort libc_E200z0_VLE_Soft.a D:\w\EPPC\workspace_codegen\ewl\EWL_C\EWL_C.PA_CmdLineData\libc_E200z0_VLE_Soft\obj\abort_exit.o
  UNUSED   000004 ........ ........    atexit libc_E200z0_VLE_Soft.a D:\w\EPPC\workspace_codegen\ewl\EWL_C\EWL_C.PA_CmdLineData\libc_E200z0_VLE_Soft\obj\abort_exit.o
  00003396 000040 00006396 00003ad6  2 exit 	libc_E200z0_VLE_Soft.a D:\w\EPPC\workspace_codegen\ewl\EWL_C\EWL_C.PA_CmdLineData\libc_E200z0_VLE_Soft\obj\abort_exit.o
  UNUSED   00002a ........ ........    __atexit libc_E200z0_VLE_Soft.a D:\w\EPPC\workspace_codegen\ewl\EWL_C\EWL_C.PA_CmdLineData\libc_E200z0_VLE_Soft\obj\abort_exit.o
  UNUSED   000056 ........ ........    __exit libc_E200z0_VLE_Soft.a D:\w\EPPC\workspace_codegen\ewl\EWL_C\EWL_C.PA_CmdLineData\libc_E200z0_VLE_Soft\obj\abort_exit.o
  000033d6 000000 000063d6 00003b16  1 .text.86 	libc_E200z0_VLE_Soft.a D:\w\EPPC\workspace_codegen\ewl\EWL_C\EWL_C.PA_CmdLineData\libc_E200z0_VLE_Soft\obj\abort_exit.o
  000033d6 000032 000063d6 00003b16  1 .text 	librt_E200z0_VLE_Soft.a D:\w\EPPC\workspace_codegen\ewl\EWL_Runtime\Runtime_PA_CmdLineData\librt_E200z0_VLE_Soft\obj\global_destructor_chain.o
  UNUSED   000010 ........ ........    __register_global_object librt_E200z0_VLE_Soft.a D:\w\EPPC\workspace_codegen\ewl\EWL_Runtime\Runtime_PA_CmdLineData\librt_E200z0_VLE_Soft\obj\global_destructor_chain.o
  000033d6 000032 000063d6 00003b16  2 __destroy_global_chain 	librt_E200z0_VLE_Soft.a D:\w\EPPC\workspace_codegen\ewl\EWL_Runtime\Runtime_PA_CmdLineData\librt_E200z0_VLE_Soft\obj\global_destructor_chain.o
  UNUSED   00003a ........ ........    __register_atexit librt_E200z0_VLE_Soft.a D:\w\EPPC\workspace_codegen\ewl\EWL_Runtime\Runtime_PA_CmdLineData\librt_E200z0_VLE_Soft\obj\global_destructor_chain.o
  00003408 000000 00006408 00003b48  1 .text.104 	librt_E200z0_VLE_Soft.a D:\w\EPPC\workspace_codegen\ewl\EWL_Runtime\Runtime_PA_CmdLineData\librt_E200z0_VLE_Soft\obj\global_destructor_chain.o
  00003408 000008 00006408 00003b48  1 .text 	librt_E200z0_VLE_Soft.a D:\w\EPPC\workspace_codegen\ewl\EWL_Runtime\Runtime_PA_CmdLineData\librt_E200z0_VLE_Soft\obj\runtime.o
  UNUSED   00004a ........ ........    __save_gpr librt_E200z0_VLE_Soft.a D:\w\EPPC\workspace_codegen\ewl\EWL_Runtime\Runtime_PA_CmdLineData\librt_E200z0_VLE_Soft\obj\runtime.o
  UNUSED   000000 ........ ........    _savegpr_14 librt_E200z0_VLE_Soft.a D:\w\EPPC\workspace_codegen\ewl\EWL_Runtime\Runtime_PA_CmdLineData\librt_E200z0_VLE_Soft\obj\runtime.o
  UNUSED   000000 ........ ........    _save32gpr_14 librt_E200z0_VLE_Soft.a D:\w\EPPC\workspace_codegen\ewl\EWL_Runtime\Runtime_PA_CmdLineData\librt_E200z0_VLE_Soft\obj\runtime.o
  UNUSED   000000 ........ ........    _savegpr_15 librt_E200z0_VLE_Soft.a D:\w\EPPC\workspace_codegen\ewl\EWL_Runtime\Runtime_PA_CmdLineData\librt_E200z0_VLE_Soft\obj\runtime.o
  UNUSED   000000 ........ ........    _save32gpr_15 librt_E200z0_VLE_Soft.a D:\w\EPPC\workspace_codegen\ewl\EWL_Runtime\Runtime_PA_CmdLineData\librt_E200z0_VLE_Soft\obj\runtime.o
  UNUSED   000000 ........ ........    _savegpr_16 librt_E200z0_VLE_Soft.a D:\w\EPPC\workspace_codegen\ewl\EWL_Runtime\Runtime_PA_CmdLineData\librt_E200z0_VLE_Soft\obj\runtime.o
  UNUSED   000000 ........ ........    _save32gpr_16 librt_E200z0_VLE_Soft.a D:\w\EPPC\workspace_codegen\ewl\EWL_Runtime\Runtime_PA_CmdLineData\librt_E200z0_VLE_Soft\obj\runtime.o
  UNUSED   000000 ........ ........    _savegpr_17 librt_E200z0_VLE_Soft.a D:\w\EPPC\workspace_codegen\ewl\EWL_Runtime\Runtime_PA_CmdLineData\librt_E200z0_VLE_Soft\obj\runtime.o
  UNUSED   000000 ........ ........    _save32gpr_17 librt_E200z0_VLE_Soft.a D:\w\EPPC\workspace_codegen\ewl\EWL_Runtime\Runtime_PA_CmdLineData\librt_E200z0_VLE_Soft\obj\runtime.o
  UNUSED   000000 ........ ........    _savegpr_18 librt_E200z0_VLE_Soft.a D:\w\EPPC\workspace_codegen\ewl\EWL_Runtime\Runtime_PA_CmdLineData\librt_E200z0_VLE_Soft\obj\runtime.o
  UNUSED   000000 ........ ........    _save32gpr_18 librt_E200z0_VLE_Soft.a D:\w\EPPC\workspace_codegen\ewl\EWL_Runtime\Runtime_PA_CmdLineData\librt_E200z0_VLE_Soft\obj\runtime.o
  UNUSED   000000 ........ ........    _savegpr_19 librt_E200z0_VLE_Soft.a D:\w\EPPC\workspace_codegen\ewl\EWL_Runtime\Runtime_PA_CmdLineData\librt_E200z0_VLE_Soft\obj\runtime.o
  UNUSED   000000 ........ ........    _save32gpr_19 librt_E200z0_VLE_Soft.a D:\w\EPPC\workspace_codegen\ewl\EWL_Runtime\Runtime_PA_CmdLineData\librt_E200z0_VLE_Soft\obj\runtime.o
  UNUSED   000000 ........ ........    _savegpr_20 librt_E200z0_VLE_Soft.a D:\w\EPPC\workspace_codegen\ewl\EWL_Runtime\Runtime_PA_CmdLineData\librt_E200z0_VLE_Soft\obj\runtime.o
  UNUSED   000000 ........ ........    _save32gpr_20 librt_E200z0_VLE_Soft.a D:\w\EPPC\workspace_codegen\ewl\EWL_Runtime\Runtime_PA_CmdLineData\librt_E200z0_VLE_Soft\obj\runtime.o
  UNUSED   000000 ........ ........    _savegpr_21 librt_E200z0_VLE_Soft.a D:\w\EPPC\workspace_codegen\ewl\EWL_Runtime\Runtime_PA_CmdLineData\librt_E200z0_VLE_Soft\obj\runtime.o
  UNUSED   000000 ........ ........    _save32gpr_21 librt_E200z0_VLE_Soft.a D:\w\EPPC\workspace_codegen\ewl\EWL_Runtime\Runtime_PA_CmdLineData\librt_E200z0_VLE_Soft\obj\runtime.o
  UNUSED   000000 ........ ........    _savegpr_22 librt_E200z0_VLE_Soft.a D:\w\EPPC\workspace_codegen\ewl\EWL_Runtime\Runtime_PA_CmdLineData\librt_E200z0_VLE_Soft\obj\runtime.o
  UNUSED   000000 ........ ........    _save32gpr_22 librt_E200z0_VLE_Soft.a D:\w\EPPC\workspace_codegen\ewl\EWL_Runtime\Runtime_PA_CmdLineData\librt_E200z0_VLE_Soft\obj\runtime.o
  UNUSED   000000 ........ ........    _savegpr_23 librt_E200z0_VLE_Soft.a D:\w\EPPC\workspace_codegen\ewl\EWL_Runtime\Runtime_PA_CmdLineData\librt_E200z0_VLE_Soft\obj\runtime.o
  UNUSED   000000 ........ ........    _save32gpr_23 librt_E200z0_VLE_Soft.a D:\w\EPPC\workspace_codegen\ewl\EWL_Runtime\Runtime_PA_CmdLineData\librt_E200z0_VLE_Soft\obj\runtime.o
  UNUSED   000000 ........ ........    _savegpr_24 librt_E200z0_VLE_Soft.a D:\w\EPPC\workspace_codegen\ewl\EWL_Runtime\Runtime_PA_CmdLineData\librt_E200z0_VLE_Soft\obj\runtime.o
  UNUSED   000000 ........ ........    _save32gpr_24 librt_E200z0_VLE_Soft.a D:\w\EPPC\workspace_codegen\ewl\EWL_Runtime\Runtime_PA_CmdLineData\librt_E200z0_VLE_Soft\obj\runtime.o
  UNUSED   000000 ........ ........    _savegpr_25 librt_E200z0_VLE_Soft.a D:\w\EPPC\workspace_codegen\ewl\EWL_Runtime\Runtime_PA_CmdLineData\librt_E200z0_VLE_Soft\obj\runtime.o
  UNUSED   000000 ........ ........    _save32gpr_25 librt_E200z0_VLE_Soft.a D:\w\EPPC\workspace_codegen\ewl\EWL_Runtime\Runtime_PA_CmdLineData\librt_E200z0_VLE_Soft\obj\runtime.o
  UNUSED   000000 ........ ........    _savegpr_26 librt_E200z0_VLE_Soft.a D:\w\EPPC\workspace_codegen\ewl\EWL_Runtime\Runtime_PA_CmdLineData\librt_E200z0_VLE_Soft\obj\runtime.o
  UNUSED   000000 ........ ........    _save32gpr_26 librt_E200z0_VLE_Soft.a D:\w\EPPC\workspace_codegen\ewl\EWL_Runtime\Runtime_PA_CmdLineData\librt_E200z0_VLE_Soft\obj\runtime.o
  UNUSED   000000 ........ ........    _savegpr_27 librt_E200z0_VLE_Soft.a D:\w\EPPC\workspace_codegen\ewl\EWL_Runtime\Runtime_PA_CmdLineData\librt_E200z0_VLE_Soft\obj\runtime.o
  UNUSED   000000 ........ ........    _save32gpr_27 librt_E200z0_VLE_Soft.a D:\w\EPPC\workspace_codegen\ewl\EWL_Runtime\Runtime_PA_CmdLineData\librt_E200z0_VLE_Soft\obj\runtime.o
  UNUSED   000000 ........ ........    _savegpr_28 librt_E200z0_VLE_Soft.a D:\w\EPPC\workspace_codegen\ewl\EWL_Runtime\Runtime_PA_CmdLineData\librt_E200z0_VLE_Soft\obj\runtime.o
  UNUSED   000000 ........ ........    _save32gpr_28 librt_E200z0_VLE_Soft.a D:\w\EPPC\workspace_codegen\ewl\EWL_Runtime\Runtime_PA_CmdLineData\librt_E200z0_VLE_Soft\obj\runtime.o
  UNUSED   000000 ........ ........    _savegpr_29 librt_E200z0_VLE_Soft.a D:\w\EPPC\workspace_codegen\ewl\EWL_Runtime\Runtime_PA_CmdLineData\librt_E200z0_VLE_Soft\obj\runtime.o
  UNUSED   000000 ........ ........    _save32gpr_29 librt_E200z0_VLE_Soft.a D:\w\EPPC\workspace_codegen\ewl\EWL_Runtime\Runtime_PA_CmdLineData\librt_E200z0_VLE_Soft\obj\runtime.o
  UNUSED   000000 ........ ........    _savegpr_30 librt_E200z0_VLE_Soft.a D:\w\EPPC\workspace_codegen\ewl\EWL_Runtime\Runtime_PA_CmdLineData\librt_E200z0_VLE_Soft\obj\runtime.o
  UNUSED   000000 ........ ........    _save32gpr_30 librt_E200z0_VLE_Soft.a D:\w\EPPC\workspace_codegen\ewl\EWL_Runtime\Runtime_PA_CmdLineData\librt_E200z0_VLE_Soft\obj\runtime.o
  UNUSED   000000 ........ ........    _savegpr_31 librt_E200z0_VLE_Soft.a D:\w\EPPC\workspace_codegen\ewl\EWL_Runtime\Runtime_PA_CmdLineData\librt_E200z0_VLE_Soft\obj\runtime.o
  UNUSED   000000 ........ ........    _save32gpr_31 librt_E200z0_VLE_Soft.a D:\w\EPPC\workspace_codegen\ewl\EWL_Runtime\Runtime_PA_CmdLineData\librt_E200z0_VLE_Soft\obj\runtime.o
  UNUSED   00004a ........ ........    __restore_gpr librt_E200z0_VLE_Soft.a D:\w\EPPC\workspace_codegen\ewl\EWL_Runtime\Runtime_PA_CmdLineData\librt_E200z0_VLE_Soft\obj\runtime.o
  UNUSED   000000 ........ ........    _restgpr_14 librt_E200z0_VLE_Soft.a D:\w\EPPC\workspace_codegen\ewl\EWL_Runtime\Runtime_PA_CmdLineData\librt_E200z0_VLE_Soft\obj\runtime.o
  UNUSED   000000 ........ ........    _rest32gpr_14 librt_E200z0_VLE_Soft.a D:\w\EPPC\workspace_codegen\ewl\EWL_Runtime\Runtime_PA_CmdLineData\librt_E200z0_VLE_Soft\obj\runtime.o
  UNUSED   000000 ........ ........    _restgpr_15 librt_E200z0_VLE_Soft.a D:\w\EPPC\workspace_codegen\ewl\EWL_Runtime\Runtime_PA_CmdLineData\librt_E200z0_VLE_Soft\obj\runtime.o
  UNUSED   000000 ........ ........    _rest32gpr_15 librt_E200z0_VLE_Soft.a D:\w\EPPC\workspace_codegen\ewl\EWL_Runtime\Runtime_PA_CmdLineData\librt_E200z0_VLE_Soft\obj\runtime.o
  UNUSED   000000 ........ ........    _restgpr_16 librt_E200z0_VLE_Soft.a D:\w\EPPC\workspace_codegen\ewl\EWL_Runtime\Runtime_PA_CmdLineData\librt_E200z0_VLE_Soft\obj\runtime.o
  UNUSED   000000 ........ ........    _rest32gpr_16 librt_E200z0_VLE_Soft.a D:\w\EPPC\workspace_codegen\ewl\EWL_Runtime\Runtime_PA_CmdLineData\librt_E200z0_VLE_Soft\obj\runtime.o
  UNUSED   000000 ........ ........    _restgpr_17 librt_E200z0_VLE_Soft.a D:\w\EPPC\workspace_codegen\ewl\EWL_Runtime\Runtime_PA_CmdLineData\librt_E200z0_VLE_Soft\obj\runtime.o
  UNUSED   000000 ........ ........    _rest32gpr_17 librt_E200z0_VLE_Soft.a D:\w\EPPC\workspace_codegen\ewl\EWL_Runtime\Runtime_PA_CmdLineData\librt_E200z0_VLE_Soft\obj\runtime.o
  UNUSED   000000 ........ ........    _restgpr_18 librt_E200z0_VLE_Soft.a D:\w\EPPC\workspace_codegen\ewl\EWL_Runtime\Runtime_PA_CmdLineData\librt_E200z0_VLE_Soft\obj\runtime.o
  UNUSED   000000 ........ ........    _rest32gpr_18 librt_E200z0_VLE_Soft.a D:\w\EPPC\workspace_codegen\ewl\EWL_Runtime\Runtime_PA_CmdLineData\librt_E200z0_VLE_Soft\obj\runtime.o
  UNUSED   000000 ........ ........    _restgpr_19 librt_E200z0_VLE_Soft.a D:\w\EPPC\workspace_codegen\ewl\EWL_Runtime\Runtime_PA_CmdLineData\librt_E200z0_VLE_Soft\obj\runtime.o
  UNUSED   000000 ........ ........    _rest32gpr_19 librt_E200z0_VLE_Soft.a D:\w\EPPC\workspace_codegen\ewl\EWL_Runtime\Runtime_PA_CmdLineData\librt_E200z0_VLE_Soft\obj\runtime.o
  UNUSED   000000 ........ ........    _restgpr_20 librt_E200z0_VLE_Soft.a D:\w\EPPC\workspace_codegen\ewl\EWL_Runtime\Runtime_PA_CmdLineData\librt_E200z0_VLE_Soft\obj\runtime.o
  UNUSED   000000 ........ ........    _rest32gpr_20 librt_E200z0_VLE_Soft.a D:\w\EPPC\workspace_codegen\ewl\EWL_Runtime\Runtime_PA_CmdLineData\librt_E200z0_VLE_Soft\obj\runtime.o
  UNUSED   000000 ........ ........    _restgpr_21 librt_E200z0_VLE_Soft.a D:\w\EPPC\workspace_codegen\ewl\EWL_Runtime\Runtime_PA_CmdLineData\librt_E200z0_VLE_Soft\obj\runtime.o
  UNUSED   000000 ........ ........    _rest32gpr_21 librt_E200z0_VLE_Soft.a D:\w\EPPC\workspace_codegen\ewl\EWL_Runtime\Runtime_PA_CmdLineData\librt_E200z0_VLE_Soft\obj\runtime.o
  UNUSED   000000 ........ ........    _restgpr_22 librt_E200z0_VLE_Soft.a D:\w\EPPC\workspace_codegen\ewl\EWL_Runtime\Runtime_PA_CmdLineData\librt_E200z0_VLE_Soft\obj\runtime.o
  UNUSED   000000 ........ ........    _rest32gpr_22 librt_E200z0_VLE_Soft.a D:\w\EPPC\workspace_codegen\ewl\EWL_Runtime\Runtime_PA_CmdLineData\librt_E200z0_VLE_Soft\obj\runtime.o
  UNUSED   000000 ........ ........    _restgpr_23 librt_E200z0_VLE_Soft.a D:\w\EPPC\workspace_codegen\ewl\EWL_Runtime\Runtime_PA_CmdLineData\librt_E200z0_VLE_Soft\obj\runtime.o
  UNUSED   000000 ........ ........    _rest32gpr_23 librt_E200z0_VLE_Soft.a D:\w\EPPC\workspace_codegen\ewl\EWL_Runtime\Runtime_PA_CmdLineData\librt_E200z0_VLE_Soft\obj\runtime.o
  UNUSED   000000 ........ ........    _restgpr_24 librt_E200z0_VLE_Soft.a D:\w\EPPC\workspace_codegen\ewl\EWL_Runtime\Runtime_PA_CmdLineData\librt_E200z0_VLE_Soft\obj\runtime.o
  UNUSED   000000 ........ ........    _rest32gpr_24 librt_E200z0_VLE_Soft.a D:\w\EPPC\workspace_codegen\ewl\EWL_Runtime\Runtime_PA_CmdLineData\librt_E200z0_VLE_Soft\obj\runtime.o
  UNUSED   000000 ........ ........    _restgpr_25 librt_E200z0_VLE_Soft.a D:\w\EPPC\workspace_codegen\ewl\EWL_Runtime\Runtime_PA_CmdLineData\librt_E200z0_VLE_Soft\obj\runtime.o
  UNUSED   000000 ........ ........    _rest32gpr_25 librt_E200z0_VLE_Soft.a D:\w\EPPC\workspace_codegen\ewl\EWL_Runtime\Runtime_PA_CmdLineData\librt_E200z0_VLE_Soft\obj\runtime.o
  UNUSED   000000 ........ ........    _restgpr_26 librt_E200z0_VLE_Soft.a D:\w\EPPC\workspace_codegen\ewl\EWL_Runtime\Runtime_PA_CmdLineData\librt_E200z0_VLE_Soft\obj\runtime.o
  UNUSED   000000 ........ ........    _rest32gpr_26 librt_E200z0_VLE_Soft.a D:\w\EPPC\workspace_codegen\ewl\EWL_Runtime\Runtime_PA_CmdLineData\librt_E200z0_VLE_Soft\obj\runtime.o
  UNUSED   000000 ........ ........    _restgpr_27 librt_E200z0_VLE_Soft.a D:\w\EPPC\workspace_codegen\ewl\EWL_Runtime\Runtime_PA_CmdLineData\librt_E200z0_VLE_Soft\obj\runtime.o
  UNUSED   000000 ........ ........    _rest32gpr_27 librt_E200z0_VLE_Soft.a D:\w\EPPC\workspace_codegen\ewl\EWL_Runtime\Runtime_PA_CmdLineData\librt_E200z0_VLE_Soft\obj\runtime.o
  UNUSED   000000 ........ ........    _restgpr_28 librt_E200z0_VLE_Soft.a D:\w\EPPC\workspace_codegen\ewl\EWL_Runtime\Runtime_PA_CmdLineData\librt_E200z0_VLE_Soft\obj\runtime.o
  UNUSED   000000 ........ ........    _rest32gpr_28 librt_E200z0_VLE_Soft.a D:\w\EPPC\workspace_codegen\ewl\EWL_Runtime\Runtime_PA_CmdLineData\librt_E200z0_VLE_Soft\obj\runtime.o
  UNUSED   000000 ........ ........    _restgpr_29 librt_E200z0_VLE_Soft.a D:\w\EPPC\workspace_codegen\ewl\EWL_Runtime\Runtime_PA_CmdLineData\librt_E200z0_VLE_Soft\obj\runtime.o
  UNUSED   000000 ........ ........    _rest32gpr_29 librt_E200z0_VLE_Soft.a D:\w\EPPC\workspace_codegen\ewl\EWL_Runtime\Runtime_PA_CmdLineData\librt_E200z0_VLE_Soft\obj\runtime.o
  UNUSED   000000 ........ ........    _restgpr_30 librt_E200z0_VLE_Soft.a D:\w\EPPC\workspace_codegen\ewl\EWL_Runtime\Runtime_PA_CmdLineData\librt_E200z0_VLE_Soft\obj\runtime.o
  UNUSED   000000 ........ ........    _rest32gpr_30 librt_E200z0_VLE_Soft.a D:\w\EPPC\workspace_codegen\ewl\EWL_Runtime\Runtime_PA_CmdLineData\librt_E200z0_VLE_Soft\obj\runtime.o
  UNUSED   000000 ........ ........    _restgpr_31 librt_E200z0_VLE_Soft.a D:\w\EPPC\workspace_codegen\ewl\EWL_Runtime\Runtime_PA_CmdLineData\librt_E200z0_VLE_Soft\obj\runtime.o
  UNUSED   000000 ........ ........    _rest32gpr_31 librt_E200z0_VLE_Soft.a D:\w\EPPC\workspace_codegen\ewl\EWL_Runtime\Runtime_PA_CmdLineData\librt_E200z0_VLE_Soft\obj\runtime.o
  00003408 000008 00006408 00003b48  2 __restore_frame_and_exit 	librt_E200z0_VLE_Soft.a D:\w\EPPC\workspace_codegen\ewl\EWL_Runtime\Runtime_PA_CmdLineData\librt_E200z0_VLE_Soft\obj\runtime.o
  UNUSED   000000 ........ ........    __finish_restore_frame_and_exit2 librt_E200z0_VLE_Soft.a D:\w\EPPC\workspace_codegen\ewl\EWL_Runtime\Runtime_PA_CmdLineData\librt_E200z0_VLE_Soft\obj\runtime.o
  UNUSED   00000a ........ ........    __restore_gpr_31_exit librt_E200z0_VLE_Soft.a D:\w\EPPC\workspace_codegen\ewl\EWL_Runtime\Runtime_PA_CmdLineData\librt_E200z0_VLE_Soft\obj\runtime.o
  UNUSED   000000 ........ ........    __finish_restore_frame_and_exit librt_E200z0_VLE_Soft.a D:\w\EPPC\workspace_codegen\ewl\EWL_Runtime\Runtime_PA_CmdLineData\librt_E200z0_VLE_Soft\obj\runtime.o
  UNUSED   000008 ........ ........    __restore_gpr_30_exit librt_E200z0_VLE_Soft.a D:\w\EPPC\workspace_codegen\ewl\EWL_Runtime\Runtime_PA_CmdLineData\librt_E200z0_VLE_Soft\obj\runtime.o
  UNUSED   000008 ........ ........    __restore_gpr_29_exit librt_E200z0_VLE_Soft.a D:\w\EPPC\workspace_codegen\ewl\EWL_Runtime\Runtime_PA_CmdLineData\librt_E200z0_VLE_Soft\obj\runtime.o
  UNUSED   000008 ........ ........    __restore_gpr_28_exit librt_E200z0_VLE_Soft.a D:\w\EPPC\workspace_codegen\ewl\EWL_Runtime\Runtime_PA_CmdLineData\librt_E200z0_VLE_Soft\obj\runtime.o
  UNUSED   000008 ........ ........    __restore_gpr_27_exit librt_E200z0_VLE_Soft.a D:\w\EPPC\workspace_codegen\ewl\EWL_Runtime\Runtime_PA_CmdLineData\librt_E200z0_VLE_Soft\obj\runtime.o
  UNUSED   000008 ........ ........    __restore_gpr_26_exit librt_E200z0_VLE_Soft.a D:\w\EPPC\workspace_codegen\ewl\EWL_Runtime\Runtime_PA_CmdLineData\librt_E200z0_VLE_Soft\obj\runtime.o
  UNUSED   00000a ........ ........    __restore_gpr_25_exit librt_E200z0_VLE_Soft.a D:\w\EPPC\workspace_codegen\ewl\EWL_Runtime\Runtime_PA_CmdLineData\librt_E200z0_VLE_Soft\obj\runtime.o
  UNUSED   000008 ........ ........    __restore_gpr_24_exit librt_E200z0_VLE_Soft.a D:\w\EPPC\workspace_codegen\ewl\EWL_Runtime\Runtime_PA_CmdLineData\librt_E200z0_VLE_Soft\obj\runtime.o
  UNUSED   000008 ........ ........    __restore_gpr_23_exit librt_E200z0_VLE_Soft.a D:\w\EPPC\workspace_codegen\ewl\EWL_Runtime\Runtime_PA_CmdLineData\librt_E200z0_VLE_Soft\obj\runtime.o
  UNUSED   000008 ........ ........    __restore_gpr_22_exit librt_E200z0_VLE_Soft.a D:\w\EPPC\workspace_codegen\ewl\EWL_Runtime\Runtime_PA_CmdLineData\librt_E200z0_VLE_Soft\obj\runtime.o
  UNUSED   000008 ........ ........    __restore_gpr_21_exit librt_E200z0_VLE_Soft.a D:\w\EPPC\workspace_codegen\ewl\EWL_Runtime\Runtime_PA_CmdLineData\librt_E200z0_VLE_Soft\obj\runtime.o
  UNUSED   000008 ........ ........    __restore_gpr_20_exit librt_E200z0_VLE_Soft.a D:\w\EPPC\workspace_codegen\ewl\EWL_Runtime\Runtime_PA_CmdLineData\librt_E200z0_VLE_Soft\obj\runtime.o
  UNUSED   000008 ........ ........    __restore_gpr_19_exit librt_E200z0_VLE_Soft.a D:\w\EPPC\workspace_codegen\ewl\EWL_Runtime\Runtime_PA_CmdLineData\librt_E200z0_VLE_Soft\obj\runtime.o
  UNUSED   000008 ........ ........    __restore_gpr_18_exit librt_E200z0_VLE_Soft.a D:\w\EPPC\workspace_codegen\ewl\EWL_Runtime\Runtime_PA_CmdLineData\librt_E200z0_VLE_Soft\obj\runtime.o
  UNUSED   000008 ........ ........    __restore_gpr_17_exit librt_E200z0_VLE_Soft.a D:\w\EPPC\workspace_codegen\ewl\EWL_Runtime\Runtime_PA_CmdLineData\librt_E200z0_VLE_Soft\obj\runtime.o
  UNUSED   000008 ........ ........    __restore_gpr_16_exit librt_E200z0_VLE_Soft.a D:\w\EPPC\workspace_codegen\ewl\EWL_Runtime\Runtime_PA_CmdLineData\librt_E200z0_VLE_Soft\obj\runtime.o
  UNUSED   000008 ........ ........    __restore_gpr_15_exit librt_E200z0_VLE_Soft.a D:\w\EPPC\workspace_codegen\ewl\EWL_Runtime\Runtime_PA_CmdLineData\librt_E200z0_VLE_Soft\obj\runtime.o
  UNUSED   000008 ........ ........    __restore_gpr_14_exit librt_E200z0_VLE_Soft.a D:\w\EPPC\workspace_codegen\ewl\EWL_Runtime\Runtime_PA_CmdLineData\librt_E200z0_VLE_Soft\obj\runtime.o
  UNUSED   00000c ........ ........    __create_frame librt_E200z0_VLE_Soft.a D:\w\EPPC\workspace_codegen\ewl\EWL_Runtime\Runtime_PA_CmdLineData\librt_E200z0_VLE_Soft\obj\runtime.o
  UNUSED   000000 ........ ........    __save_lr librt_E200z0_VLE_Soft.a D:\w\EPPC\workspace_codegen\ewl\EWL_Runtime\Runtime_PA_CmdLineData\librt_E200z0_VLE_Soft\obj\runtime.o
  UNUSED   00000c ........ ........    __create_frame_and_save_gpr_31 librt_E200z0_VLE_Soft.a D:\w\EPPC\workspace_codegen\ewl\EWL_Runtime\Runtime_PA_CmdLineData\librt_E200z0_VLE_Soft\obj\runtime.o
  UNUSED   00000c ........ ........    __create_frame_and_save_gpr_30 librt_E200z0_VLE_Soft.a D:\w\EPPC\workspace_codegen\ewl\EWL_Runtime\Runtime_PA_CmdLineData\librt_E200z0_VLE_Soft\obj\runtime.o
  UNUSED   00000c ........ ........    __create_frame_and_save_gpr_29 librt_E200z0_VLE_Soft.a D:\w\EPPC\workspace_codegen\ewl\EWL_Runtime\Runtime_PA_CmdLineData\librt_E200z0_VLE_Soft\obj\runtime.o
  UNUSED   00000c ........ ........    __create_frame_and_save_gpr_28 librt_E200z0_VLE_Soft.a D:\w\EPPC\workspace_codegen\ewl\EWL_Runtime\Runtime_PA_CmdLineData\librt_E200z0_VLE_Soft\obj\runtime.o
  UNUSED   00000c ........ ........    __create_frame_and_save_gpr_27 librt_E200z0_VLE_Soft.a D:\w\EPPC\workspace_codegen\ewl\EWL_Runtime\Runtime_PA_CmdLineData\librt_E200z0_VLE_Soft\obj\runtime.o
  UNUSED   00000c ........ ........    __create_frame_and_save_gpr_26 librt_E200z0_VLE_Soft.a D:\w\EPPC\workspace_codegen\ewl\EWL_Runtime\Runtime_PA_CmdLineData\librt_E200z0_VLE_Soft\obj\runtime.o
  UNUSED   00000c ........ ........    __create_frame_and_save_gpr_25 librt_E200z0_VLE_Soft.a D:\w\EPPC\workspace_codegen\ewl\EWL_Runtime\Runtime_PA_CmdLineData\librt_E200z0_VLE_Soft\obj\runtime.o
  UNUSED   00000c ........ ........    __create_frame_and_save_gpr_24 librt_E200z0_VLE_Soft.a D:\w\EPPC\workspace_codegen\ewl\EWL_Runtime\Runtime_PA_CmdLineData\librt_E200z0_VLE_Soft\obj\runtime.o
  UNUSED   00000c ........ ........    __create_frame_and_save_gpr_23 librt_E200z0_VLE_Soft.a D:\w\EPPC\workspace_codegen\ewl\EWL_Runtime\Runtime_PA_CmdLineData\librt_E200z0_VLE_Soft\obj\runtime.o
  UNUSED   00000c ........ ........    __create_frame_and_save_gpr_22 librt_E200z0_VLE_Soft.a D:\w\EPPC\workspace_codegen\ewl\EWL_Runtime\Runtime_PA_CmdLineData\librt_E200z0_VLE_Soft\obj\runtime.o
  UNUSED   00000c ........ ........    __create_frame_and_save_gpr_21 librt_E200z0_VLE_Soft.a D:\w\EPPC\workspace_codegen\ewl\EWL_Runtime\Runtime_PA_CmdLineData\librt_E200z0_VLE_Soft\obj\runtime.o
  UNUSED   00000c ........ ........    __create_frame_and_save_gpr_20 librt_E200z0_VLE_Soft.a D:\w\EPPC\workspace_codegen\ewl\EWL_Runtime\Runtime_PA_CmdLineData\librt_E200z0_VLE_Soft\obj\runtime.o
  UNUSED   00000c ........ ........    __create_frame_and_save_gpr_19 librt_E200z0_VLE_Soft.a D:\w\EPPC\workspace_codegen\ewl\EWL_Runtime\Runtime_PA_CmdLineData\librt_E200z0_VLE_Soft\obj\runtime.o
  UNUSED   00000c ........ ........    __create_frame_and_save_gpr_18 librt_E200z0_VLE_Soft.a D:\w\EPPC\workspace_codegen\ewl\EWL_Runtime\Runtime_PA_CmdLineData\librt_E200z0_VLE_Soft\obj\runtime.o
  UNUSED   00000c ........ ........    __create_frame_and_save_gpr_17 librt_E200z0_VLE_Soft.a D:\w\EPPC\workspace_codegen\ewl\EWL_Runtime\Runtime_PA_CmdLineData\librt_E200z0_VLE_Soft\obj\runtime.o
  UNUSED   00000c ........ ........    __create_frame_and_save_gpr_16 librt_E200z0_VLE_Soft.a D:\w\EPPC\workspace_codegen\ewl\EWL_Runtime\Runtime_PA_CmdLineData\librt_E200z0_VLE_Soft\obj\runtime.o
  UNUSED   00000c ........ ........    __create_frame_and_save_gpr_15 librt_E200z0_VLE_Soft.a D:\w\EPPC\workspace_codegen\ewl\EWL_Runtime\Runtime_PA_CmdLineData\librt_E200z0_VLE_Soft\obj\runtime.o
  UNUSED   00000c ........ ........    __create_frame_and_save_gpr_14 librt_E200z0_VLE_Soft.a D:\w\EPPC\workspace_codegen\ewl\EWL_Runtime\Runtime_PA_CmdLineData\librt_E200z0_VLE_Soft\obj\runtime.o
  UNUSED   0000c4 ........ ........    __div2u librt_E200z0_VLE_Soft.a D:\w\EPPC\workspace_codegen\ewl\EWL_Runtime\Runtime_PA_CmdLineData\librt_E200z0_VLE_Soft\obj\runtime.o
  UNUSED   000108 ........ ........    __div2i librt_E200z0_VLE_Soft.a D:\w\EPPC\workspace_codegen\ewl\EWL_Runtime\Runtime_PA_CmdLineData\librt_E200z0_VLE_Soft\obj\runtime.o
  UNUSED   0000ba ........ ........    __mod2u librt_E200z0_VLE_Soft.a D:\w\EPPC\workspace_codegen\ewl\EWL_Runtime\Runtime_PA_CmdLineData\librt_E200z0_VLE_Soft\obj\runtime.o
  UNUSED   0000e2 ........ ........    __mod2i librt_E200z0_VLE_Soft.a D:\w\EPPC\workspace_codegen\ewl\EWL_Runtime\Runtime_PA_CmdLineData\librt_E200z0_VLE_Soft\obj\runtime.o
  UNUSED   00001a ........ ........    __shl2i librt_E200z0_VLE_Soft.a D:\w\EPPC\workspace_codegen\ewl\EWL_Runtime\Runtime_PA_CmdLineData\librt_E200z0_VLE_Soft\obj\runtime.o
  UNUSED   00001a ........ ........    __shr2u librt_E200z0_VLE_Soft.a D:\w\EPPC\workspace_codegen\ewl\EWL_Runtime\Runtime_PA_CmdLineData\librt_E200z0_VLE_Soft\obj\runtime.o
  UNUSED   00001c ........ ........    __shr2i librt_E200z0_VLE_Soft.a D:\w\EPPC\workspace_codegen\ewl\EWL_Runtime\Runtime_PA_CmdLineData\librt_E200z0_VLE_Soft\obj\runtime.o
  00003410 000000 00006410 00003b50  1 .text.205 	librt_E200z0_VLE_Soft.a D:\w\EPPC\workspace_codegen\ewl\EWL_Runtime\Runtime_PA_CmdLineData\librt_E200z0_VLE_Soft\obj\runtime.o


.rodata section layout
  Starting        Virtual  File
  address  Size   address  offset
  ---------------------------------
  00000000 00000c 00006410 00003b50  1 .rodata 	__ppc_eabi_init_c.obj 
  00000000 00000c 00006410 00003b50  4 @22 	__ppc_eabi_init_c.obj 
  0000000c 000004 00006420 00003b60  8 *fill*
  00000010 0000b0 00006420 00003b60  1 .rodata 	ff_c.obj 
  00000010 000080 00006420 00003b60  8 ExCvt 	ff_c.obj 
  00000090 00000d 000064a0 00003be0  4 LfnOfs 	ff_c.obj 
  000000a0 000020 000064b0 00003bf0  8 @LOCAL@get_ldnumber__FPPCc@str 	ff_c.obj 
  UNUSED   000016 ........ ........    @LOCAL@f_mkfs__FPCcUcUs@vst ff_c.obj 
  UNUSED   000016 ........ ........    @LOCAL@f_mkfs__FPCcUcUs@cst@0 ff_c.obj 
  000000c0 0004c0 000064d0 00003c10  1 .rodata 	ccsbcs_c.obj 
  000000c0 000100 000064d0 00003c10  8 Tbl 	ccsbcs_c.obj 
  000001c0 0001e0 000065d0 00003d10  8 @LOCAL@ff_wtoupper__FUs@tbl_lower 	ccsbcs_c.obj 
  000003a0 0001e0 000067b0 00003ef0  8 @LOCAL@ff_wtoupper__FUs@tbl_upper@0 	ccsbcs_c.obj 
  00000580 00000f 00006990 000040d0  1 .rodata 	SD_hardware_c.obj 
  00000580 00000f 00006990 000040d0  4 @250 	SD_hardware_c.obj 


.ctors section layout
  Starting        Virtual  File
  address  Size   address  offset
  ---------------------------------


.dtors section layout
  Starting        Virtual  File
  address  Size   address  offset
  ---------------------------------


extab section layout
  Starting        Virtual  File
  address  Size   address  offset
  ---------------------------------


extabindex section layout
  Starting        Virtual  File
  address  Size   address  offset
  ---------------------------------


.__uninitialized_intc_handlertable section layout
  Starting        Virtual  File
  address  Size   address  offset
  ---------------------------------
  00000000 000348 40000000 00004800  1 .__uninitialized_intc_handlertable 	IntcInterrupts_c.obj 
  00000000 000348 40000000 00004800  8 INTCInterruptsHandlerTable 	IntcInterrupts_c.obj 


.data section layout
  Starting        Virtual  File
  address  Size   address  offset
  ---------------------------------
  00000000 000009 40000348 00004800  1 .data 	ff_c.obj 
  00000000 000009 40000348 00004800  4 @939 	ff_c.obj 
  UNUSED   000010 ........ ........    @1916 ff_c.obj 
  UNUSED   00000c ........ ........    @2082 ff_c.obj 
  UNUSED   000014 ........ ........    @2083 ff_c.obj 
  UNUSED   000014 ........ ........    @2084 ff_c.obj 
  UNUSED   00005c ........ ........    @2286 ff_c.obj 
  00000009 000007 40000358 00004810  8 *fill*
  00000010 000009 40000358 00004810  1 .data 	SD_hardware_c.obj 
  00000010 000009 40000358 00004810  4 @281 	SD_hardware_c.obj 


.sdata section layout
  Starting        Virtual  File
  address  Size   address  offset
  ---------------------------------
  00000000 000035 40000368 00004820  1 .sdata 	ff_c.obj 
  00000000 000007 40000368 00004820  4 @940 	ff_c.obj 
  00000008 000004 40000370 00004828  4 @1003 	ff_c.obj 
  0000000c 000005 40000374 0000482c  4 @1004 	ff_c.obj 
  00000014 000003 4000037c 00004834  4 @1005 	ff_c.obj 
  00000018 000004 40000380 00004838  4 @1006 	ff_c.obj 
  0000001c 000004 40000384 0000483c  4 @1007 	ff_c.obj 
  00000020 000005 40000388 00004840  4 @1008 	ff_c.obj 
  00000028 000005 40000390 00004848  4 @1009 	ff_c.obj 
  00000030 000005 40000398 00004850  4 @1010 	ff_c.obj 
  00000035 000003 400003a0 00004858  8 *fill*
  00000038 000003 400003a0 00004858  1 .sdata 	SD_hardware_c.obj 
  00000038 000003 400003a0 00004858  4 @239 	SD_hardware_c.obj 


.sbss section layout
  Starting        Virtual  File
  address  Size   address  offset
  ---------------------------------
  00000000 000008 400003a8 00004860  1 .sbss 	ff_c.obj 
  00000000 000002 400003a8 00004860  2 Fsid 	ff_c.obj 
  00000004 000004 400003ac 00004864  4 FatFs 	ff_c.obj 
  00000008 000008 400003b0 00004868  1 .sbss 	libc_E200z0_VLE_Soft.a D:\w\EPPC\workspace_codegen\ewl\EWL_C\EWL_C.PA_CmdLineData\libc_E200z0_VLE_Soft\obj\abort_exit.o
  UNUSED   000004 ........ ........    __atexit_curr_func_C libc_E200z0_VLE_Soft.a D:\w\EPPC\workspace_codegen\ewl\EWL_C\EWL_C.PA_CmdLineData\libc_E200z0_VLE_Soft\obj\abort_exit.o
  00000008 000004 400003b0 00004868  4 __stdio_exit 	libc_E200z0_VLE_Soft.a D:\w\EPPC\workspace_codegen\ewl\EWL_C\EWL_C.PA_CmdLineData\libc_E200z0_VLE_Soft\obj\abort_exit.o
  0000000c 000004 400003b4 0000486c  4 __console_exit 	libc_E200z0_VLE_Soft.a D:\w\EPPC\workspace_codegen\ewl\EWL_C\EWL_C.PA_CmdLineData\libc_E200z0_VLE_Soft\obj\abort_exit.o
  00000010 000004 400003b8 00004870  1 .sbss 	librt_E200z0_VLE_Soft.a D:\w\EPPC\workspace_codegen\ewl\EWL_Runtime\Runtime_PA_CmdLineData\librt_E200z0_VLE_Soft\obj\global_destructor_chain.o
  UNUSED   000004 ........ ........    atexit_curr_func librt_E200z0_VLE_Soft.a D:\w\EPPC\workspace_codegen\ewl\EWL_Runtime\Runtime_PA_CmdLineData\librt_E200z0_VLE_Soft\obj\global_destructor_chain.o
  00000010 000004 400003b8 00004870  4 __global_destructor_chain 	librt_E200z0_VLE_Soft.a D:\w\EPPC\workspace_codegen\ewl\EWL_Runtime\Runtime_PA_CmdLineData\librt_E200z0_VLE_Soft\obj\global_destructor_chain.o


.sdata2 section layout
  Starting        Virtual  File
  address  Size   address  offset
  ---------------------------------


.sbss2 section layout
  Starting        Virtual  File
  address  Size   address  offset
  ---------------------------------


.bss section layout
  Starting        Virtual  File
  address  Size   address  offset
  ---------------------------------
  00000000 000200 400003c0 00004860  1 .bss 	ff_c.obj 
  00000000 000200 400003c0 00004860  8 LfnBuf 	ff_c.obj 
  00000200 000230 400005c0 00004a60  1 .bss 	SD_hardware_c.obj 
  00000200 000230 400005c0 00004a60  8 fatfs1 	SD_hardware_c.obj 


Memory map:
                       Starting Size     File     ROM      RAM Buffer  S-Record
                       address           Offset   Address  Address     Line
       .__bam_bootarea 00000000 00000008 000002e0 00000000 00000000          2
                 .init 00000008 00000098 000002e8 00000008 00000008          3
             .init_vle 000000a0 0000020c 00000380 000000a0 000000a0         11
    .ivor_branch_table 00001000 000000f4 00000590 00001000 00001000         38
  .intc_hw_branch_table 000010f4 00000000 00000800 000010f4 000010f4          0
  .__exception_handlers 00001100 000000a4 00000690 00001100 00001100         51
             .text_vle 00003000 00003410 00000740 00003000 00003000         60
               .rodata 00006410 00000590 00003b50 00006410 00006410        727
                .ctors 000069a0 00000000 000040e0 000069a0 000069a0          0
                .dtors 000069a0 00000000 000040e0 000069a0 000069a0          0
                 extab 000069a0 00000000 000040e0 000069a0 000069a0          0
            extabindex 000069a0 00000000 000040e0 000069a0 000069a0          0
  .__uninitialized_intc_handlertable 40000000 00000348 00004800 00007000 00007000          0
                 .data 40000348 0000001c 00004800 00007000 00007000        799
                .sdata 40000368 0000003c 00004820 00007020 00007020        801
                 .sbss 400003a8 00000014 00004860 00007060 00007060          0
               .sdata2 400003bc 00000000 00004860 00007060 00007060          0
                .sbss2 400003bc 00000000 00004860 00007060 00007060          0
                  .bss 400003c0 00000430 00004860 00007060 00007060          0
      .PPC.EMB.apuinfo 0000af08 00000000 0000f770 00011f68 00011f68          0
         .debug_abbrev          00000165 00004860
           .debug_info          00003dad 000049c5
           .debug_line          00004026 00008772
            .debug_loc          000014f1 0000c798
       .debug_pubnames          000005af 0000dc89


Linker generated symbols:
       EXCEPTION_HANDLERS 00001000
          L2SRAM_LOCATION 40000000
               L2SRAM_CNT 00000100
        _f___bam_bootarea 00000000
    _f___bam_bootarea_rom 00000000
        _e___bam_bootarea 00000008
                  _f_init 00000008
              _f_init_rom 00000008
                  _e_init 000000a0
              _f_init_vle 000000a0
          _f_init_vle_rom 000000a0
              _e_init_vle 000002ac
     _f_ivor_branch_table 00001000
 _f_ivor_branch_table_rom 00001000
     _e_ivor_branch_table 000010f4
  _f_intc_hw_branch_table 000010f4
_f_intc_hw_branch_table_rom 000010f4
  _e_intc_hw_branch_table 000010f4
  _f___exception_handlers 00001100
_f___exception_handlers_rom 00001100
  _e___exception_handlers 000011a4
                  _f_text 00003000
              _f_text_rom 00003000
                  _e_text 00003000
              _f_text_vle 00003000
          _f_text_vle_rom 00003000
              _e_text_vle 00006410
                _f_rodata 00006410
            _f_rodata_rom 00006410
                _e_rodata 000069a0
                 _f_ctors 000069a0
             _f_ctors_rom 000069a0
                 _e_ctors 000069a0
                 _f_dtors 000069a0
             _f_dtors_rom 000069a0
                 _e_dtors 000069a0
                  _fextab 000069a0
              _fextab_rom 000069a0
                  _eextab 000069a0
             _fextabindex 000069a0
         _fextabindex_rom 000069a0
             _eextabindex 000069a0
_f___uninitialized_intc_handlertable 40000000
_e___uninitialized_intc_handlertable 40000348
                  _f_data 40000348
              _f_data_rom 00007000
                  _e_data 40000364
                 _f_sdata 40000368
             _f_sdata_rom 00007020
                 _e_sdata 400003a4
                  _f_sbss 400003a8
                  _e_sbss 400003bc
                _f_sdata2 400003bc
            _f_sdata2_rom 00007060
                _e_sdata2 400003bc
                 _f_sbss2 400003bc
                 _e_sbss2 400003bc
                   _f_bss 400003c0
                   _e_bss 400007f0
              _stack_addr 40008000
               _stack_end 40007000
               _heap_addr 40006000
                _heap_end 40007000
             _nbfunctions 00000054
           SIZEOF_HEADERS 000002e0
               _SDA_BASE_ 40008368
              _SDA2_BASE_ 400083bc
           _ABS_SDA_BASE_ 40008368
          _ABS_SDA2_BASE_ 400083bc
                 _SP_INIT 40008000
             __HEAP_START 40006000
              __mem_limit 40007000
           __stack_safety 00000010
